Archive member included to satisfy reference by file (symbol)

/usr/lib/gcc/avr/5.4.0/../../../avr/lib/avrxmega2/libprintf_flt.a(vfprintf_flt.o)
                              (vfprintf)
/usr/lib/gcc/avr/5.4.0/../../../avr/lib/avrxmega2/libscanf_flt.a(vfscanf_flt.o)
                              (vfscanf)
/usr/lib/gcc/avr/5.4.0/../../../avr/lib/avrxmega2/libm.a(floatsisf.o)
                              /usr/lib/gcc/avr/5.4.0/../../../avr/lib/avrxmega2/libscanf_flt.a(vfscanf_flt.o) (__floatunsisf)
/usr/lib/gcc/avr/5.4.0/../../../avr/lib/avrxmega2/libm.a(mulsf3.o)
                              /usr/lib/gcc/avr/5.4.0/../../../avr/lib/avrxmega2/libscanf_flt.a(vfscanf_flt.o) (__mulsf3)
/usr/lib/gcc/avr/5.4.0/../../../avr/lib/avrxmega2/libm.a(mulsf3x.o)
                              /usr/lib/gcc/avr/5.4.0/../../../avr/lib/avrxmega2/libm.a(mulsf3.o) (__mulsf3x)
/usr/lib/gcc/avr/5.4.0/../../../avr/lib/avrxmega2/libm.a(fp_inf.o)
                              /usr/lib/gcc/avr/5.4.0/../../../avr/lib/avrxmega2/libm.a(mulsf3x.o) (__fp_inf)
/usr/lib/gcc/avr/5.4.0/../../../avr/lib/avrxmega2/libm.a(fp_nan.o)
                              /usr/lib/gcc/avr/5.4.0/../../../avr/lib/avrxmega2/libm.a(mulsf3x.o) (__fp_nan)
/usr/lib/gcc/avr/5.4.0/../../../avr/lib/avrxmega2/libm.a(fp_pscA.o)
                              /usr/lib/gcc/avr/5.4.0/../../../avr/lib/avrxmega2/libm.a(mulsf3x.o) (__fp_pscA)
/usr/lib/gcc/avr/5.4.0/../../../avr/lib/avrxmega2/libm.a(fp_pscB.o)
                              /usr/lib/gcc/avr/5.4.0/../../../avr/lib/avrxmega2/libm.a(mulsf3x.o) (__fp_pscB)
/usr/lib/gcc/avr/5.4.0/../../../avr/lib/avrxmega2/libm.a(fp_round.o)
                              /usr/lib/gcc/avr/5.4.0/../../../avr/lib/avrxmega2/libm.a(mulsf3.o) (__fp_round)
/usr/lib/gcc/avr/5.4.0/../../../avr/lib/avrxmega2/libm.a(fp_split3.o)
                              /usr/lib/gcc/avr/5.4.0/../../../avr/lib/avrxmega2/libm.a(mulsf3x.o) (__fp_split3)
/usr/lib/gcc/avr/5.4.0/../../../avr/lib/avrxmega2/libm.a(fp_zero.o)
                              /usr/lib/gcc/avr/5.4.0/../../../avr/lib/avrxmega2/libm.a(mulsf3x.o) (__fp_szero)
/usr/lib/gcc/avr/5.4.0/avrxmega2/libgcc.a(_exit.o)
                              /usr/lib/gcc/avr/5.4.0/../../../avr/lib/avrxmega2/crtatxmega32a4u.o (exit)
/usr/lib/gcc/avr/5.4.0/avrxmega2/libgcc.a(_copy_data.o)
                              obj/cpu_parser.o (__do_copy_data)
/usr/lib/gcc/avr/5.4.0/avrxmega2/libgcc.a(_clear_bss.o)
                              obj/cpu_parser.o (__do_clear_bss)
/usr/lib/gcc/avr/5.4.0/avrxmega2/libgcc.a(_prologue.o)
                              /usr/lib/gcc/avr/5.4.0/../../../avr/lib/avrxmega2/libprintf_flt.a(vfprintf_flt.o) (__prologue_saves__)
/usr/lib/gcc/avr/5.4.0/avrxmega2/libgcc.a(_epilogue.o)
                              /usr/lib/gcc/avr/5.4.0/../../../avr/lib/avrxmega2/libprintf_flt.a(vfprintf_flt.o) (__epilogue_restores__)
/usr/lib/gcc/avr/5.4.0/../../../avr/lib/avrxmega2/libc.a(atoi.o)
                              obj/cpu_parser.o (atoi)
/usr/lib/gcc/avr/5.4.0/../../../avr/lib/avrxmega2/libc.a(ftoa_engine.o)
                              /usr/lib/gcc/avr/5.4.0/../../../avr/lib/avrxmega2/libprintf_flt.a(vfprintf_flt.o) (__ftoa_engine)
/usr/lib/gcc/avr/5.4.0/../../../avr/lib/avrxmega2/libc.a(isspace.o)
                              /usr/lib/gcc/avr/5.4.0/../../../avr/lib/avrxmega2/libscanf_flt.a(vfscanf_flt.o) (isspace)
/usr/lib/gcc/avr/5.4.0/../../../avr/lib/avrxmega2/libc.a(tolower.o)
                              /usr/lib/gcc/avr/5.4.0/../../../avr/lib/avrxmega2/libscanf_flt.a(vfscanf_flt.o) (tolower)
/usr/lib/gcc/avr/5.4.0/../../../avr/lib/avrxmega2/libc.a(strchr_P.o)
                              /usr/lib/gcc/avr/5.4.0/../../../avr/lib/avrxmega2/libscanf_flt.a(vfscanf_flt.o) (strchr_P)
/usr/lib/gcc/avr/5.4.0/../../../avr/lib/avrxmega2/libc.a(strnlen_P.o)
                              /usr/lib/gcc/avr/5.4.0/../../../avr/lib/avrxmega2/libprintf_flt.a(vfprintf_flt.o) (strnlen_P)
/usr/lib/gcc/avr/5.4.0/../../../avr/lib/avrxmega2/libc.a(strtok.o)
                              obj/cpu_parser.o (strtok)
/usr/lib/gcc/avr/5.4.0/../../../avr/lib/avrxmega2/libc.a(memset.o)
                              obj/cpu_parser.o (memset)
/usr/lib/gcc/avr/5.4.0/../../../avr/lib/avrxmega2/libc.a(strlen.o)
                              obj/cpu_parser.o (strlen)
/usr/lib/gcc/avr/5.4.0/../../../avr/lib/avrxmega2/libc.a(strnlen.o)
                              /usr/lib/gcc/avr/5.4.0/../../../avr/lib/avrxmega2/libprintf_flt.a(vfprintf_flt.o) (strnlen)
/usr/lib/gcc/avr/5.4.0/../../../avr/lib/avrxmega2/libc.a(strtok_r.o)
                              /usr/lib/gcc/avr/5.4.0/../../../avr/lib/avrxmega2/libc.a(strtok.o) (strtok_r)
/usr/lib/gcc/avr/5.4.0/../../../avr/lib/avrxmega2/libc.a(itoa_ncheck.o)
                              obj/uart.o (__itoa_ncheck)
/usr/lib/gcc/avr/5.4.0/../../../avr/lib/avrxmega2/libc.a(ltoa_ncheck.o)
                              obj/uart.o (__ltoa_ncheck)
/usr/lib/gcc/avr/5.4.0/../../../avr/lib/avrxmega2/libc.a(mul10.o)
                              /usr/lib/gcc/avr/5.4.0/../../../avr/lib/avrxmega2/libc.a(atoi.o) (__mulhi_const_10)
/usr/lib/gcc/avr/5.4.0/../../../avr/lib/avrxmega2/libc.a(ultoa_ncheck.o)
                              /usr/lib/gcc/avr/5.4.0/../../../avr/lib/avrxmega2/libc.a(ltoa_ncheck.o) (__ultoa_common)
/usr/lib/gcc/avr/5.4.0/../../../avr/lib/avrxmega2/libc.a(utoa_ncheck.o)
                              /usr/lib/gcc/avr/5.4.0/../../../avr/lib/avrxmega2/libc.a(itoa_ncheck.o) (__utoa_common)
/usr/lib/gcc/avr/5.4.0/../../../avr/lib/avrxmega2/libc.a(fgetc.o)
                              /usr/lib/gcc/avr/5.4.0/../../../avr/lib/avrxmega2/libscanf_flt.a(vfscanf_flt.o) (fgetc)
/usr/lib/gcc/avr/5.4.0/../../../avr/lib/avrxmega2/libc.a(fputc.o)
                              /usr/lib/gcc/avr/5.4.0/../../../avr/lib/avrxmega2/libprintf_flt.a(vfprintf_flt.o) (fputc)
/usr/lib/gcc/avr/5.4.0/../../../avr/lib/avrxmega2/libc.a(sprintf.o)
                              obj/cpu_parser.o (sprintf)
/usr/lib/gcc/avr/5.4.0/../../../avr/lib/avrxmega2/libc.a(vsprintf.o)
                              obj/uart.o (vsprintf)
/usr/lib/gcc/avr/5.4.0/../../../avr/lib/avrxmega2/libc.a(ungetc.o)
                              /usr/lib/gcc/avr/5.4.0/../../../avr/lib/avrxmega2/libscanf_flt.a(vfscanf_flt.o) (ungetc)
/usr/lib/gcc/avr/5.4.0/../../../avr/lib/avrxmega2/libc.a(ultoa_invert.o)
                              /usr/lib/gcc/avr/5.4.0/../../../avr/lib/avrxmega2/libprintf_flt.a(vfprintf_flt.o) (__ultoa_invert)
/usr/lib/gcc/avr/5.4.0/../../../avr/lib/avrxmega2/libc.a(cty_isfalse.o)
                              /usr/lib/gcc/avr/5.4.0/../../../avr/lib/avrxmega2/libc.a(isspace.o) (__ctype_isfalse)
/usr/lib/gcc/avr/5.4.0/../../../avr/lib/avrxmega2/libc.a(strrev.o)
                              /usr/lib/gcc/avr/5.4.0/../../../avr/lib/avrxmega2/libc.a(ultoa_ncheck.o) (strrev)

Allocating common symbols
Common symbol       size              file

csum_cpu            0x1               obj/cpu_parser.o
data_cpu_rx         0x20              obj/cpu_parser.o
text_to_send_cpu    0x10              obj/cpu_parser.o
_cpuData            0x6               obj/cpu_parser.o
data_cpu_cmd        0x20              obj/cpu_parser.o
debug_bfr           0x100             obj/uart.o

Memory Configuration

Name             Origin             Length             Attributes
text             0x0000000000000000 0x0000000000100000 xr
data             0x0000000000802000 0x000000000000ffa0 rw !x
eeprom           0x0000000000810000 0x0000000000010000 rw !x
fuse             0x0000000000820000 0x0000000000000006 rw !x
lock             0x0000000000830000 0x0000000000000400 rw !x
signature        0x0000000000840000 0x0000000000000400 rw !x
user_signatures  0x0000000000850000 0x0000000000000400 rw !x
*default*        0x0000000000000000 0xffffffffffffffff

Linker script and memory map

LOAD /usr/lib/gcc/avr/5.4.0/../../../avr/lib/avrxmega2/crtatxmega32a4u.o
LOAD /usr/lib/gcc/avr/5.4.0/../../../avr/lib/avrxmega2/libprintf_flt.a
LOAD /usr/lib/gcc/avr/5.4.0/../../../avr/lib/avrxmega2/libm.a
LOAD /usr/lib/gcc/avr/5.4.0/../../../avr/lib/avrxmega2/libscanf_flt.a
LOAD /usr/lib/gcc/avr/5.4.0/../../../avr/lib/avrxmega2/libm.a
LOAD obj/TC_driver.o
LOAD obj/cpu_parser.o
LOAD obj/io.o
LOAD obj/main.o
LOAD obj/uart.o
START GROUP
LOAD /usr/lib/gcc/avr/5.4.0/avrxmega2/libgcc.a
LOAD /usr/lib/gcc/avr/5.4.0/../../../avr/lib/avrxmega2/libm.a
LOAD /usr/lib/gcc/avr/5.4.0/../../../avr/lib/avrxmega2/libc.a
LOAD /usr/lib/gcc/avr/5.4.0/../../../avr/lib/avrxmega2/libatxmega32a4u.a
END GROUP
                0x0000000000100000                __TEXT_REGION_LENGTH__ = DEFINED (__TEXT_REGION_LENGTH__)?__TEXT_REGION_LENGTH__:0x100000
                0x000000000000ffa0                __DATA_REGION_LENGTH__ = DEFINED (__DATA_REGION_LENGTH__)?__DATA_REGION_LENGTH__:0xffa0
                0x0000000000010000                __EEPROM_REGION_LENGTH__ = DEFINED (__EEPROM_REGION_LENGTH__)?__EEPROM_REGION_LENGTH__:0x10000
                [0x0000000000000006]                __FUSE_REGION_LENGTH__ = DEFINED (__FUSE_REGION_LENGTH__)?__FUSE_REGION_LENGTH__:0x400
                0x0000000000000400                __LOCK_REGION_LENGTH__ = DEFINED (__LOCK_REGION_LENGTH__)?__LOCK_REGION_LENGTH__:0x400
                0x0000000000000400                __SIGNATURE_REGION_LENGTH__ = DEFINED (__SIGNATURE_REGION_LENGTH__)?__SIGNATURE_REGION_LENGTH__:0x400
                0x0000000000000400                __USER_SIGNATURE_REGION_LENGTH__ = DEFINED (__USER_SIGNATURE_REGION_LENGTH__)?__USER_SIGNATURE_REGION_LENGTH__:0x400

.hash
 *(.hash)

.dynsym
 *(.dynsym)

.dynstr
 *(.dynstr)

.gnu.version
 *(.gnu.version)

.gnu.version_d
 *(.gnu.version_d)

.gnu.version_r
 *(.gnu.version_r)

.rel.init
 *(.rel.init)

.rela.init
 *(.rela.init)

.rel.text
 *(.rel.text)
 *(.rel.text.*)
 *(.rel.gnu.linkonce.t*)

.rela.text
 *(.rela.text)
 *(.rela.text.*)
 *(.rela.gnu.linkonce.t*)

.rel.fini
 *(.rel.fini)

.rela.fini
 *(.rela.fini)

.rel.rodata
 *(.rel.rodata)
 *(.rel.rodata.*)
 *(.rel.gnu.linkonce.r*)

.rela.rodata
 *(.rela.rodata)
 *(.rela.rodata.*)
 *(.rela.gnu.linkonce.r*)

.rel.data
 *(.rel.data)
 *(.rel.data.*)
 *(.rel.gnu.linkonce.d*)

.rela.data
 *(.rela.data)
 *(.rela.data.*)
 *(.rela.gnu.linkonce.d*)

.rel.ctors
 *(.rel.ctors)

.rela.ctors
 *(.rela.ctors)

.rel.dtors
 *(.rel.dtors)

.rela.dtors
 *(.rela.dtors)

.rel.got
 *(.rel.got)

.rela.got
 *(.rela.got)

.rel.bss
 *(.rel.bss)

.rela.bss
 *(.rela.bss)

.rel.plt
 *(.rel.plt)

.rela.plt
 *(.rela.plt)

.text           0x0000000000000000     0x21d4
 *(.vectors)
 .vectors       0x0000000000000000      0x1fc /usr/lib/gcc/avr/5.4.0/../../../avr/lib/avrxmega2/crtatxmega32a4u.o
                0x0000000000000000                __vectors
                0x0000000000000000                __vector_default
 *(.vectors)
 *(.progmem.gcc*)
                0x00000000000001fc                . = ALIGN (0x2)
                0x00000000000001fc                __trampolines_start = .
 *(.trampolines)
 .trampolines   0x00000000000001fc        0x0 linker stubs
 *(.trampolines*)
                0x00000000000001fc                __trampolines_end = .
 *libprintf_flt.a:*(.progmem.data)
 .progmem.data  0x00000000000001fc        0x8 /usr/lib/gcc/avr/5.4.0/../../../avr/lib/avrxmega2/libprintf_flt.a(vfprintf_flt.o)
 *libc.a:*(.progmem.data)
 .progmem.data  0x0000000000000204       0xfa /usr/lib/gcc/avr/5.4.0/../../../avr/lib/avrxmega2/libc.a(ftoa_engine.o)
 *(.progmem*)
 .progmem.data  0x00000000000002fe       0x4d /usr/lib/gcc/avr/5.4.0/../../../avr/lib/avrxmega2/libscanf_flt.a(vfscanf_flt.o)
                0x000000000000034c                . = ALIGN (0x2)
 *fill*         0x000000000000034b        0x1 
 *(.jumptables)
 *(.jumptables*)
 *(.lowtext)
 *(.lowtext*)
                0x000000000000034c                __ctors_start = .
 *(.ctors)
                0x000000000000034c                __ctors_end = .
                0x000000000000034c                __dtors_start = .
 *(.dtors)
                0x000000000000034c                __dtors_end = .
 SORT(*)(.ctors)
 SORT(*)(.dtors)
 *(.init0)
 .init0         0x000000000000034c        0x0 /usr/lib/gcc/avr/5.4.0/../../../avr/lib/avrxmega2/crtatxmega32a4u.o
                0x000000000000034c                __init
 *(.init0)
 *(.init1)
 *(.init1)
 *(.init2)
 .init2         0x000000000000034c        0xc /usr/lib/gcc/avr/5.4.0/../../../avr/lib/avrxmega2/crtatxmega32a4u.o
 *(.init2)
 *(.init3)
 *(.init3)
 *(.init4)
 .init4         0x0000000000000358       0x16 /usr/lib/gcc/avr/5.4.0/avrxmega2/libgcc.a(_copy_data.o)
                0x0000000000000358                __do_copy_data
 .init4         0x000000000000036e       0x10 /usr/lib/gcc/avr/5.4.0/avrxmega2/libgcc.a(_clear_bss.o)
                0x000000000000036e                __do_clear_bss
 *(.init4)
 *(.init5)
 *(.init5)
 *(.init6)
 *(.init6)
 *(.init7)
 *(.init7)
 *(.init8)
 *(.init8)
 *(.init9)
 .init9         0x000000000000037e        0x8 /usr/lib/gcc/avr/5.4.0/../../../avr/lib/avrxmega2/crtatxmega32a4u.o
 *(.init9)
 *(.text)
 .text          0x0000000000000386        0x4 /usr/lib/gcc/avr/5.4.0/../../../avr/lib/avrxmega2/crtatxmega32a4u.o
                0x0000000000000386                __vector_38
                0x0000000000000386                __vector_104
                0x0000000000000386                __vector_22
                0x0000000000000386                __vector_63
                0x0000000000000386                __vector_28
                0x0000000000000386                __vector_67
                0x0000000000000386                __vector_1
                0x0000000000000386                __vector_119
                0x0000000000000386                __vector_32
                0x0000000000000386                __vector_75
                0x0000000000000386                __vector_71
                0x0000000000000386                __vector_91
                0x0000000000000386                __vector_34
                0x0000000000000386                __vector_62
                0x0000000000000386                __vector_77
                0x0000000000000386                __vector_102
                0x0000000000000386                __vector_24
                0x0000000000000386                __vector_12
                0x0000000000000386                __vector_55
                0x0000000000000386                __vector_69
                0x0000000000000386                __vector_81
                0x0000000000000386                __vector_90
                0x0000000000000386                __vector_46
                0x0000000000000386                __bad_interrupt
                0x0000000000000386                __vector_122
                0x0000000000000386                __vector_72
                0x0000000000000386                __vector_114
                0x0000000000000386                __vector_6
                0x0000000000000386                __vector_110
                0x0000000000000386                __vector_31
                0x0000000000000386                __vector_92
                0x0000000000000386                __vector_35
                0x0000000000000386                __vector_78
                0x0000000000000386                __vector_74
                0x0000000000000386                __vector_117
                0x0000000000000386                __vector_39
                0x0000000000000386                __vector_107
                0x0000000000000386                __vector_3
                0x0000000000000386                __vector_105
                0x0000000000000386                __vector_98
                0x0000000000000386                __vector_23
                0x0000000000000386                __vector_68
                0x0000000000000386                __vector_30
                0x0000000000000386                __vector_73
                0x0000000000000386                __vector_45
                0x0000000000000386                __vector_93
                0x0000000000000386                __vector_61
                0x0000000000000386                __vector_11
                0x0000000000000386                __vector_54
                0x0000000000000386                __vector_99
                0x0000000000000386                __vector_13
                0x0000000000000386                __vector_17
                0x0000000000000386                __vector_19
                0x0000000000000386                __vector_56
                0x0000000000000386                __vector_7
                0x0000000000000386                __vector_125
                0x0000000000000386                __vector_49
                0x0000000000000386                __vector_123
                0x0000000000000386                __vector_41
                0x0000000000000386                __vector_86
                0x0000000000000386                __vector_100
                0x0000000000000386                __vector_101
                0x0000000000000386                __vector_64
                0x0000000000000386                __vector_88
                0x0000000000000386                __vector_109
                0x0000000000000386                __vector_43
                0x0000000000000386                __vector_27
                0x0000000000000386                __vector_5
                0x0000000000000386                __vector_113
                0x0000000000000386                __vector_33
                0x0000000000000386                __vector_76
                0x0000000000000386                __vector_115
                0x0000000000000386                __vector_47
                0x0000000000000386                __vector_52
                0x0000000000000386                __vector_37
                0x0000000000000386                __vector_95
                0x0000000000000386                __vector_103
                0x0000000000000386                __vector_96
                0x0000000000000386                __vector_89
                0x0000000000000386                __vector_108
                0x0000000000000386                __vector_4
                0x0000000000000386                __vector_44
                0x0000000000000386                __vector_82
                0x0000000000000386                __vector_106
                0x0000000000000386                __vector_118
                0x0000000000000386                __vector_51
                0x0000000000000386                __vector_9
                0x0000000000000386                __vector_2
                0x0000000000000386                __vector_21
                0x0000000000000386                __vector_15
                0x0000000000000386                __vector_66
                0x0000000000000386                __vector_36
                0x0000000000000386                __vector_79
                0x0000000000000386                __vector_58
                0x0000000000000386                __vector_70
                0x0000000000000386                __vector_83
                0x0000000000000386                __vector_29
                0x0000000000000386                __vector_60
                0x0000000000000386                __vector_121
                0x0000000000000386                __vector_40
                0x0000000000000386                __vector_85
                0x0000000000000386                __vector_94
                0x0000000000000386                __vector_126
                0x0000000000000386                __vector_8
                0x0000000000000386                __vector_26
                0x0000000000000386                __vector_48
                0x0000000000000386                __vector_124
                0x0000000000000386                __vector_116
                0x0000000000000386                __vector_112
                0x0000000000000386                __vector_111
                0x0000000000000386                __vector_80
                0x0000000000000386                __vector_14
                0x0000000000000386                __vector_84
                0x0000000000000386                __vector_57
                0x0000000000000386                __vector_53
                0x0000000000000386                __vector_10
                0x0000000000000386                __vector_50
                0x0000000000000386                __vector_16
                0x0000000000000386                __vector_59
                0x0000000000000386                __vector_18
                0x0000000000000386                __vector_97
                0x0000000000000386                __vector_20
                0x0000000000000386                __vector_42
                0x0000000000000386                __vector_87
                0x0000000000000386                __vector_65
                0x0000000000000386                __vector_120
 .text          0x000000000000038a        0x0 /usr/lib/gcc/avr/5.4.0/../../../avr/lib/avrxmega2/libprintf_flt.a(vfprintf_flt.o)
 .text          0x000000000000038a        0x0 /usr/lib/gcc/avr/5.4.0/../../../avr/lib/avrxmega2/libscanf_flt.a(vfscanf_flt.o)
 .text          0x000000000000038a        0x0 /usr/lib/gcc/avr/5.4.0/../../../avr/lib/avrxmega2/libm.a(floatsisf.o)
 .text          0x000000000000038a        0x0 /usr/lib/gcc/avr/5.4.0/../../../avr/lib/avrxmega2/libm.a(mulsf3.o)
 .text          0x000000000000038a        0x0 /usr/lib/gcc/avr/5.4.0/../../../avr/lib/avrxmega2/libm.a(mulsf3x.o)
 .text          0x000000000000038a        0x0 /usr/lib/gcc/avr/5.4.0/../../../avr/lib/avrxmega2/libm.a(fp_inf.o)
 .text          0x000000000000038a        0x0 /usr/lib/gcc/avr/5.4.0/../../../avr/lib/avrxmega2/libm.a(fp_nan.o)
 .text          0x000000000000038a        0x0 /usr/lib/gcc/avr/5.4.0/../../../avr/lib/avrxmega2/libm.a(fp_pscA.o)
 .text          0x000000000000038a        0x0 /usr/lib/gcc/avr/5.4.0/../../../avr/lib/avrxmega2/libm.a(fp_pscB.o)
 .text          0x000000000000038a        0x0 /usr/lib/gcc/avr/5.4.0/../../../avr/lib/avrxmega2/libm.a(fp_round.o)
 .text          0x000000000000038a        0x0 /usr/lib/gcc/avr/5.4.0/../../../avr/lib/avrxmega2/libm.a(fp_split3.o)
 .text          0x000000000000038a        0x0 /usr/lib/gcc/avr/5.4.0/../../../avr/lib/avrxmega2/libm.a(fp_zero.o)
 .text          0x000000000000038a      0x114 obj/TC_driver.o
                0x000000000000038a                TC0_ConfigClockSource
                0x0000000000000396                TC1_ConfigClockSource
                0x00000000000003a2                TC0_ConfigWGM
                0x00000000000003ae                TC1_ConfigWGM
                0x00000000000003ba                TC0_ConfigInputCapture
                0x00000000000003c8                TC1_ConfigInputCapture
                0x00000000000003d6                TC0_EnableCCChannels
                0x00000000000003e2                TC1_EnableCCChannels
                0x00000000000003ee                TC0_DisableCCChannels
                0x00000000000003fc                TC1_DisableCCChannels
                0x000000000000040a                TC0_SetOverflowIntLevel
                0x0000000000000416                TC1_SetOverflowIntLevel
                0x0000000000000422                TC0_SetErrorIntLevel
                0x000000000000042e                TC1_SetErrorIntLevel
                0x000000000000043a                TC0_SetCCAIntLevel
                0x0000000000000446                TC1_SetCCAIntLevel
                0x0000000000000452                TC0_SetCCBIntLevel
                0x000000000000045e                TC1_SetCCBIntLevel
                0x000000000000046a                TC0_SetCCCIntLevel
                0x0000000000000476                TC0_SetCCDIntLevel
                0x0000000000000482                TC0_Reset
                0x0000000000000490                TC1_Reset
 .text          0x000000000000049e      0x262 obj/cpu_parser.o
                0x000000000000049e                CRC8_CPU
                0x00000000000004ba                cpu_parser
                0x000000000000057a                parse_cpu_data_rx
                0x00000000000006d8                get_new_command
                0x00000000000006f4                get_cpu_cmd
                0x00000000000006fa                new_command_read
 .text          0x0000000000000700      0x1a2 obj/io.o
                0x0000000000000700                gpio_cfg_out_np
                0x000000000000072a                gpio_cfg_in_np
                0x000000000000073e                gpio_cfg_opc_np
                0x000000000000074e                gpio_cfg_isc_np
                0x000000000000075e                gpio_cfg_inv_np
                0x000000000000076e                gpio_set_np
                0x0000000000000780                gpio_clr_np
                0x0000000000000792                gpio_tgl_np
                0x00000000000007a4                gpio_is_set_np
                0x00000000000007c6                gpio_cfg_out
                0x00000000000007da                gpio_cfg_in
                0x00000000000007fc                gpio_cfg_opc
                0x0000000000000816                gpio_set
                0x0000000000000836                gpio_clr
                0x0000000000000856                gpio_tgl
                0x0000000000000876                gpio_is_set
 .text          0x00000000000008a2        0x0 obj/main.o
 .text          0x00000000000008a2      0x140 obj/uart.o
                0x00000000000008a2                initUsart
                0x00000000000008c0                UART_sendChar
                0x00000000000008d2                UART_sendString
                0x00000000000008f2                UART_sendInt
                0x0000000000000928                UART_sendLint
                0x0000000000000960                __vector_25
                0x00000000000009b4                spew
 .text          0x00000000000009e2        0x0 /usr/lib/gcc/avr/5.4.0/avrxmega2/libgcc.a(_exit.o)
 .text          0x00000000000009e2        0x0 /usr/lib/gcc/avr/5.4.0/avrxmega2/libgcc.a(_copy_data.o)
 .text          0x00000000000009e2        0x0 /usr/lib/gcc/avr/5.4.0/avrxmega2/libgcc.a(_clear_bss.o)
 .text          0x00000000000009e2        0x0 /usr/lib/gcc/avr/5.4.0/avrxmega2/libgcc.a(_prologue.o)
 .text          0x00000000000009e2        0x0 /usr/lib/gcc/avr/5.4.0/avrxmega2/libgcc.a(_epilogue.o)
 .text          0x00000000000009e2        0x0 /usr/lib/gcc/avr/5.4.0/../../../avr/lib/avrxmega2/libc.a(atoi.o)
 .text          0x00000000000009e2        0x0 /usr/lib/gcc/avr/5.4.0/../../../avr/lib/avrxmega2/libc.a(ftoa_engine.o)
 .text          0x00000000000009e2        0x0 /usr/lib/gcc/avr/5.4.0/../../../avr/lib/avrxmega2/libc.a(isspace.o)
 .text          0x00000000000009e2        0x0 /usr/lib/gcc/avr/5.4.0/../../../avr/lib/avrxmega2/libc.a(tolower.o)
 .text          0x00000000000009e2        0x0 /usr/lib/gcc/avr/5.4.0/../../../avr/lib/avrxmega2/libc.a(strchr_P.o)
 .text          0x00000000000009e2        0x0 /usr/lib/gcc/avr/5.4.0/../../../avr/lib/avrxmega2/libc.a(strnlen_P.o)
 .text          0x00000000000009e2        0x0 /usr/lib/gcc/avr/5.4.0/../../../avr/lib/avrxmega2/libc.a(strtok.o)
 .text          0x00000000000009e2        0x0 /usr/lib/gcc/avr/5.4.0/../../../avr/lib/avrxmega2/libc.a(memset.o)
 .text          0x00000000000009e2        0x0 /usr/lib/gcc/avr/5.4.0/../../../avr/lib/avrxmega2/libc.a(strlen.o)
 .text          0x00000000000009e2        0x0 /usr/lib/gcc/avr/5.4.0/../../../avr/lib/avrxmega2/libc.a(strnlen.o)
 .text          0x00000000000009e2        0x0 /usr/lib/gcc/avr/5.4.0/../../../avr/lib/avrxmega2/libc.a(strtok_r.o)
 .text          0x00000000000009e2        0x0 /usr/lib/gcc/avr/5.4.0/../../../avr/lib/avrxmega2/libc.a(itoa_ncheck.o)
 .text          0x00000000000009e2        0x0 /usr/lib/gcc/avr/5.4.0/../../../avr/lib/avrxmega2/libc.a(ltoa_ncheck.o)
 .text          0x00000000000009e2        0x0 /usr/lib/gcc/avr/5.4.0/../../../avr/lib/avrxmega2/libc.a(mul10.o)
 .text          0x00000000000009e2        0x0 /usr/lib/gcc/avr/5.4.0/../../../avr/lib/avrxmega2/libc.a(ultoa_ncheck.o)
 .text          0x00000000000009e2        0x0 /usr/lib/gcc/avr/5.4.0/../../../avr/lib/avrxmega2/libc.a(utoa_ncheck.o)
 .text          0x00000000000009e2        0x0 /usr/lib/gcc/avr/5.4.0/../../../avr/lib/avrxmega2/libc.a(fgetc.o)
 .text          0x00000000000009e2        0x0 /usr/lib/gcc/avr/5.4.0/../../../avr/lib/avrxmega2/libc.a(fputc.o)
 .text          0x00000000000009e2        0x0 /usr/lib/gcc/avr/5.4.0/../../../avr/lib/avrxmega2/libc.a(sprintf.o)
 .text          0x00000000000009e2        0x0 /usr/lib/gcc/avr/5.4.0/../../../avr/lib/avrxmega2/libc.a(vsprintf.o)
 .text          0x00000000000009e2        0x0 /usr/lib/gcc/avr/5.4.0/../../../avr/lib/avrxmega2/libc.a(ungetc.o)
 .text          0x00000000000009e2        0x0 /usr/lib/gcc/avr/5.4.0/../../../avr/lib/avrxmega2/libc.a(ultoa_invert.o)
 .text          0x00000000000009e2        0x0 /usr/lib/gcc/avr/5.4.0/../../../avr/lib/avrxmega2/libc.a(cty_isfalse.o)
 .text          0x00000000000009e2        0x0 /usr/lib/gcc/avr/5.4.0/../../../avr/lib/avrxmega2/libc.a(strrev.o)
                0x00000000000009e2                . = ALIGN (0x2)
 *(.text.*)
 .text.avr-libc
                0x00000000000009e2      0x6fa /usr/lib/gcc/avr/5.4.0/../../../avr/lib/avrxmega2/libprintf_flt.a(vfprintf_flt.o)
                0x00000000000009e2                vfprintf
 .text.avr-libc
                0x00000000000010dc      0x81c /usr/lib/gcc/avr/5.4.0/../../../avr/lib/avrxmega2/libscanf_flt.a(vfscanf_flt.o)
                0x0000000000001694                vfscanf
 .text.avr-libc.fplib
                0x00000000000018f8       0x7a /usr/lib/gcc/avr/5.4.0/../../../avr/lib/avrxmega2/libm.a(floatsisf.o)
                0x00000000000018f8                __floatunsisf
                0x00000000000018fc                __floatsisf
 .text.avr-libc.fplib
                0x0000000000001972        0x8 /usr/lib/gcc/avr/5.4.0/../../../avr/lib/avrxmega2/libm.a(mulsf3.o)
                0x0000000000001972                __mulsf3
 .text.avr-libc.fplib
                0x000000000000197a       0xd2 /usr/lib/gcc/avr/5.4.0/../../../avr/lib/avrxmega2/libm.a(mulsf3x.o)
                0x0000000000001998                __mulsf3x
                0x000000000000199e                __mulsf3_pse
 .text.avr-libc.fplib
                0x0000000000001a4c        0xc /usr/lib/gcc/avr/5.4.0/../../../avr/lib/avrxmega2/libm.a(fp_inf.o)
                0x0000000000001a4c                __fp_inf
 .text.avr-libc.fplib
                0x0000000000001a58        0x6 /usr/lib/gcc/avr/5.4.0/../../../avr/lib/avrxmega2/libm.a(fp_nan.o)
                0x0000000000001a58                __fp_nan
 .text.avr-libc.fplib
                0x0000000000001a5e        0xe /usr/lib/gcc/avr/5.4.0/../../../avr/lib/avrxmega2/libm.a(fp_pscA.o)
                0x0000000000001a5e                __fp_pscA
 .text.avr-libc.fplib
                0x0000000000001a6c        0xe /usr/lib/gcc/avr/5.4.0/../../../avr/lib/avrxmega2/libm.a(fp_pscB.o)
                0x0000000000001a6c                __fp_pscB
 .text.avr-libc.fplib
                0x0000000000001a7a       0x22 /usr/lib/gcc/avr/5.4.0/../../../avr/lib/avrxmega2/libm.a(fp_round.o)
                0x0000000000001a7a                __fp_round
 .text.avr-libc.fplib
                0x0000000000001a9c       0x44 /usr/lib/gcc/avr/5.4.0/../../../avr/lib/avrxmega2/libm.a(fp_split3.o)
                0x0000000000001a9c                __fp_split3
                0x0000000000001aac                __fp_splitA
 .text.avr-libc.fplib
                0x0000000000001ae0        0xe /usr/lib/gcc/avr/5.4.0/../../../avr/lib/avrxmega2/libm.a(fp_zero.o)
                0x0000000000001ae0                __fp_zero
                0x0000000000001ae2                __fp_szero
 .text.startup  0x0000000000001aee       0x78 obj/main.o
                0x0000000000001aee                main
 .text.libgcc.mul
                0x0000000000001b66        0x0 /usr/lib/gcc/avr/5.4.0/avrxmega2/libgcc.a(_exit.o)
 .text.libgcc.div
                0x0000000000001b66        0x0 /usr/lib/gcc/avr/5.4.0/avrxmega2/libgcc.a(_exit.o)
 .text.libgcc   0x0000000000001b66        0x0 /usr/lib/gcc/avr/5.4.0/avrxmega2/libgcc.a(_exit.o)
 .text.libgcc.prologue
                0x0000000000001b66        0x0 /usr/lib/gcc/avr/5.4.0/avrxmega2/libgcc.a(_exit.o)
 .text.libgcc.builtins
                0x0000000000001b66        0x0 /usr/lib/gcc/avr/5.4.0/avrxmega2/libgcc.a(_exit.o)
 .text.libgcc.fmul
                0x0000000000001b66        0x0 /usr/lib/gcc/avr/5.4.0/avrxmega2/libgcc.a(_exit.o)
 .text.libgcc.fixed
                0x0000000000001b66        0x0 /usr/lib/gcc/avr/5.4.0/avrxmega2/libgcc.a(_exit.o)
 .text.libgcc.mul
                0x0000000000001b66        0x0 /usr/lib/gcc/avr/5.4.0/avrxmega2/libgcc.a(_copy_data.o)
 .text.libgcc.div
                0x0000000000001b66        0x0 /usr/lib/gcc/avr/5.4.0/avrxmega2/libgcc.a(_copy_data.o)
 .text.libgcc   0x0000000000001b66        0x0 /usr/lib/gcc/avr/5.4.0/avrxmega2/libgcc.a(_copy_data.o)
 .text.libgcc.prologue
                0x0000000000001b66        0x0 /usr/lib/gcc/avr/5.4.0/avrxmega2/libgcc.a(_copy_data.o)
 .text.libgcc.builtins
                0x0000000000001b66        0x0 /usr/lib/gcc/avr/5.4.0/avrxmega2/libgcc.a(_copy_data.o)
 .text.libgcc.fmul
                0x0000000000001b66        0x0 /usr/lib/gcc/avr/5.4.0/avrxmega2/libgcc.a(_copy_data.o)
 .text.libgcc.fixed
                0x0000000000001b66        0x0 /usr/lib/gcc/avr/5.4.0/avrxmega2/libgcc.a(_copy_data.o)
 .text.libgcc.mul
                0x0000000000001b66        0x0 /usr/lib/gcc/avr/5.4.0/avrxmega2/libgcc.a(_clear_bss.o)
 .text.libgcc.div
                0x0000000000001b66        0x0 /usr/lib/gcc/avr/5.4.0/avrxmega2/libgcc.a(_clear_bss.o)
 .text.libgcc   0x0000000000001b66        0x0 /usr/lib/gcc/avr/5.4.0/avrxmega2/libgcc.a(_clear_bss.o)
 .text.libgcc.prologue
                0x0000000000001b66        0x0 /usr/lib/gcc/avr/5.4.0/avrxmega2/libgcc.a(_clear_bss.o)
 .text.libgcc.builtins
                0x0000000000001b66        0x0 /usr/lib/gcc/avr/5.4.0/avrxmega2/libgcc.a(_clear_bss.o)
 .text.libgcc.fmul
                0x0000000000001b66        0x0 /usr/lib/gcc/avr/5.4.0/avrxmega2/libgcc.a(_clear_bss.o)
 .text.libgcc.fixed
                0x0000000000001b66        0x0 /usr/lib/gcc/avr/5.4.0/avrxmega2/libgcc.a(_clear_bss.o)
 .text.libgcc.mul
                0x0000000000001b66        0x0 /usr/lib/gcc/avr/5.4.0/avrxmega2/libgcc.a(_prologue.o)
 .text.libgcc.div
                0x0000000000001b66        0x0 /usr/lib/gcc/avr/5.4.0/avrxmega2/libgcc.a(_prologue.o)
 .text.libgcc   0x0000000000001b66        0x0 /usr/lib/gcc/avr/5.4.0/avrxmega2/libgcc.a(_prologue.o)
 .text.libgcc.prologue
                0x0000000000001b66       0x32 /usr/lib/gcc/avr/5.4.0/avrxmega2/libgcc.a(_prologue.o)
                0x0000000000001b66                __prologue_saves__
 .text.libgcc.builtins
                0x0000000000001b98        0x0 /usr/lib/gcc/avr/5.4.0/avrxmega2/libgcc.a(_prologue.o)
 .text.libgcc.fmul
                0x0000000000001b98        0x0 /usr/lib/gcc/avr/5.4.0/avrxmega2/libgcc.a(_prologue.o)
 .text.libgcc.fixed
                0x0000000000001b98        0x0 /usr/lib/gcc/avr/5.4.0/avrxmega2/libgcc.a(_prologue.o)
 .text.libgcc.mul
                0x0000000000001b98        0x0 /usr/lib/gcc/avr/5.4.0/avrxmega2/libgcc.a(_epilogue.o)
 .text.libgcc.div
                0x0000000000001b98        0x0 /usr/lib/gcc/avr/5.4.0/avrxmega2/libgcc.a(_epilogue.o)
 .text.libgcc   0x0000000000001b98        0x0 /usr/lib/gcc/avr/5.4.0/avrxmega2/libgcc.a(_epilogue.o)
 .text.libgcc.prologue
                0x0000000000001b98       0x30 /usr/lib/gcc/avr/5.4.0/avrxmega2/libgcc.a(_epilogue.o)
                0x0000000000001b98                __epilogue_restores__
 .text.libgcc.builtins
                0x0000000000001bc8        0x0 /usr/lib/gcc/avr/5.4.0/avrxmega2/libgcc.a(_epilogue.o)
 .text.libgcc.fmul
                0x0000000000001bc8        0x0 /usr/lib/gcc/avr/5.4.0/avrxmega2/libgcc.a(_epilogue.o)
 .text.libgcc.fixed
                0x0000000000001bc8        0x0 /usr/lib/gcc/avr/5.4.0/avrxmega2/libgcc.a(_epilogue.o)
 .text.avr-libc
                0x0000000000001bc8       0x3c /usr/lib/gcc/avr/5.4.0/../../../avr/lib/avrxmega2/libc.a(atoi.o)
                0x0000000000001bc8                atoi
 .text.avr-libc
                0x0000000000001c04      0x1b0 /usr/lib/gcc/avr/5.4.0/../../../avr/lib/avrxmega2/libc.a(ftoa_engine.o)
                0x0000000000001c04                __ftoa_engine
 .text.avr-libc
                0x0000000000001db4       0x12 /usr/lib/gcc/avr/5.4.0/../../../avr/lib/avrxmega2/libc.a(isspace.o)
                0x0000000000001db4                isspace
 .text.avr-libc
                0x0000000000001dc6       0x10 /usr/lib/gcc/avr/5.4.0/../../../avr/lib/avrxmega2/libc.a(tolower.o)
                0x0000000000001dc6                tolower
 .text.avr-libc
                0x0000000000001dd6       0x16 /usr/lib/gcc/avr/5.4.0/../../../avr/lib/avrxmega2/libc.a(strchr_P.o)
                0x0000000000001dd6                strchr_P
 .text.avr-libc
                0x0000000000001dec       0x16 /usr/lib/gcc/avr/5.4.0/../../../avr/lib/avrxmega2/libc.a(strnlen_P.o)
                0x0000000000001dec                strnlen_P
 .text.avr-libc
                0x0000000000001e02        0xa /usr/lib/gcc/avr/5.4.0/../../../avr/lib/avrxmega2/libc.a(strtok.o)
                0x0000000000001e02                strtok
 .text.avr-libc
                0x0000000000001e0c        0xe /usr/lib/gcc/avr/5.4.0/../../../avr/lib/avrxmega2/libc.a(memset.o)
                0x0000000000001e0c                memset
 .text.avr-libc
                0x0000000000001e1a       0x12 /usr/lib/gcc/avr/5.4.0/../../../avr/lib/avrxmega2/libc.a(strlen.o)
                0x0000000000001e1a                strlen
 .text.avr-libc
                0x0000000000001e2c       0x16 /usr/lib/gcc/avr/5.4.0/../../../avr/lib/avrxmega2/libc.a(strnlen.o)
                0x0000000000001e2c                strnlen
 .text.avr-libc
                0x0000000000001e42       0x4e /usr/lib/gcc/avr/5.4.0/../../../avr/lib/avrxmega2/libc.a(strtok_r.o)
                0x0000000000001e42                strtok_r
 .text.avr-libc
                0x0000000000001e90       0x16 /usr/lib/gcc/avr/5.4.0/../../../avr/lib/avrxmega2/libc.a(itoa_ncheck.o)
                0x0000000000001e90                __itoa_ncheck
 .text.avr-libc
                0x0000000000001ea6       0x1e /usr/lib/gcc/avr/5.4.0/../../../avr/lib/avrxmega2/libc.a(ltoa_ncheck.o)
                0x0000000000001ea6                __ltoa_ncheck
 .text.avr-libc
                0x0000000000001ec4       0x10 /usr/lib/gcc/avr/5.4.0/../../../avr/lib/avrxmega2/libc.a(mul10.o)
                0x0000000000001ec4                __mulhi_const_10
 .text.avr-libc
                0x0000000000001ed4       0x44 /usr/lib/gcc/avr/5.4.0/../../../avr/lib/avrxmega2/libc.a(ultoa_ncheck.o)
                0x0000000000001ed4                __ultoa_ncheck
                0x0000000000001ed6                __ultoa_common
 .text.avr-libc
                0x0000000000001f18       0x34 /usr/lib/gcc/avr/5.4.0/../../../avr/lib/avrxmega2/libc.a(utoa_ncheck.o)
                0x0000000000001f18                __utoa_ncheck
                0x0000000000001f1a                __utoa_common
 .text.avr-libc
                0x0000000000001f4c       0x7c /usr/lib/gcc/avr/5.4.0/../../../avr/lib/avrxmega2/libc.a(fgetc.o)
                0x0000000000001f4c                fgetc
 .text.avr-libc
                0x0000000000001fc8       0x78 /usr/lib/gcc/avr/5.4.0/../../../avr/lib/avrxmega2/libc.a(fputc.o)
                0x0000000000001fc8                fputc
 .text.avr-libc
                0x0000000000002040       0x44 /usr/lib/gcc/avr/5.4.0/../../../avr/lib/avrxmega2/libc.a(sprintf.o)
                0x0000000000002040                sprintf
 .text.avr-libc
                0x0000000000002084       0x38 /usr/lib/gcc/avr/5.4.0/../../../avr/lib/avrxmega2/libc.a(vsprintf.o)
                0x0000000000002084                vsprintf
 .text.avr-libc
                0x00000000000020bc       0x32 /usr/lib/gcc/avr/5.4.0/../../../avr/lib/avrxmega2/libc.a(ungetc.o)
                0x00000000000020bc                ungetc
 .text.avr-libc
                0x00000000000020ee       0xbc /usr/lib/gcc/avr/5.4.0/../../../avr/lib/avrxmega2/libc.a(ultoa_invert.o)
                0x00000000000020ee                __ultoa_invert
 .text.avr-libc
                0x00000000000021aa        0x6 /usr/lib/gcc/avr/5.4.0/../../../avr/lib/avrxmega2/libc.a(cty_isfalse.o)
                0x00000000000021aa                __ctype_isfalse
                0x00000000000021ae                __ctype_istrue
 .text.avr-libc
                0x00000000000021b0       0x20 /usr/lib/gcc/avr/5.4.0/../../../avr/lib/avrxmega2/libc.a(strrev.o)
                0x00000000000021b0                strrev
                0x00000000000021d0                . = ALIGN (0x2)
 *(.fini9)
 .fini9         0x00000000000021d0        0x0 /usr/lib/gcc/avr/5.4.0/avrxmega2/libgcc.a(_exit.o)
                0x00000000000021d0                exit
                0x00000000000021d0                _exit
 *(.fini9)
 *(.fini8)
 *(.fini8)
 *(.fini7)
 *(.fini7)
 *(.fini6)
 *(.fini6)
 *(.fini5)
 *(.fini5)
 *(.fini4)
 *(.fini4)
 *(.fini3)
 *(.fini3)
 *(.fini2)
 *(.fini2)
 *(.fini1)
 *(.fini1)
 *(.fini0)
 .fini0         0x00000000000021d0        0x4 /usr/lib/gcc/avr/5.4.0/avrxmega2/libgcc.a(_exit.o)
 *(.fini0)
                0x00000000000021d4                _etext = .

.data           0x0000000000802000       0x4a load address 0x00000000000021d4
                0x0000000000802000                PROVIDE (__data_start, .)
 *(.data)
 .data          0x0000000000802000        0x0 /usr/lib/gcc/avr/5.4.0/../../../avr/lib/avrxmega2/crtatxmega32a4u.o
 .data          0x0000000000802000        0x0 /usr/lib/gcc/avr/5.4.0/../../../avr/lib/avrxmega2/libprintf_flt.a(vfprintf_flt.o)
 .data          0x0000000000802000        0x0 /usr/lib/gcc/avr/5.4.0/../../../avr/lib/avrxmega2/libscanf_flt.a(vfscanf_flt.o)
 .data          0x0000000000802000        0x0 /usr/lib/gcc/avr/5.4.0/../../../avr/lib/avrxmega2/libm.a(floatsisf.o)
 .data          0x0000000000802000        0x0 /usr/lib/gcc/avr/5.4.0/../../../avr/lib/avrxmega2/libm.a(mulsf3.o)
 .data          0x0000000000802000        0x0 /usr/lib/gcc/avr/5.4.0/../../../avr/lib/avrxmega2/libm.a(mulsf3x.o)
 .data          0x0000000000802000        0x0 /usr/lib/gcc/avr/5.4.0/../../../avr/lib/avrxmega2/libm.a(fp_inf.o)
 .data          0x0000000000802000        0x0 /usr/lib/gcc/avr/5.4.0/../../../avr/lib/avrxmega2/libm.a(fp_nan.o)
 .data          0x0000000000802000        0x0 /usr/lib/gcc/avr/5.4.0/../../../avr/lib/avrxmega2/libm.a(fp_pscA.o)
 .data          0x0000000000802000        0x0 /usr/lib/gcc/avr/5.4.0/../../../avr/lib/avrxmega2/libm.a(fp_pscB.o)
 .data          0x0000000000802000        0x0 /usr/lib/gcc/avr/5.4.0/../../../avr/lib/avrxmega2/libm.a(fp_round.o)
 .data          0x0000000000802000        0x0 /usr/lib/gcc/avr/5.4.0/../../../avr/lib/avrxmega2/libm.a(fp_split3.o)
 .data          0x0000000000802000        0x0 /usr/lib/gcc/avr/5.4.0/../../../avr/lib/avrxmega2/libm.a(fp_zero.o)
 .data          0x0000000000802000        0x0 obj/TC_driver.o
 .data          0x0000000000802000        0x5 obj/cpu_parser.o
                0x0000000000802000                is_preamble
                0x0000000000802001                all_mode
                0x0000000000802003                state_mode
 .data          0x0000000000802005        0x0 obj/io.o
 .data          0x0000000000802005        0x0 obj/main.o
 .data          0x0000000000802005        0x2 obj/uart.o
                0x0000000000802005                text_emerg
 .data          0x0000000000802007        0x0 /usr/lib/gcc/avr/5.4.0/avrxmega2/libgcc.a(_exit.o)
 .data          0x0000000000802007        0x0 /usr/lib/gcc/avr/5.4.0/avrxmega2/libgcc.a(_copy_data.o)
 .data          0x0000000000802007        0x0 /usr/lib/gcc/avr/5.4.0/avrxmega2/libgcc.a(_clear_bss.o)
 .data          0x0000000000802007        0x0 /usr/lib/gcc/avr/5.4.0/avrxmega2/libgcc.a(_prologue.o)
 .data          0x0000000000802007        0x0 /usr/lib/gcc/avr/5.4.0/avrxmega2/libgcc.a(_epilogue.o)
 .data          0x0000000000802007        0x0 /usr/lib/gcc/avr/5.4.0/../../../avr/lib/avrxmega2/libc.a(atoi.o)
 .data          0x0000000000802007        0x0 /usr/lib/gcc/avr/5.4.0/../../../avr/lib/avrxmega2/libc.a(ftoa_engine.o)
 .data          0x0000000000802007        0x0 /usr/lib/gcc/avr/5.4.0/../../../avr/lib/avrxmega2/libc.a(isspace.o)
 .data          0x0000000000802007        0x0 /usr/lib/gcc/avr/5.4.0/../../../avr/lib/avrxmega2/libc.a(tolower.o)
 .data          0x0000000000802007        0x0 /usr/lib/gcc/avr/5.4.0/../../../avr/lib/avrxmega2/libc.a(strchr_P.o)
 .data          0x0000000000802007        0x0 /usr/lib/gcc/avr/5.4.0/../../../avr/lib/avrxmega2/libc.a(strnlen_P.o)
 .data          0x0000000000802007        0x0 /usr/lib/gcc/avr/5.4.0/../../../avr/lib/avrxmega2/libc.a(strtok.o)
 .data          0x0000000000802007        0x0 /usr/lib/gcc/avr/5.4.0/../../../avr/lib/avrxmega2/libc.a(memset.o)
 .data          0x0000000000802007        0x0 /usr/lib/gcc/avr/5.4.0/../../../avr/lib/avrxmega2/libc.a(strlen.o)
 .data          0x0000000000802007        0x0 /usr/lib/gcc/avr/5.4.0/../../../avr/lib/avrxmega2/libc.a(strnlen.o)
 .data          0x0000000000802007        0x0 /usr/lib/gcc/avr/5.4.0/../../../avr/lib/avrxmega2/libc.a(strtok_r.o)
 .data          0x0000000000802007        0x0 /usr/lib/gcc/avr/5.4.0/../../../avr/lib/avrxmega2/libc.a(itoa_ncheck.o)
 .data          0x0000000000802007        0x0 /usr/lib/gcc/avr/5.4.0/../../../avr/lib/avrxmega2/libc.a(ltoa_ncheck.o)
 .data          0x0000000000802007        0x0 /usr/lib/gcc/avr/5.4.0/../../../avr/lib/avrxmega2/libc.a(mul10.o)
 .data          0x0000000000802007        0x0 /usr/lib/gcc/avr/5.4.0/../../../avr/lib/avrxmega2/libc.a(ultoa_ncheck.o)
 .data          0x0000000000802007        0x0 /usr/lib/gcc/avr/5.4.0/../../../avr/lib/avrxmega2/libc.a(utoa_ncheck.o)
 .data          0x0000000000802007        0x0 /usr/lib/gcc/avr/5.4.0/../../../avr/lib/avrxmega2/libc.a(fgetc.o)
 .data          0x0000000000802007        0x0 /usr/lib/gcc/avr/5.4.0/../../../avr/lib/avrxmega2/libc.a(fputc.o)
 .data          0x0000000000802007        0x0 /usr/lib/gcc/avr/5.4.0/../../../avr/lib/avrxmega2/libc.a(sprintf.o)
 .data          0x0000000000802007        0x0 /usr/lib/gcc/avr/5.4.0/../../../avr/lib/avrxmega2/libc.a(vsprintf.o)
 .data          0x0000000000802007        0x0 /usr/lib/gcc/avr/5.4.0/../../../avr/lib/avrxmega2/libc.a(ungetc.o)
 .data          0x0000000000802007        0x0 /usr/lib/gcc/avr/5.4.0/../../../avr/lib/avrxmega2/libc.a(ultoa_invert.o)
 .data          0x0000000000802007        0x0 /usr/lib/gcc/avr/5.4.0/../../../avr/lib/avrxmega2/libc.a(cty_isfalse.o)
 .data          0x0000000000802007        0x0 /usr/lib/gcc/avr/5.4.0/../../../avr/lib/avrxmega2/libc.a(strrev.o)
 *(.data*)
 *(.rodata)
 *(.rodata*)
 .rodata.str1.1
                0x0000000000802007       0x36 obj/cpu_parser.o
                                         0x38 (size before relaxing)
 .rodata.str1.1
                0x000000000080203d        0x7 obj/main.o
 .rodata.str1.1
                0x0000000000802044        0x6 obj/uart.o
 *(.gnu.linkonce.d*)
                0x000000000080204a                . = ALIGN (0x2)
                0x000000000080204a                _edata = .
                0x000000000080204a                PROVIDE (__data_end, .)

.bss            0x000000000080204a      0x15e
                0x000000000080204a                PROVIDE (__bss_start, .)
 *(.bss)
 .bss           0x000000000080204a        0x0 /usr/lib/gcc/avr/5.4.0/../../../avr/lib/avrxmega2/crtatxmega32a4u.o
 .bss           0x000000000080204a        0x0 /usr/lib/gcc/avr/5.4.0/../../../avr/lib/avrxmega2/libprintf_flt.a(vfprintf_flt.o)
 .bss           0x000000000080204a        0x0 /usr/lib/gcc/avr/5.4.0/../../../avr/lib/avrxmega2/libscanf_flt.a(vfscanf_flt.o)
 .bss           0x000000000080204a        0x0 /usr/lib/gcc/avr/5.4.0/../../../avr/lib/avrxmega2/libm.a(floatsisf.o)
 .bss           0x000000000080204a        0x0 /usr/lib/gcc/avr/5.4.0/../../../avr/lib/avrxmega2/libm.a(mulsf3.o)
 .bss           0x000000000080204a        0x0 /usr/lib/gcc/avr/5.4.0/../../../avr/lib/avrxmega2/libm.a(mulsf3x.o)
 .bss           0x000000000080204a        0x0 /usr/lib/gcc/avr/5.4.0/../../../avr/lib/avrxmega2/libm.a(fp_inf.o)
 .bss           0x000000000080204a        0x0 /usr/lib/gcc/avr/5.4.0/../../../avr/lib/avrxmega2/libm.a(fp_nan.o)
 .bss           0x000000000080204a        0x0 /usr/lib/gcc/avr/5.4.0/../../../avr/lib/avrxmega2/libm.a(fp_pscA.o)
 .bss           0x000000000080204a        0x0 /usr/lib/gcc/avr/5.4.0/../../../avr/lib/avrxmega2/libm.a(fp_pscB.o)
 .bss           0x000000000080204a        0x0 /usr/lib/gcc/avr/5.4.0/../../../avr/lib/avrxmega2/libm.a(fp_round.o)
 .bss           0x000000000080204a        0x0 /usr/lib/gcc/avr/5.4.0/../../../avr/lib/avrxmega2/libm.a(fp_split3.o)
 .bss           0x000000000080204a        0x0 /usr/lib/gcc/avr/5.4.0/../../../avr/lib/avrxmega2/libm.a(fp_zero.o)
 .bss           0x000000000080204a        0x0 obj/TC_driver.o
 .bss           0x000000000080204a        0x3 obj/cpu_parser.o
                0x000000000080204a                new_command
                0x000000000080204b                cnt_cpu
                0x000000000080204c                parser_mode
 .bss           0x000000000080204d        0x0 obj/io.o
 .bss           0x000000000080204d        0x0 obj/main.o
 .bss           0x000000000080204d        0x2 obj/uart.o
                0x000000000080204d                cnt_reset_stop_emerg
 .bss           0x000000000080204f        0x0 /usr/lib/gcc/avr/5.4.0/avrxmega2/libgcc.a(_exit.o)
 .bss           0x000000000080204f        0x0 /usr/lib/gcc/avr/5.4.0/avrxmega2/libgcc.a(_copy_data.o)
 .bss           0x000000000080204f        0x0 /usr/lib/gcc/avr/5.4.0/avrxmega2/libgcc.a(_clear_bss.o)
 .bss           0x000000000080204f        0x0 /usr/lib/gcc/avr/5.4.0/avrxmega2/libgcc.a(_prologue.o)
 .bss           0x000000000080204f        0x0 /usr/lib/gcc/avr/5.4.0/avrxmega2/libgcc.a(_epilogue.o)
 .bss           0x000000000080204f        0x0 /usr/lib/gcc/avr/5.4.0/../../../avr/lib/avrxmega2/libc.a(atoi.o)
 .bss           0x000000000080204f        0x0 /usr/lib/gcc/avr/5.4.0/../../../avr/lib/avrxmega2/libc.a(ftoa_engine.o)
 .bss           0x000000000080204f        0x0 /usr/lib/gcc/avr/5.4.0/../../../avr/lib/avrxmega2/libc.a(isspace.o)
 .bss           0x000000000080204f        0x0 /usr/lib/gcc/avr/5.4.0/../../../avr/lib/avrxmega2/libc.a(tolower.o)
 .bss           0x000000000080204f        0x0 /usr/lib/gcc/avr/5.4.0/../../../avr/lib/avrxmega2/libc.a(strchr_P.o)
 .bss           0x000000000080204f        0x0 /usr/lib/gcc/avr/5.4.0/../../../avr/lib/avrxmega2/libc.a(strnlen_P.o)
 .bss           0x000000000080204f        0x2 /usr/lib/gcc/avr/5.4.0/../../../avr/lib/avrxmega2/libc.a(strtok.o)
 .bss           0x0000000000802051        0x0 /usr/lib/gcc/avr/5.4.0/../../../avr/lib/avrxmega2/libc.a(memset.o)
 .bss           0x0000000000802051        0x0 /usr/lib/gcc/avr/5.4.0/../../../avr/lib/avrxmega2/libc.a(strlen.o)
 .bss           0x0000000000802051        0x0 /usr/lib/gcc/avr/5.4.0/../../../avr/lib/avrxmega2/libc.a(strnlen.o)
 .bss           0x0000000000802051        0x0 /usr/lib/gcc/avr/5.4.0/../../../avr/lib/avrxmega2/libc.a(strtok_r.o)
 .bss           0x0000000000802051        0x0 /usr/lib/gcc/avr/5.4.0/../../../avr/lib/avrxmega2/libc.a(itoa_ncheck.o)
 .bss           0x0000000000802051        0x0 /usr/lib/gcc/avr/5.4.0/../../../avr/lib/avrxmega2/libc.a(ltoa_ncheck.o)
 .bss           0x0000000000802051        0x0 /usr/lib/gcc/avr/5.4.0/../../../avr/lib/avrxmega2/libc.a(mul10.o)
 .bss           0x0000000000802051        0x0 /usr/lib/gcc/avr/5.4.0/../../../avr/lib/avrxmega2/libc.a(ultoa_ncheck.o)
 .bss           0x0000000000802051        0x0 /usr/lib/gcc/avr/5.4.0/../../../avr/lib/avrxmega2/libc.a(utoa_ncheck.o)
 .bss           0x0000000000802051        0x0 /usr/lib/gcc/avr/5.4.0/../../../avr/lib/avrxmega2/libc.a(fgetc.o)
 .bss           0x0000000000802051        0x0 /usr/lib/gcc/avr/5.4.0/../../../avr/lib/avrxmega2/libc.a(fputc.o)
 .bss           0x0000000000802051        0x0 /usr/lib/gcc/avr/5.4.0/../../../avr/lib/avrxmega2/libc.a(sprintf.o)
 .bss           0x0000000000802051        0x0 /usr/lib/gcc/avr/5.4.0/../../../avr/lib/avrxmega2/libc.a(vsprintf.o)
 .bss           0x0000000000802051        0x0 /usr/lib/gcc/avr/5.4.0/../../../avr/lib/avrxmega2/libc.a(ungetc.o)
 .bss           0x0000000000802051        0x0 /usr/lib/gcc/avr/5.4.0/../../../avr/lib/avrxmega2/libc.a(ultoa_invert.o)
 .bss           0x0000000000802051        0x0 /usr/lib/gcc/avr/5.4.0/../../../avr/lib/avrxmega2/libc.a(cty_isfalse.o)
 .bss           0x0000000000802051        0x0 /usr/lib/gcc/avr/5.4.0/../../../avr/lib/avrxmega2/libc.a(strrev.o)
 *(.bss*)
 *(COMMON)
 COMMON         0x0000000000802051       0x57 obj/cpu_parser.o
                0x0000000000802051                csum_cpu
                0x0000000000802052                data_cpu_rx
                0x0000000000802072                text_to_send_cpu
                0x0000000000802082                _cpuData
                0x0000000000802088                data_cpu_cmd
 COMMON         0x00000000008020a8      0x100 obj/uart.o
                0x00000000008020a8                debug_bfr
                0x00000000008021a8                PROVIDE (__bss_end, .)
                0x00000000000021d4                __data_load_start = LOADADDR (.data)
                0x000000000000221e                __data_load_end = (__data_load_start + SIZEOF (.data))

.noinit         0x00000000008021a8        0x0
                [!provide]                        PROVIDE (__noinit_start, .)
 *(.noinit*)
                [!provide]                        PROVIDE (__noinit_end, .)
                0x00000000008021a8                _end = .
                [!provide]                        PROVIDE (__heap_start, .)

.eeprom         0x0000000000810000        0x0
 *(.eeprom*)
                0x0000000000810000                __eeprom_end = .

.fuse
 *(.fuse)
 *(.lfuse)
 *(.hfuse)
 *(.efuse)

.lock
 *(.lock*)

.signature
 *(.signature*)

.user_signatures
 *(.user_signatures*)

.stab           0x0000000000000000     0x3e64
 *(.stab)
 .stab          0x0000000000000000     0x1e24 obj/TC_driver.o
 .stab          0x0000000000001e24      0x9b4 obj/cpu_parser.o
                                       0x1c68 (size before relaxing)
 .stab          0x00000000000027d8      0x984 obj/io.o
                                       0x1cbc (size before relaxing)
 .stab          0x000000000000315c      0x5dc obj/main.o
                                       0x1938 (size before relaxing)
 .stab          0x0000000000003738      0x72c obj/uart.o
                                       0x1b3c (size before relaxing)

.stabstr        0x0000000000000000     0xe351
 *(.stabstr)
 .stabstr       0x0000000000000000     0xe351 obj/TC_driver.o

.stab.excl
 *(.stab.excl)

.stab.exclstr
 *(.stab.exclstr)

.stab.index
 *(.stab.index)

.stab.indexstr
 *(.stab.indexstr)

.comment        0x0000000000000000       0x11
 *(.comment)
 .comment       0x0000000000000000       0x11 /usr/lib/gcc/avr/5.4.0/../../../avr/lib/avrxmega2/libprintf_flt.a(vfprintf_flt.o)
                                         0x12 (size before relaxing)
 .comment       0x0000000000000011       0x12 /usr/lib/gcc/avr/5.4.0/../../../avr/lib/avrxmega2/libscanf_flt.a(vfscanf_flt.o)
 .comment       0x0000000000000011       0x12 obj/TC_driver.o
 .comment       0x0000000000000011       0x12 obj/cpu_parser.o
 .comment       0x0000000000000011       0x12 obj/io.o
 .comment       0x0000000000000011       0x12 obj/main.o
 .comment       0x0000000000000011       0x12 obj/uart.o
 .comment       0x0000000000000011       0x12 /usr/lib/gcc/avr/5.4.0/../../../avr/lib/avrxmega2/libc.a(strtok.o)
 .comment       0x0000000000000011       0x12 /usr/lib/gcc/avr/5.4.0/../../../avr/lib/avrxmega2/libc.a(fgetc.o)
 .comment       0x0000000000000011       0x12 /usr/lib/gcc/avr/5.4.0/../../../avr/lib/avrxmega2/libc.a(fputc.o)
 .comment       0x0000000000000011       0x12 /usr/lib/gcc/avr/5.4.0/../../../avr/lib/avrxmega2/libc.a(sprintf.o)
 .comment       0x0000000000000011       0x12 /usr/lib/gcc/avr/5.4.0/../../../avr/lib/avrxmega2/libc.a(vsprintf.o)
 .comment       0x0000000000000011       0x12 /usr/lib/gcc/avr/5.4.0/../../../avr/lib/avrxmega2/libc.a(ungetc.o)

.note.gnu.avr.deviceinfo
                0x0000000000000000       0x40
 .note.gnu.avr.deviceinfo
                0x0000000000000000       0x40 /usr/lib/gcc/avr/5.4.0/../../../avr/lib/avrxmega2/crtatxmega32a4u.o

.note.gnu.build-id
 *(.note.gnu.build-id)

.debug
 *(.debug)

.line
 *(.line)

.debug_srcinfo
 *(.debug_srcinfo)

.debug_sfnames
 *(.debug_sfnames)

.debug_aranges
 *(.debug_aranges)

.debug_pubnames
 *(.debug_pubnames)

.debug_info     0x0000000000000000     0x284f
 *(.debug_info .gnu.linkonce.wi.*)
 .debug_info    0x0000000000000000     0x284f /usr/lib/gcc/avr/5.4.0/../../../avr/lib/avrxmega2/crtatxmega32a4u.o

.debug_abbrev   0x0000000000000000     0x262c
 *(.debug_abbrev)
 .debug_abbrev  0x0000000000000000     0x262c /usr/lib/gcc/avr/5.4.0/../../../avr/lib/avrxmega2/crtatxmega32a4u.o

.debug_line     0x0000000000000000       0x1a
 *(.debug_line .debug_line.* .debug_line_end)
 .debug_line    0x0000000000000000       0x1a /usr/lib/gcc/avr/5.4.0/../../../avr/lib/avrxmega2/crtatxmega32a4u.o

.debug_frame
 *(.debug_frame)

.debug_str      0x0000000000000000     0x1aa8
 *(.debug_str)
 .debug_str     0x0000000000000000     0x1aa8 /usr/lib/gcc/avr/5.4.0/../../../avr/lib/avrxmega2/crtatxmega32a4u.o

.debug_loc
 *(.debug_loc)

.debug_macinfo
 *(.debug_macinfo)

.debug_weaknames
 *(.debug_weaknames)

.debug_funcnames
 *(.debug_funcnames)

.debug_typenames
 *(.debug_typenames)

.debug_varnames
 *(.debug_varnames)

.debug_pubtypes
 *(.debug_pubtypes)

.debug_ranges
 *(.debug_ranges)

.debug_macro
 *(.debug_macro)
OUTPUT(usart.elf elf32-avr)
LOAD linker stubs

Cross Reference Table

Symbol                                            File
CRC8_CPU                                          obj/cpu_parser.o
TC0_ConfigClockSource                             obj/TC_driver.o
TC0_ConfigInputCapture                            obj/TC_driver.o
TC0_ConfigWGM                                     obj/TC_driver.o
TC0_DisableCCChannels                             obj/TC_driver.o
TC0_EnableCCChannels                              obj/TC_driver.o
TC0_Reset                                         obj/TC_driver.o
TC0_SetCCAIntLevel                                obj/TC_driver.o
TC0_SetCCBIntLevel                                obj/TC_driver.o
TC0_SetCCCIntLevel                                obj/TC_driver.o
TC0_SetCCDIntLevel                                obj/TC_driver.o
TC0_SetErrorIntLevel                              obj/TC_driver.o
TC0_SetOverflowIntLevel                           obj/TC_driver.o
TC1_ConfigClockSource                             obj/TC_driver.o
TC1_ConfigInputCapture                            obj/TC_driver.o
TC1_ConfigWGM                                     obj/TC_driver.o
TC1_DisableCCChannels                             obj/TC_driver.o
TC1_EnableCCChannels                              obj/TC_driver.o
TC1_Reset                                         obj/TC_driver.o
TC1_SetCCAIntLevel                                obj/TC_driver.o
TC1_SetCCBIntLevel                                obj/TC_driver.o
TC1_SetErrorIntLevel                              obj/TC_driver.o
TC1_SetOverflowIntLevel                           obj/TC_driver.o
UART_sendChar                                     obj/uart.o
UART_sendInt                                      obj/uart.o
UART_sendLint                                     obj/uart.o
UART_sendString                                   obj/uart.o
__FUSE_REGION_LENGTH__                            /usr/lib/gcc/avr/5.4.0/../../../avr/lib/avrxmega2/crtatxmega32a4u.o
__bad_interrupt                                   /usr/lib/gcc/avr/5.4.0/../../../avr/lib/avrxmega2/crtatxmega32a4u.o
__bss_end                                         /usr/lib/gcc/avr/5.4.0/avrxmega2/libgcc.a(_clear_bss.o)
__bss_start                                       /usr/lib/gcc/avr/5.4.0/avrxmega2/libgcc.a(_clear_bss.o)
__ctype_isfalse                                   /usr/lib/gcc/avr/5.4.0/../../../avr/lib/avrxmega2/libc.a(cty_isfalse.o)
                                                  /usr/lib/gcc/avr/5.4.0/../../../avr/lib/avrxmega2/libc.a(isspace.o)
__ctype_istrue                                    /usr/lib/gcc/avr/5.4.0/../../../avr/lib/avrxmega2/libc.a(cty_isfalse.o)
__data_end                                        /usr/lib/gcc/avr/5.4.0/avrxmega2/libgcc.a(_copy_data.o)
__data_load_start                                 /usr/lib/gcc/avr/5.4.0/avrxmega2/libgcc.a(_copy_data.o)
__data_start                                      /usr/lib/gcc/avr/5.4.0/avrxmega2/libgcc.a(_copy_data.o)
__do_clear_bss                                    /usr/lib/gcc/avr/5.4.0/avrxmega2/libgcc.a(_clear_bss.o)
                                                  /usr/lib/gcc/avr/5.4.0/../../../avr/lib/avrxmega2/libc.a(strtok.o)
                                                  obj/uart.o
                                                  obj/main.o
                                                  obj/cpu_parser.o
__do_copy_data                                    /usr/lib/gcc/avr/5.4.0/avrxmega2/libgcc.a(_copy_data.o)
                                                  obj/uart.o
                                                  obj/main.o
                                                  obj/cpu_parser.o
__epilogue_restores__                             /usr/lib/gcc/avr/5.4.0/avrxmega2/libgcc.a(_epilogue.o)
                                                  /usr/lib/gcc/avr/5.4.0/../../../avr/lib/avrxmega2/libc.a(vsprintf.o)
                                                  /usr/lib/gcc/avr/5.4.0/../../../avr/lib/avrxmega2/libc.a(sprintf.o)
                                                  /usr/lib/gcc/avr/5.4.0/../../../avr/lib/avrxmega2/libscanf_flt.a(vfscanf_flt.o)
                                                  /usr/lib/gcc/avr/5.4.0/../../../avr/lib/avrxmega2/libprintf_flt.a(vfprintf_flt.o)
__floatsisf                                       /usr/lib/gcc/avr/5.4.0/../../../avr/lib/avrxmega2/libm.a(floatsisf.o)
__floatunsisf                                     /usr/lib/gcc/avr/5.4.0/../../../avr/lib/avrxmega2/libm.a(floatsisf.o)
                                                  /usr/lib/gcc/avr/5.4.0/../../../avr/lib/avrxmega2/libscanf_flt.a(vfscanf_flt.o)
__fp_inf                                          /usr/lib/gcc/avr/5.4.0/../../../avr/lib/avrxmega2/libm.a(fp_inf.o)
                                                  /usr/lib/gcc/avr/5.4.0/../../../avr/lib/avrxmega2/libm.a(mulsf3x.o)
__fp_nan                                          /usr/lib/gcc/avr/5.4.0/../../../avr/lib/avrxmega2/libm.a(fp_nan.o)
                                                  /usr/lib/gcc/avr/5.4.0/../../../avr/lib/avrxmega2/libm.a(mulsf3x.o)
__fp_pscA                                         /usr/lib/gcc/avr/5.4.0/../../../avr/lib/avrxmega2/libm.a(fp_pscA.o)
                                                  /usr/lib/gcc/avr/5.4.0/../../../avr/lib/avrxmega2/libm.a(mulsf3x.o)
__fp_pscB                                         /usr/lib/gcc/avr/5.4.0/../../../avr/lib/avrxmega2/libm.a(fp_pscB.o)
                                                  /usr/lib/gcc/avr/5.4.0/../../../avr/lib/avrxmega2/libm.a(mulsf3x.o)
__fp_round                                        /usr/lib/gcc/avr/5.4.0/../../../avr/lib/avrxmega2/libm.a(fp_round.o)
                                                  /usr/lib/gcc/avr/5.4.0/../../../avr/lib/avrxmega2/libm.a(mulsf3.o)
__fp_split3                                       /usr/lib/gcc/avr/5.4.0/../../../avr/lib/avrxmega2/libm.a(fp_split3.o)
                                                  /usr/lib/gcc/avr/5.4.0/../../../avr/lib/avrxmega2/libm.a(mulsf3x.o)
__fp_splitA                                       /usr/lib/gcc/avr/5.4.0/../../../avr/lib/avrxmega2/libm.a(fp_split3.o)
__fp_szero                                        /usr/lib/gcc/avr/5.4.0/../../../avr/lib/avrxmega2/libm.a(fp_zero.o)
                                                  /usr/lib/gcc/avr/5.4.0/../../../avr/lib/avrxmega2/libm.a(mulsf3x.o)
__fp_zero                                         /usr/lib/gcc/avr/5.4.0/../../../avr/lib/avrxmega2/libm.a(fp_zero.o)
__ftoa_engine                                     /usr/lib/gcc/avr/5.4.0/../../../avr/lib/avrxmega2/libc.a(ftoa_engine.o)
                                                  /usr/lib/gcc/avr/5.4.0/../../../avr/lib/avrxmega2/libprintf_flt.a(vfprintf_flt.o)
__heap_end                                        /usr/lib/gcc/avr/5.4.0/../../../avr/lib/avrxmega2/crtatxmega32a4u.o
__init                                            /usr/lib/gcc/avr/5.4.0/../../../avr/lib/avrxmega2/crtatxmega32a4u.o
__itoa_ncheck                                     /usr/lib/gcc/avr/5.4.0/../../../avr/lib/avrxmega2/libc.a(itoa_ncheck.o)
                                                  obj/uart.o
__ltoa_ncheck                                     /usr/lib/gcc/avr/5.4.0/../../../avr/lib/avrxmega2/libc.a(ltoa_ncheck.o)
                                                  obj/uart.o
__mulhi_const_10                                  /usr/lib/gcc/avr/5.4.0/../../../avr/lib/avrxmega2/libc.a(mul10.o)
                                                  /usr/lib/gcc/avr/5.4.0/../../../avr/lib/avrxmega2/libc.a(atoi.o)
__mulsf3                                          /usr/lib/gcc/avr/5.4.0/../../../avr/lib/avrxmega2/libm.a(mulsf3.o)
                                                  /usr/lib/gcc/avr/5.4.0/../../../avr/lib/avrxmega2/libscanf_flt.a(vfscanf_flt.o)
__mulsf3_pse                                      /usr/lib/gcc/avr/5.4.0/../../../avr/lib/avrxmega2/libm.a(mulsf3x.o)
__mulsf3x                                         /usr/lib/gcc/avr/5.4.0/../../../avr/lib/avrxmega2/libm.a(mulsf3x.o)
                                                  /usr/lib/gcc/avr/5.4.0/../../../avr/lib/avrxmega2/libm.a(mulsf3.o)
__prologue_saves__                                /usr/lib/gcc/avr/5.4.0/avrxmega2/libgcc.a(_prologue.o)
                                                  /usr/lib/gcc/avr/5.4.0/../../../avr/lib/avrxmega2/libc.a(vsprintf.o)
                                                  /usr/lib/gcc/avr/5.4.0/../../../avr/lib/avrxmega2/libc.a(sprintf.o)
                                                  /usr/lib/gcc/avr/5.4.0/../../../avr/lib/avrxmega2/libscanf_flt.a(vfscanf_flt.o)
                                                  /usr/lib/gcc/avr/5.4.0/../../../avr/lib/avrxmega2/libprintf_flt.a(vfprintf_flt.o)
__stack                                           /usr/lib/gcc/avr/5.4.0/../../../avr/lib/avrxmega2/crtatxmega32a4u.o
__ultoa_common                                    /usr/lib/gcc/avr/5.4.0/../../../avr/lib/avrxmega2/libc.a(ultoa_ncheck.o)
                                                  /usr/lib/gcc/avr/5.4.0/../../../avr/lib/avrxmega2/libc.a(ltoa_ncheck.o)
__ultoa_invert                                    /usr/lib/gcc/avr/5.4.0/../../../avr/lib/avrxmega2/libc.a(ultoa_invert.o)
                                                  /usr/lib/gcc/avr/5.4.0/../../../avr/lib/avrxmega2/libprintf_flt.a(vfprintf_flt.o)
__ultoa_ncheck                                    /usr/lib/gcc/avr/5.4.0/../../../avr/lib/avrxmega2/libc.a(ultoa_ncheck.o)
__utoa_common                                     /usr/lib/gcc/avr/5.4.0/../../../avr/lib/avrxmega2/libc.a(utoa_ncheck.o)
                                                  /usr/lib/gcc/avr/5.4.0/../../../avr/lib/avrxmega2/libc.a(itoa_ncheck.o)
__utoa_ncheck                                     /usr/lib/gcc/avr/5.4.0/../../../avr/lib/avrxmega2/libc.a(utoa_ncheck.o)
__vector_1                                        /usr/lib/gcc/avr/5.4.0/../../../avr/lib/avrxmega2/crtatxmega32a4u.o
__vector_10                                       /usr/lib/gcc/avr/5.4.0/../../../avr/lib/avrxmega2/crtatxmega32a4u.o
__vector_100                                      /usr/lib/gcc/avr/5.4.0/../../../avr/lib/avrxmega2/crtatxmega32a4u.o
__vector_101                                      /usr/lib/gcc/avr/5.4.0/../../../avr/lib/avrxmega2/crtatxmega32a4u.o
__vector_102                                      /usr/lib/gcc/avr/5.4.0/../../../avr/lib/avrxmega2/crtatxmega32a4u.o
__vector_103                                      /usr/lib/gcc/avr/5.4.0/../../../avr/lib/avrxmega2/crtatxmega32a4u.o
__vector_104                                      /usr/lib/gcc/avr/5.4.0/../../../avr/lib/avrxmega2/crtatxmega32a4u.o
__vector_105                                      /usr/lib/gcc/avr/5.4.0/../../../avr/lib/avrxmega2/crtatxmega32a4u.o
__vector_106                                      /usr/lib/gcc/avr/5.4.0/../../../avr/lib/avrxmega2/crtatxmega32a4u.o
__vector_107                                      /usr/lib/gcc/avr/5.4.0/../../../avr/lib/avrxmega2/crtatxmega32a4u.o
__vector_108                                      /usr/lib/gcc/avr/5.4.0/../../../avr/lib/avrxmega2/crtatxmega32a4u.o
__vector_109                                      /usr/lib/gcc/avr/5.4.0/../../../avr/lib/avrxmega2/crtatxmega32a4u.o
__vector_11                                       /usr/lib/gcc/avr/5.4.0/../../../avr/lib/avrxmega2/crtatxmega32a4u.o
__vector_110                                      /usr/lib/gcc/avr/5.4.0/../../../avr/lib/avrxmega2/crtatxmega32a4u.o
__vector_111                                      /usr/lib/gcc/avr/5.4.0/../../../avr/lib/avrxmega2/crtatxmega32a4u.o
__vector_112                                      /usr/lib/gcc/avr/5.4.0/../../../avr/lib/avrxmega2/crtatxmega32a4u.o
__vector_113                                      /usr/lib/gcc/avr/5.4.0/../../../avr/lib/avrxmega2/crtatxmega32a4u.o
__vector_114                                      /usr/lib/gcc/avr/5.4.0/../../../avr/lib/avrxmega2/crtatxmega32a4u.o
__vector_115                                      /usr/lib/gcc/avr/5.4.0/../../../avr/lib/avrxmega2/crtatxmega32a4u.o
__vector_116                                      /usr/lib/gcc/avr/5.4.0/../../../avr/lib/avrxmega2/crtatxmega32a4u.o
__vector_117                                      /usr/lib/gcc/avr/5.4.0/../../../avr/lib/avrxmega2/crtatxmega32a4u.o
__vector_118                                      /usr/lib/gcc/avr/5.4.0/../../../avr/lib/avrxmega2/crtatxmega32a4u.o
__vector_119                                      /usr/lib/gcc/avr/5.4.0/../../../avr/lib/avrxmega2/crtatxmega32a4u.o
__vector_12                                       /usr/lib/gcc/avr/5.4.0/../../../avr/lib/avrxmega2/crtatxmega32a4u.o
__vector_120                                      /usr/lib/gcc/avr/5.4.0/../../../avr/lib/avrxmega2/crtatxmega32a4u.o
__vector_121                                      /usr/lib/gcc/avr/5.4.0/../../../avr/lib/avrxmega2/crtatxmega32a4u.o
__vector_122                                      /usr/lib/gcc/avr/5.4.0/../../../avr/lib/avrxmega2/crtatxmega32a4u.o
__vector_123                                      /usr/lib/gcc/avr/5.4.0/../../../avr/lib/avrxmega2/crtatxmega32a4u.o
__vector_124                                      /usr/lib/gcc/avr/5.4.0/../../../avr/lib/avrxmega2/crtatxmega32a4u.o
__vector_125                                      /usr/lib/gcc/avr/5.4.0/../../../avr/lib/avrxmega2/crtatxmega32a4u.o
__vector_126                                      /usr/lib/gcc/avr/5.4.0/../../../avr/lib/avrxmega2/crtatxmega32a4u.o
__vector_13                                       /usr/lib/gcc/avr/5.4.0/../../../avr/lib/avrxmega2/crtatxmega32a4u.o
__vector_14                                       /usr/lib/gcc/avr/5.4.0/../../../avr/lib/avrxmega2/crtatxmega32a4u.o
__vector_15                                       /usr/lib/gcc/avr/5.4.0/../../../avr/lib/avrxmega2/crtatxmega32a4u.o
__vector_16                                       /usr/lib/gcc/avr/5.4.0/../../../avr/lib/avrxmega2/crtatxmega32a4u.o
__vector_17                                       /usr/lib/gcc/avr/5.4.0/../../../avr/lib/avrxmega2/crtatxmega32a4u.o
__vector_18                                       /usr/lib/gcc/avr/5.4.0/../../../avr/lib/avrxmega2/crtatxmega32a4u.o
__vector_19                                       /usr/lib/gcc/avr/5.4.0/../../../avr/lib/avrxmega2/crtatxmega32a4u.o
__vector_2                                        /usr/lib/gcc/avr/5.4.0/../../../avr/lib/avrxmega2/crtatxmega32a4u.o
__vector_20                                       /usr/lib/gcc/avr/5.4.0/../../../avr/lib/avrxmega2/crtatxmega32a4u.o
__vector_21                                       /usr/lib/gcc/avr/5.4.0/../../../avr/lib/avrxmega2/crtatxmega32a4u.o
__vector_22                                       /usr/lib/gcc/avr/5.4.0/../../../avr/lib/avrxmega2/crtatxmega32a4u.o
__vector_23                                       /usr/lib/gcc/avr/5.4.0/../../../avr/lib/avrxmega2/crtatxmega32a4u.o
__vector_24                                       /usr/lib/gcc/avr/5.4.0/../../../avr/lib/avrxmega2/crtatxmega32a4u.o
__vector_25                                       obj/uart.o
                                                  /usr/lib/gcc/avr/5.4.0/../../../avr/lib/avrxmega2/crtatxmega32a4u.o
__vector_26                                       /usr/lib/gcc/avr/5.4.0/../../../avr/lib/avrxmega2/crtatxmega32a4u.o
__vector_27                                       /usr/lib/gcc/avr/5.4.0/../../../avr/lib/avrxmega2/crtatxmega32a4u.o
__vector_28                                       /usr/lib/gcc/avr/5.4.0/../../../avr/lib/avrxmega2/crtatxmega32a4u.o
__vector_29                                       /usr/lib/gcc/avr/5.4.0/../../../avr/lib/avrxmega2/crtatxmega32a4u.o
__vector_3                                        /usr/lib/gcc/avr/5.4.0/../../../avr/lib/avrxmega2/crtatxmega32a4u.o
__vector_30                                       /usr/lib/gcc/avr/5.4.0/../../../avr/lib/avrxmega2/crtatxmega32a4u.o
__vector_31                                       /usr/lib/gcc/avr/5.4.0/../../../avr/lib/avrxmega2/crtatxmega32a4u.o
__vector_32                                       /usr/lib/gcc/avr/5.4.0/../../../avr/lib/avrxmega2/crtatxmega32a4u.o
__vector_33                                       /usr/lib/gcc/avr/5.4.0/../../../avr/lib/avrxmega2/crtatxmega32a4u.o
__vector_34                                       /usr/lib/gcc/avr/5.4.0/../../../avr/lib/avrxmega2/crtatxmega32a4u.o
__vector_35                                       /usr/lib/gcc/avr/5.4.0/../../../avr/lib/avrxmega2/crtatxmega32a4u.o
__vector_36                                       /usr/lib/gcc/avr/5.4.0/../../../avr/lib/avrxmega2/crtatxmega32a4u.o
__vector_37                                       /usr/lib/gcc/avr/5.4.0/../../../avr/lib/avrxmega2/crtatxmega32a4u.o
__vector_38                                       /usr/lib/gcc/avr/5.4.0/../../../avr/lib/avrxmega2/crtatxmega32a4u.o
__vector_39                                       /usr/lib/gcc/avr/5.4.0/../../../avr/lib/avrxmega2/crtatxmega32a4u.o
__vector_4                                        /usr/lib/gcc/avr/5.4.0/../../../avr/lib/avrxmega2/crtatxmega32a4u.o
__vector_40                                       /usr/lib/gcc/avr/5.4.0/../../../avr/lib/avrxmega2/crtatxmega32a4u.o
__vector_41                                       /usr/lib/gcc/avr/5.4.0/../../../avr/lib/avrxmega2/crtatxmega32a4u.o
__vector_42                                       /usr/lib/gcc/avr/5.4.0/../../../avr/lib/avrxmega2/crtatxmega32a4u.o
__vector_43                                       /usr/lib/gcc/avr/5.4.0/../../../avr/lib/avrxmega2/crtatxmega32a4u.o
__vector_44                                       /usr/lib/gcc/avr/5.4.0/../../../avr/lib/avrxmega2/crtatxmega32a4u.o
__vector_45                                       /usr/lib/gcc/avr/5.4.0/../../../avr/lib/avrxmega2/crtatxmega32a4u.o
__vector_46                                       /usr/lib/gcc/avr/5.4.0/../../../avr/lib/avrxmega2/crtatxmega32a4u.o
__vector_47                                       /usr/lib/gcc/avr/5.4.0/../../../avr/lib/avrxmega2/crtatxmega32a4u.o
__vector_48                                       /usr/lib/gcc/avr/5.4.0/../../../avr/lib/avrxmega2/crtatxmega32a4u.o
__vector_49                                       /usr/lib/gcc/avr/5.4.0/../../../avr/lib/avrxmega2/crtatxmega32a4u.o
__vector_5                                        /usr/lib/gcc/avr/5.4.0/../../../avr/lib/avrxmega2/crtatxmega32a4u.o
__vector_50                                       /usr/lib/gcc/avr/5.4.0/../../../avr/lib/avrxmega2/crtatxmega32a4u.o
__vector_51                                       /usr/lib/gcc/avr/5.4.0/../../../avr/lib/avrxmega2/crtatxmega32a4u.o
__vector_52                                       /usr/lib/gcc/avr/5.4.0/../../../avr/lib/avrxmega2/crtatxmega32a4u.o
__vector_53                                       /usr/lib/gcc/avr/5.4.0/../../../avr/lib/avrxmega2/crtatxmega32a4u.o
__vector_54                                       /usr/lib/gcc/avr/5.4.0/../../../avr/lib/avrxmega2/crtatxmega32a4u.o
__vector_55                                       /usr/lib/gcc/avr/5.4.0/../../../avr/lib/avrxmega2/crtatxmega32a4u.o
__vector_56                                       /usr/lib/gcc/avr/5.4.0/../../../avr/lib/avrxmega2/crtatxmega32a4u.o
__vector_57                                       /usr/lib/gcc/avr/5.4.0/../../../avr/lib/avrxmega2/crtatxmega32a4u.o
__vector_58                                       /usr/lib/gcc/avr/5.4.0/../../../avr/lib/avrxmega2/crtatxmega32a4u.o
__vector_59                                       /usr/lib/gcc/avr/5.4.0/../../../avr/lib/avrxmega2/crtatxmega32a4u.o
__vector_6                                        /usr/lib/gcc/avr/5.4.0/../../../avr/lib/avrxmega2/crtatxmega32a4u.o
__vector_60                                       /usr/lib/gcc/avr/5.4.0/../../../avr/lib/avrxmega2/crtatxmega32a4u.o
__vector_61                                       /usr/lib/gcc/avr/5.4.0/../../../avr/lib/avrxmega2/crtatxmega32a4u.o
__vector_62                                       /usr/lib/gcc/avr/5.4.0/../../../avr/lib/avrxmega2/crtatxmega32a4u.o
__vector_63                                       /usr/lib/gcc/avr/5.4.0/../../../avr/lib/avrxmega2/crtatxmega32a4u.o
__vector_64                                       /usr/lib/gcc/avr/5.4.0/../../../avr/lib/avrxmega2/crtatxmega32a4u.o
__vector_65                                       /usr/lib/gcc/avr/5.4.0/../../../avr/lib/avrxmega2/crtatxmega32a4u.o
__vector_66                                       /usr/lib/gcc/avr/5.4.0/../../../avr/lib/avrxmega2/crtatxmega32a4u.o
__vector_67                                       /usr/lib/gcc/avr/5.4.0/../../../avr/lib/avrxmega2/crtatxmega32a4u.o
__vector_68                                       /usr/lib/gcc/avr/5.4.0/../../../avr/lib/avrxmega2/crtatxmega32a4u.o
__vector_69                                       /usr/lib/gcc/avr/5.4.0/../../../avr/lib/avrxmega2/crtatxmega32a4u.o
__vector_7                                        /usr/lib/gcc/avr/5.4.0/../../../avr/lib/avrxmega2/crtatxmega32a4u.o
__vector_70                                       /usr/lib/gcc/avr/5.4.0/../../../avr/lib/avrxmega2/crtatxmega32a4u.o
__vector_71                                       /usr/lib/gcc/avr/5.4.0/../../../avr/lib/avrxmega2/crtatxmega32a4u.o
__vector_72                                       /usr/lib/gcc/avr/5.4.0/../../../avr/lib/avrxmega2/crtatxmega32a4u.o
__vector_73                                       /usr/lib/gcc/avr/5.4.0/../../../avr/lib/avrxmega2/crtatxmega32a4u.o
__vector_74                                       /usr/lib/gcc/avr/5.4.0/../../../avr/lib/avrxmega2/crtatxmega32a4u.o
__vector_75                                       /usr/lib/gcc/avr/5.4.0/../../../avr/lib/avrxmega2/crtatxmega32a4u.o
__vector_76                                       /usr/lib/gcc/avr/5.4.0/../../../avr/lib/avrxmega2/crtatxmega32a4u.o
__vector_77                                       /usr/lib/gcc/avr/5.4.0/../../../avr/lib/avrxmega2/crtatxmega32a4u.o
__vector_78                                       /usr/lib/gcc/avr/5.4.0/../../../avr/lib/avrxmega2/crtatxmega32a4u.o
__vector_79                                       /usr/lib/gcc/avr/5.4.0/../../../avr/lib/avrxmega2/crtatxmega32a4u.o
__vector_8                                        /usr/lib/gcc/avr/5.4.0/../../../avr/lib/avrxmega2/crtatxmega32a4u.o
__vector_80                                       /usr/lib/gcc/avr/5.4.0/../../../avr/lib/avrxmega2/crtatxmega32a4u.o
__vector_81                                       /usr/lib/gcc/avr/5.4.0/../../../avr/lib/avrxmega2/crtatxmega32a4u.o
__vector_82                                       /usr/lib/gcc/avr/5.4.0/../../../avr/lib/avrxmega2/crtatxmega32a4u.o
__vector_83                                       /usr/lib/gcc/avr/5.4.0/../../../avr/lib/avrxmega2/crtatxmega32a4u.o
__vector_84                                       /usr/lib/gcc/avr/5.4.0/../../../avr/lib/avrxmega2/crtatxmega32a4u.o
__vector_85                                       /usr/lib/gcc/avr/5.4.0/../../../avr/lib/avrxmega2/crtatxmega32a4u.o
__vector_86                                       /usr/lib/gcc/avr/5.4.0/../../../avr/lib/avrxmega2/crtatxmega32a4u.o
__vector_87                                       /usr/lib/gcc/avr/5.4.0/../../../avr/lib/avrxmega2/crtatxmega32a4u.o
__vector_88                                       /usr/lib/gcc/avr/5.4.0/../../../avr/lib/avrxmega2/crtatxmega32a4u.o
__vector_89                                       /usr/lib/gcc/avr/5.4.0/../../../avr/lib/avrxmega2/crtatxmega32a4u.o
__vector_9                                        /usr/lib/gcc/avr/5.4.0/../../../avr/lib/avrxmega2/crtatxmega32a4u.o
__vector_90                                       /usr/lib/gcc/avr/5.4.0/../../../avr/lib/avrxmega2/crtatxmega32a4u.o
__vector_91                                       /usr/lib/gcc/avr/5.4.0/../../../avr/lib/avrxmega2/crtatxmega32a4u.o
__vector_92                                       /usr/lib/gcc/avr/5.4.0/../../../avr/lib/avrxmega2/crtatxmega32a4u.o
__vector_93                                       /usr/lib/gcc/avr/5.4.0/../../../avr/lib/avrxmega2/crtatxmega32a4u.o
__vector_94                                       /usr/lib/gcc/avr/5.4.0/../../../avr/lib/avrxmega2/crtatxmega32a4u.o
__vector_95                                       /usr/lib/gcc/avr/5.4.0/../../../avr/lib/avrxmega2/crtatxmega32a4u.o
__vector_96                                       /usr/lib/gcc/avr/5.4.0/../../../avr/lib/avrxmega2/crtatxmega32a4u.o
__vector_97                                       /usr/lib/gcc/avr/5.4.0/../../../avr/lib/avrxmega2/crtatxmega32a4u.o
__vector_98                                       /usr/lib/gcc/avr/5.4.0/../../../avr/lib/avrxmega2/crtatxmega32a4u.o
__vector_99                                       /usr/lib/gcc/avr/5.4.0/../../../avr/lib/avrxmega2/crtatxmega32a4u.o
__vector_default                                  /usr/lib/gcc/avr/5.4.0/../../../avr/lib/avrxmega2/crtatxmega32a4u.o
__vectors                                         /usr/lib/gcc/avr/5.4.0/../../../avr/lib/avrxmega2/crtatxmega32a4u.o
_cpuData                                          obj/uart.o
                                                  obj/main.o
                                                  obj/cpu_parser.o
_exit                                             /usr/lib/gcc/avr/5.4.0/avrxmega2/libgcc.a(_exit.o)
all_mode                                          obj/cpu_parser.o
atoi                                              /usr/lib/gcc/avr/5.4.0/../../../avr/lib/avrxmega2/libc.a(atoi.o)
                                                  obj/cpu_parser.o
cnt_cpu                                           obj/cpu_parser.o
cnt_reset_stop_emerg                              obj/uart.o
cpu_parser                                        obj/cpu_parser.o
                                                  obj/uart.o
csum_cpu                                          obj/cpu_parser.o
data_cpu_cmd                                      obj/cpu_parser.o
data_cpu_rx                                       obj/cpu_parser.o
debug_bfr                                         obj/uart.o
exit                                              /usr/lib/gcc/avr/5.4.0/avrxmega2/libgcc.a(_exit.o)
                                                  /usr/lib/gcc/avr/5.4.0/../../../avr/lib/avrxmega2/crtatxmega32a4u.o
fgetc                                             /usr/lib/gcc/avr/5.4.0/../../../avr/lib/avrxmega2/libc.a(fgetc.o)
                                                  /usr/lib/gcc/avr/5.4.0/../../../avr/lib/avrxmega2/libscanf_flt.a(vfscanf_flt.o)
fputc                                             /usr/lib/gcc/avr/5.4.0/../../../avr/lib/avrxmega2/libc.a(fputc.o)
                                                  /usr/lib/gcc/avr/5.4.0/../../../avr/lib/avrxmega2/libprintf_flt.a(vfprintf_flt.o)
get_cpu_cmd                                       obj/cpu_parser.o
get_new_command                                   obj/cpu_parser.o
                                                  obj/main.o
gpio_cfg_in                                       obj/io.o
gpio_cfg_in_np                                    obj/io.o
                                                  obj/main.o
gpio_cfg_inv_np                                   obj/io.o
gpio_cfg_isc_np                                   obj/io.o
gpio_cfg_opc                                      obj/io.o
gpio_cfg_opc_np                                   obj/io.o
gpio_cfg_out                                      obj/io.o
gpio_cfg_out_np                                   obj/io.o
                                                  obj/main.o
gpio_clr                                          obj/io.o
gpio_clr_np                                       obj/io.o
                                                  obj/cpu_parser.o
gpio_is_set                                       obj/io.o
gpio_is_set_np                                    obj/io.o
gpio_set                                          obj/io.o
gpio_set_np                                       obj/io.o
                                                  obj/cpu_parser.o
gpio_tgl                                          obj/io.o
gpio_tgl_np                                       obj/io.o
initUsart                                         obj/uart.o
                                                  obj/main.o
is_preamble                                       obj/cpu_parser.o
isspace                                           /usr/lib/gcc/avr/5.4.0/../../../avr/lib/avrxmega2/libc.a(isspace.o)
                                                  /usr/lib/gcc/avr/5.4.0/../../../avr/lib/avrxmega2/libscanf_flt.a(vfscanf_flt.o)
main                                              obj/main.o
                                                  /usr/lib/gcc/avr/5.4.0/../../../avr/lib/avrxmega2/crtatxmega32a4u.o
memset                                            /usr/lib/gcc/avr/5.4.0/../../../avr/lib/avrxmega2/libc.a(memset.o)
                                                  obj/cpu_parser.o
new_command                                       obj/cpu_parser.o
new_command_read                                  obj/cpu_parser.o
parse_cpu_data_rx                                 obj/cpu_parser.o
parser_mode                                       obj/cpu_parser.o
spew                                              obj/uart.o
                                                  obj/main.o
                                                  obj/cpu_parser.o
sprintf                                           /usr/lib/gcc/avr/5.4.0/../../../avr/lib/avrxmega2/libc.a(sprintf.o)
                                                  obj/cpu_parser.o
state_mode                                        obj/cpu_parser.o
strchr_P                                          /usr/lib/gcc/avr/5.4.0/../../../avr/lib/avrxmega2/libc.a(strchr_P.o)
                                                  /usr/lib/gcc/avr/5.4.0/../../../avr/lib/avrxmega2/libscanf_flt.a(vfscanf_flt.o)
strlen                                            /usr/lib/gcc/avr/5.4.0/../../../avr/lib/avrxmega2/libc.a(strlen.o)
                                                  obj/cpu_parser.o
strnlen                                           /usr/lib/gcc/avr/5.4.0/../../../avr/lib/avrxmega2/libc.a(strnlen.o)
                                                  /usr/lib/gcc/avr/5.4.0/../../../avr/lib/avrxmega2/libprintf_flt.a(vfprintf_flt.o)
strnlen_P                                         /usr/lib/gcc/avr/5.4.0/../../../avr/lib/avrxmega2/libc.a(strnlen_P.o)
                                                  /usr/lib/gcc/avr/5.4.0/../../../avr/lib/avrxmega2/libprintf_flt.a(vfprintf_flt.o)
strrev                                            /usr/lib/gcc/avr/5.4.0/../../../avr/lib/avrxmega2/libc.a(strrev.o)
                                                  /usr/lib/gcc/avr/5.4.0/../../../avr/lib/avrxmega2/libc.a(utoa_ncheck.o)
                                                  /usr/lib/gcc/avr/5.4.0/../../../avr/lib/avrxmega2/libc.a(ultoa_ncheck.o)
strtok                                            /usr/lib/gcc/avr/5.4.0/../../../avr/lib/avrxmega2/libc.a(strtok.o)
                                                  obj/cpu_parser.o
strtok_r                                          /usr/lib/gcc/avr/5.4.0/../../../avr/lib/avrxmega2/libc.a(strtok_r.o)
                                                  /usr/lib/gcc/avr/5.4.0/../../../avr/lib/avrxmega2/libc.a(strtok.o)
text_emerg                                        obj/uart.o
text_to_send_cpu                                  obj/cpu_parser.o
tolower                                           /usr/lib/gcc/avr/5.4.0/../../../avr/lib/avrxmega2/libc.a(tolower.o)
                                                  /usr/lib/gcc/avr/5.4.0/../../../avr/lib/avrxmega2/libscanf_flt.a(vfscanf_flt.o)
ungetc                                            /usr/lib/gcc/avr/5.4.0/../../../avr/lib/avrxmega2/libc.a(ungetc.o)
                                                  /usr/lib/gcc/avr/5.4.0/../../../avr/lib/avrxmega2/libscanf_flt.a(vfscanf_flt.o)
vfprintf                                          /usr/lib/gcc/avr/5.4.0/../../../avr/lib/avrxmega2/libprintf_flt.a(vfprintf_flt.o)
                                                  /usr/lib/gcc/avr/5.4.0/../../../avr/lib/avrxmega2/libc.a(vsprintf.o)
                                                  /usr/lib/gcc/avr/5.4.0/../../../avr/lib/avrxmega2/libc.a(sprintf.o)
vfscanf                                           /usr/lib/gcc/avr/5.4.0/../../../avr/lib/avrxmega2/libscanf_flt.a(vfscanf_flt.o)
vsprintf                                          /usr/lib/gcc/avr/5.4.0/../../../avr/lib/avrxmega2/libc.a(vsprintf.o)
                                                  obj/uart.o
