Archive member included to satisfy reference by file (symbol)

/usr/lib/gcc/avr/5.4.0/../../../avr/lib/avrxmega2/libprintf_flt.a(vfprintf_flt.o)
                              (vfprintf)
/usr/lib/gcc/avr/5.4.0/../../../avr/lib/avrxmega2/libscanf_flt.a(vfscanf_flt.o)
                              (vfscanf)
/usr/lib/gcc/avr/5.4.0/../../../avr/lib/avrxmega2/libm.a(floatsisf.o)
                              /usr/lib/gcc/avr/5.4.0/../../../avr/lib/avrxmega2/libscanf_flt.a(vfscanf_flt.o) (__floatunsisf)
/usr/lib/gcc/avr/5.4.0/../../../avr/lib/avrxmega2/libm.a(mulsf3.o)
                              /usr/lib/gcc/avr/5.4.0/../../../avr/lib/avrxmega2/libscanf_flt.a(vfscanf_flt.o) (__mulsf3)
/usr/lib/gcc/avr/5.4.0/../../../avr/lib/avrxmega2/libm.a(mulsf3x.o)
                              /usr/lib/gcc/avr/5.4.0/../../../avr/lib/avrxmega2/libm.a(mulsf3.o) (__mulsf3x)
/usr/lib/gcc/avr/5.4.0/../../../avr/lib/avrxmega2/libm.a(fp_inf.o)
                              /usr/lib/gcc/avr/5.4.0/../../../avr/lib/avrxmega2/libm.a(mulsf3x.o) (__fp_inf)
/usr/lib/gcc/avr/5.4.0/../../../avr/lib/avrxmega2/libm.a(fp_nan.o)
                              /usr/lib/gcc/avr/5.4.0/../../../avr/lib/avrxmega2/libm.a(mulsf3x.o) (__fp_nan)
/usr/lib/gcc/avr/5.4.0/../../../avr/lib/avrxmega2/libm.a(fp_pscA.o)
                              /usr/lib/gcc/avr/5.4.0/../../../avr/lib/avrxmega2/libm.a(mulsf3x.o) (__fp_pscA)
/usr/lib/gcc/avr/5.4.0/../../../avr/lib/avrxmega2/libm.a(fp_pscB.o)
                              /usr/lib/gcc/avr/5.4.0/../../../avr/lib/avrxmega2/libm.a(mulsf3x.o) (__fp_pscB)
/usr/lib/gcc/avr/5.4.0/../../../avr/lib/avrxmega2/libm.a(fp_round.o)
                              /usr/lib/gcc/avr/5.4.0/../../../avr/lib/avrxmega2/libm.a(mulsf3.o) (__fp_round)
/usr/lib/gcc/avr/5.4.0/../../../avr/lib/avrxmega2/libm.a(fp_split3.o)
                              /usr/lib/gcc/avr/5.4.0/../../../avr/lib/avrxmega2/libm.a(mulsf3x.o) (__fp_split3)
/usr/lib/gcc/avr/5.4.0/../../../avr/lib/avrxmega2/libm.a(fp_zero.o)
                              /usr/lib/gcc/avr/5.4.0/../../../avr/lib/avrxmega2/libm.a(mulsf3x.o) (__fp_szero)
/usr/lib/gcc/avr/5.4.0/avrxmega2/libgcc.a(_exit.o)
                              /usr/lib/gcc/avr/5.4.0/../../../avr/lib/avrxmega2/crtatxmega32a4u.o (exit)
/usr/lib/gcc/avr/5.4.0/avrxmega2/libgcc.a(_copy_data.o)
                              obj/main.o (__do_copy_data)
/usr/lib/gcc/avr/5.4.0/avrxmega2/libgcc.a(_clear_bss.o)
                              obj/main.o (__do_clear_bss)
/usr/lib/gcc/avr/5.4.0/avrxmega2/libgcc.a(_prologue.o)
                              /usr/lib/gcc/avr/5.4.0/../../../avr/lib/avrxmega2/libprintf_flt.a(vfprintf_flt.o) (__prologue_saves__)
/usr/lib/gcc/avr/5.4.0/avrxmega2/libgcc.a(_epilogue.o)
                              /usr/lib/gcc/avr/5.4.0/../../../avr/lib/avrxmega2/libprintf_flt.a(vfprintf_flt.o) (__epilogue_restores__)
/usr/lib/gcc/avr/5.4.0/../../../avr/lib/avrxmega2/libc.a(ftoa_engine.o)
                              /usr/lib/gcc/avr/5.4.0/../../../avr/lib/avrxmega2/libprintf_flt.a(vfprintf_flt.o) (__ftoa_engine)
/usr/lib/gcc/avr/5.4.0/../../../avr/lib/avrxmega2/libc.a(isspace.o)
                              /usr/lib/gcc/avr/5.4.0/../../../avr/lib/avrxmega2/libscanf_flt.a(vfscanf_flt.o) (isspace)
/usr/lib/gcc/avr/5.4.0/../../../avr/lib/avrxmega2/libc.a(tolower.o)
                              /usr/lib/gcc/avr/5.4.0/../../../avr/lib/avrxmega2/libscanf_flt.a(vfscanf_flt.o) (tolower)
/usr/lib/gcc/avr/5.4.0/../../../avr/lib/avrxmega2/libc.a(strchr_P.o)
                              /usr/lib/gcc/avr/5.4.0/../../../avr/lib/avrxmega2/libscanf_flt.a(vfscanf_flt.o) (strchr_P)
/usr/lib/gcc/avr/5.4.0/../../../avr/lib/avrxmega2/libc.a(strnlen_P.o)
                              /usr/lib/gcc/avr/5.4.0/../../../avr/lib/avrxmega2/libprintf_flt.a(vfprintf_flt.o) (strnlen_P)
/usr/lib/gcc/avr/5.4.0/../../../avr/lib/avrxmega2/libc.a(strnlen.o)
                              /usr/lib/gcc/avr/5.4.0/../../../avr/lib/avrxmega2/libprintf_flt.a(vfprintf_flt.o) (strnlen)
/usr/lib/gcc/avr/5.4.0/../../../avr/lib/avrxmega2/libc.a(itoa_ncheck.o)
                              obj/uart.o (__itoa_ncheck)
/usr/lib/gcc/avr/5.4.0/../../../avr/lib/avrxmega2/libc.a(ltoa_ncheck.o)
                              obj/uart.o (__ltoa_ncheck)
/usr/lib/gcc/avr/5.4.0/../../../avr/lib/avrxmega2/libc.a(ultoa_ncheck.o)
                              /usr/lib/gcc/avr/5.4.0/../../../avr/lib/avrxmega2/libc.a(ltoa_ncheck.o) (__ultoa_common)
/usr/lib/gcc/avr/5.4.0/../../../avr/lib/avrxmega2/libc.a(utoa_ncheck.o)
                              /usr/lib/gcc/avr/5.4.0/../../../avr/lib/avrxmega2/libc.a(itoa_ncheck.o) (__utoa_common)
/usr/lib/gcc/avr/5.4.0/../../../avr/lib/avrxmega2/libc.a(fgetc.o)
                              /usr/lib/gcc/avr/5.4.0/../../../avr/lib/avrxmega2/libscanf_flt.a(vfscanf_flt.o) (fgetc)
/usr/lib/gcc/avr/5.4.0/../../../avr/lib/avrxmega2/libc.a(fputc.o)
                              /usr/lib/gcc/avr/5.4.0/../../../avr/lib/avrxmega2/libprintf_flt.a(vfprintf_flt.o) (fputc)
/usr/lib/gcc/avr/5.4.0/../../../avr/lib/avrxmega2/libc.a(vsprintf.o)
                              obj/uart.o (vsprintf)
/usr/lib/gcc/avr/5.4.0/../../../avr/lib/avrxmega2/libc.a(ungetc.o)
                              /usr/lib/gcc/avr/5.4.0/../../../avr/lib/avrxmega2/libscanf_flt.a(vfscanf_flt.o) (ungetc)
/usr/lib/gcc/avr/5.4.0/../../../avr/lib/avrxmega2/libc.a(ultoa_invert.o)
                              /usr/lib/gcc/avr/5.4.0/../../../avr/lib/avrxmega2/libprintf_flt.a(vfprintf_flt.o) (__ultoa_invert)
/usr/lib/gcc/avr/5.4.0/../../../avr/lib/avrxmega2/libc.a(cty_isfalse.o)
                              /usr/lib/gcc/avr/5.4.0/../../../avr/lib/avrxmega2/libc.a(isspace.o) (__ctype_isfalse)
/usr/lib/gcc/avr/5.4.0/../../../avr/lib/avrxmega2/libc.a(strrev.o)
                              /usr/lib/gcc/avr/5.4.0/../../../avr/lib/avrxmega2/libc.a(ultoa_ncheck.o) (strrev)

Allocating common symbols
Common symbol       size              file

motor_pin_t         0x3               obj/main.o
servo_motor_disc    0x12              obj/main.o
debug_bfr           0x100             obj/uart.o

Memory Configuration

Name             Origin             Length             Attributes
text             0x0000000000000000 0x0000000000100000 xr
data             0x0000000000802000 0x000000000000ffa0 rw !x
eeprom           0x0000000000810000 0x0000000000010000 rw !x
fuse             0x0000000000820000 0x0000000000000006 rw !x
lock             0x0000000000830000 0x0000000000000400 rw !x
signature        0x0000000000840000 0x0000000000000400 rw !x
user_signatures  0x0000000000850000 0x0000000000000400 rw !x
*default*        0x0000000000000000 0xffffffffffffffff

Linker script and memory map

LOAD /usr/lib/gcc/avr/5.4.0/../../../avr/lib/avrxmega2/crtatxmega32a4u.o
LOAD /usr/lib/gcc/avr/5.4.0/../../../avr/lib/avrxmega2/libprintf_flt.a
LOAD /usr/lib/gcc/avr/5.4.0/../../../avr/lib/avrxmega2/libm.a
LOAD /usr/lib/gcc/avr/5.4.0/../../../avr/lib/avrxmega2/libscanf_flt.a
LOAD /usr/lib/gcc/avr/5.4.0/../../../avr/lib/avrxmega2/libm.a
LOAD obj/TC_driver.o
LOAD obj/io.o
LOAD obj/main.o
LOAD obj/servo_driver.o
LOAD obj/uart.o
START GROUP
LOAD /usr/lib/gcc/avr/5.4.0/avrxmega2/libgcc.a
LOAD /usr/lib/gcc/avr/5.4.0/../../../avr/lib/avrxmega2/libm.a
LOAD /usr/lib/gcc/avr/5.4.0/../../../avr/lib/avrxmega2/libc.a
LOAD /usr/lib/gcc/avr/5.4.0/../../../avr/lib/avrxmega2/libatxmega32a4u.a
END GROUP
                0x0000000000100000                __TEXT_REGION_LENGTH__ = DEFINED (__TEXT_REGION_LENGTH__)?__TEXT_REGION_LENGTH__:0x100000
                0x000000000000ffa0                __DATA_REGION_LENGTH__ = DEFINED (__DATA_REGION_LENGTH__)?__DATA_REGION_LENGTH__:0xffa0
                0x0000000000010000                __EEPROM_REGION_LENGTH__ = DEFINED (__EEPROM_REGION_LENGTH__)?__EEPROM_REGION_LENGTH__:0x10000
                [0x0000000000000006]                __FUSE_REGION_LENGTH__ = DEFINED (__FUSE_REGION_LENGTH__)?__FUSE_REGION_LENGTH__:0x400
                0x0000000000000400                __LOCK_REGION_LENGTH__ = DEFINED (__LOCK_REGION_LENGTH__)?__LOCK_REGION_LENGTH__:0x400
                0x0000000000000400                __SIGNATURE_REGION_LENGTH__ = DEFINED (__SIGNATURE_REGION_LENGTH__)?__SIGNATURE_REGION_LENGTH__:0x400
                0x0000000000000400                __USER_SIGNATURE_REGION_LENGTH__ = DEFINED (__USER_SIGNATURE_REGION_LENGTH__)?__USER_SIGNATURE_REGION_LENGTH__:0x400

.hash
 *(.hash)

.dynsym
 *(.dynsym)

.dynstr
 *(.dynstr)

.gnu.version
 *(.gnu.version)

.gnu.version_d
 *(.gnu.version_d)

.gnu.version_r
 *(.gnu.version_r)

.rel.init
 *(.rel.init)

.rela.init
 *(.rela.init)

.rel.text
 *(.rel.text)
 *(.rel.text.*)
 *(.rel.gnu.linkonce.t*)

.rela.text
 *(.rela.text)
 *(.rela.text.*)
 *(.rela.gnu.linkonce.t*)

.rel.fini
 *(.rel.fini)

.rela.fini
 *(.rela.fini)

.rel.rodata
 *(.rel.rodata)
 *(.rel.rodata.*)
 *(.rel.gnu.linkonce.r*)

.rela.rodata
 *(.rela.rodata)
 *(.rela.rodata.*)
 *(.rela.gnu.linkonce.r*)

.rel.data
 *(.rel.data)
 *(.rel.data.*)
 *(.rel.gnu.linkonce.d*)

.rela.data
 *(.rela.data)
 *(.rela.data.*)
 *(.rela.gnu.linkonce.d*)

.rel.ctors
 *(.rel.ctors)

.rela.ctors
 *(.rela.ctors)

.rel.dtors
 *(.rel.dtors)

.rela.dtors
 *(.rela.dtors)

.rel.got
 *(.rel.got)

.rela.got
 *(.rela.got)

.rel.bss
 *(.rel.bss)

.rela.bss
 *(.rela.bss)

.rel.plt
 *(.rel.plt)

.rela.plt
 *(.rela.plt)

.text           0x0000000000000000     0x1fee
 *(.vectors)
 .vectors       0x0000000000000000      0x1fc /usr/lib/gcc/avr/5.4.0/../../../avr/lib/avrxmega2/crtatxmega32a4u.o
                0x0000000000000000                __vectors
                0x0000000000000000                __vector_default
 *(.vectors)
 *(.progmem.gcc*)
                0x00000000000001fc                . = ALIGN (0x2)
                0x00000000000001fc                __trampolines_start = .
 *(.trampolines)
 .trampolines   0x00000000000001fc        0x0 linker stubs
 *(.trampolines*)
                0x00000000000001fc                __trampolines_end = .
 *libprintf_flt.a:*(.progmem.data)
 .progmem.data  0x00000000000001fc        0x8 /usr/lib/gcc/avr/5.4.0/../../../avr/lib/avrxmega2/libprintf_flt.a(vfprintf_flt.o)
 *libc.a:*(.progmem.data)
 .progmem.data  0x0000000000000204       0xfa /usr/lib/gcc/avr/5.4.0/../../../avr/lib/avrxmega2/libc.a(ftoa_engine.o)
 *(.progmem*)
 .progmem.data  0x00000000000002fe       0x4d /usr/lib/gcc/avr/5.4.0/../../../avr/lib/avrxmega2/libscanf_flt.a(vfscanf_flt.o)
                0x000000000000034c                . = ALIGN (0x2)
 *fill*         0x000000000000034b        0x1 
 *(.jumptables)
 *(.jumptables*)
 *(.lowtext)
 *(.lowtext*)
                0x000000000000034c                __ctors_start = .
 *(.ctors)
                0x000000000000034c                __ctors_end = .
                0x000000000000034c                __dtors_start = .
 *(.dtors)
                0x000000000000034c                __dtors_end = .
 SORT(*)(.ctors)
 SORT(*)(.dtors)
 *(.init0)
 .init0         0x000000000000034c        0x0 /usr/lib/gcc/avr/5.4.0/../../../avr/lib/avrxmega2/crtatxmega32a4u.o
                0x000000000000034c                __init
 *(.init0)
 *(.init1)
 *(.init1)
 *(.init2)
 .init2         0x000000000000034c        0xc /usr/lib/gcc/avr/5.4.0/../../../avr/lib/avrxmega2/crtatxmega32a4u.o
 *(.init2)
 *(.init3)
 *(.init3)
 *(.init4)
 .init4         0x0000000000000358       0x16 /usr/lib/gcc/avr/5.4.0/avrxmega2/libgcc.a(_copy_data.o)
                0x0000000000000358                __do_copy_data
 .init4         0x000000000000036e       0x10 /usr/lib/gcc/avr/5.4.0/avrxmega2/libgcc.a(_clear_bss.o)
                0x000000000000036e                __do_clear_bss
 *(.init4)
 *(.init5)
 *(.init5)
 *(.init6)
 *(.init6)
 *(.init7)
 *(.init7)
 *(.init8)
 *(.init8)
 *(.init9)
 .init9         0x000000000000037e        0x8 /usr/lib/gcc/avr/5.4.0/../../../avr/lib/avrxmega2/crtatxmega32a4u.o
 *(.init9)
 *(.text)
 .text          0x0000000000000386        0x4 /usr/lib/gcc/avr/5.4.0/../../../avr/lib/avrxmega2/crtatxmega32a4u.o
                0x0000000000000386                __vector_38
                0x0000000000000386                __vector_104
                0x0000000000000386                __vector_22
                0x0000000000000386                __vector_63
                0x0000000000000386                __vector_28
                0x0000000000000386                __vector_67
                0x0000000000000386                __vector_1
                0x0000000000000386                __vector_119
                0x0000000000000386                __vector_32
                0x0000000000000386                __vector_75
                0x0000000000000386                __vector_71
                0x0000000000000386                __vector_91
                0x0000000000000386                __vector_34
                0x0000000000000386                __vector_62
                0x0000000000000386                __vector_77
                0x0000000000000386                __vector_102
                0x0000000000000386                __vector_24
                0x0000000000000386                __vector_12
                0x0000000000000386                __vector_55
                0x0000000000000386                __vector_69
                0x0000000000000386                __vector_81
                0x0000000000000386                __vector_90
                0x0000000000000386                __vector_46
                0x0000000000000386                __bad_interrupt
                0x0000000000000386                __vector_122
                0x0000000000000386                __vector_72
                0x0000000000000386                __vector_114
                0x0000000000000386                __vector_6
                0x0000000000000386                __vector_110
                0x0000000000000386                __vector_31
                0x0000000000000386                __vector_92
                0x0000000000000386                __vector_35
                0x0000000000000386                __vector_78
                0x0000000000000386                __vector_74
                0x0000000000000386                __vector_117
                0x0000000000000386                __vector_39
                0x0000000000000386                __vector_107
                0x0000000000000386                __vector_3
                0x0000000000000386                __vector_105
                0x0000000000000386                __vector_98
                0x0000000000000386                __vector_23
                0x0000000000000386                __vector_68
                0x0000000000000386                __vector_30
                0x0000000000000386                __vector_73
                0x0000000000000386                __vector_45
                0x0000000000000386                __vector_25
                0x0000000000000386                __vector_93
                0x0000000000000386                __vector_61
                0x0000000000000386                __vector_11
                0x0000000000000386                __vector_54
                0x0000000000000386                __vector_99
                0x0000000000000386                __vector_13
                0x0000000000000386                __vector_17
                0x0000000000000386                __vector_19
                0x0000000000000386                __vector_56
                0x0000000000000386                __vector_7
                0x0000000000000386                __vector_125
                0x0000000000000386                __vector_49
                0x0000000000000386                __vector_123
                0x0000000000000386                __vector_41
                0x0000000000000386                __vector_86
                0x0000000000000386                __vector_100
                0x0000000000000386                __vector_101
                0x0000000000000386                __vector_64
                0x0000000000000386                __vector_109
                0x0000000000000386                __vector_43
                0x0000000000000386                __vector_27
                0x0000000000000386                __vector_5
                0x0000000000000386                __vector_113
                0x0000000000000386                __vector_33
                0x0000000000000386                __vector_76
                0x0000000000000386                __vector_115
                0x0000000000000386                __vector_47
                0x0000000000000386                __vector_52
                0x0000000000000386                __vector_37
                0x0000000000000386                __vector_95
                0x0000000000000386                __vector_103
                0x0000000000000386                __vector_96
                0x0000000000000386                __vector_89
                0x0000000000000386                __vector_108
                0x0000000000000386                __vector_4
                0x0000000000000386                __vector_44
                0x0000000000000386                __vector_82
                0x0000000000000386                __vector_106
                0x0000000000000386                __vector_118
                0x0000000000000386                __vector_51
                0x0000000000000386                __vector_9
                0x0000000000000386                __vector_2
                0x0000000000000386                __vector_21
                0x0000000000000386                __vector_15
                0x0000000000000386                __vector_66
                0x0000000000000386                __vector_36
                0x0000000000000386                __vector_79
                0x0000000000000386                __vector_58
                0x0000000000000386                __vector_70
                0x0000000000000386                __vector_83
                0x0000000000000386                __vector_29
                0x0000000000000386                __vector_60
                0x0000000000000386                __vector_121
                0x0000000000000386                __vector_40
                0x0000000000000386                __vector_85
                0x0000000000000386                __vector_94
                0x0000000000000386                __vector_126
                0x0000000000000386                __vector_8
                0x0000000000000386                __vector_26
                0x0000000000000386                __vector_48
                0x0000000000000386                __vector_124
                0x0000000000000386                __vector_116
                0x0000000000000386                __vector_112
                0x0000000000000386                __vector_111
                0x0000000000000386                __vector_80
                0x0000000000000386                __vector_14
                0x0000000000000386                __vector_84
                0x0000000000000386                __vector_57
                0x0000000000000386                __vector_53
                0x0000000000000386                __vector_10
                0x0000000000000386                __vector_50
                0x0000000000000386                __vector_16
                0x0000000000000386                __vector_59
                0x0000000000000386                __vector_18
                0x0000000000000386                __vector_97
                0x0000000000000386                __vector_20
                0x0000000000000386                __vector_42
                0x0000000000000386                __vector_87
                0x0000000000000386                __vector_65
                0x0000000000000386                __vector_120
 .text          0x000000000000038a        0x0 /usr/lib/gcc/avr/5.4.0/../../../avr/lib/avrxmega2/libprintf_flt.a(vfprintf_flt.o)
 .text          0x000000000000038a        0x0 /usr/lib/gcc/avr/5.4.0/../../../avr/lib/avrxmega2/libscanf_flt.a(vfscanf_flt.o)
 .text          0x000000000000038a        0x0 /usr/lib/gcc/avr/5.4.0/../../../avr/lib/avrxmega2/libm.a(floatsisf.o)
 .text          0x000000000000038a        0x0 /usr/lib/gcc/avr/5.4.0/../../../avr/lib/avrxmega2/libm.a(mulsf3.o)
 .text          0x000000000000038a        0x0 /usr/lib/gcc/avr/5.4.0/../../../avr/lib/avrxmega2/libm.a(mulsf3x.o)
 .text          0x000000000000038a        0x0 /usr/lib/gcc/avr/5.4.0/../../../avr/lib/avrxmega2/libm.a(fp_inf.o)
 .text          0x000000000000038a        0x0 /usr/lib/gcc/avr/5.4.0/../../../avr/lib/avrxmega2/libm.a(fp_nan.o)
 .text          0x000000000000038a        0x0 /usr/lib/gcc/avr/5.4.0/../../../avr/lib/avrxmega2/libm.a(fp_pscA.o)
 .text          0x000000000000038a        0x0 /usr/lib/gcc/avr/5.4.0/../../../avr/lib/avrxmega2/libm.a(fp_pscB.o)
 .text          0x000000000000038a        0x0 /usr/lib/gcc/avr/5.4.0/../../../avr/lib/avrxmega2/libm.a(fp_round.o)
 .text          0x000000000000038a        0x0 /usr/lib/gcc/avr/5.4.0/../../../avr/lib/avrxmega2/libm.a(fp_split3.o)
 .text          0x000000000000038a        0x0 /usr/lib/gcc/avr/5.4.0/../../../avr/lib/avrxmega2/libm.a(fp_zero.o)
 .text          0x000000000000038a      0x114 obj/TC_driver.o
                0x000000000000038a                TC0_ConfigClockSource
                0x0000000000000396                TC1_ConfigClockSource
                0x00000000000003a2                TC0_ConfigWGM
                0x00000000000003ae                TC1_ConfigWGM
                0x00000000000003ba                TC0_ConfigInputCapture
                0x00000000000003c8                TC1_ConfigInputCapture
                0x00000000000003d6                TC0_EnableCCChannels
                0x00000000000003e2                TC1_EnableCCChannels
                0x00000000000003ee                TC0_DisableCCChannels
                0x00000000000003fc                TC1_DisableCCChannels
                0x000000000000040a                TC0_SetOverflowIntLevel
                0x0000000000000416                TC1_SetOverflowIntLevel
                0x0000000000000422                TC0_SetErrorIntLevel
                0x000000000000042e                TC1_SetErrorIntLevel
                0x000000000000043a                TC0_SetCCAIntLevel
                0x0000000000000446                TC1_SetCCAIntLevel
                0x0000000000000452                TC0_SetCCBIntLevel
                0x000000000000045e                TC1_SetCCBIntLevel
                0x000000000000046a                TC0_SetCCCIntLevel
                0x0000000000000476                TC0_SetCCDIntLevel
                0x0000000000000482                TC0_Reset
                0x0000000000000490                TC1_Reset
 .text          0x000000000000049e      0x1a2 obj/io.o
                0x000000000000049e                gpio_cfg_out_np
                0x00000000000004c8                gpio_cfg_in_np
                0x00000000000004dc                gpio_cfg_opc_np
                0x00000000000004ec                gpio_cfg_isc_np
                0x00000000000004fc                gpio_cfg_inv_np
                0x000000000000050c                gpio_set_np
                0x000000000000051e                gpio_clr_np
                0x0000000000000530                gpio_tgl_np
                0x0000000000000542                gpio_is_set_np
                0x0000000000000564                gpio_cfg_out
                0x0000000000000578                gpio_cfg_in
                0x000000000000059a                gpio_cfg_opc
                0x00000000000005b4                gpio_set
                0x00000000000005d4                gpio_clr
                0x00000000000005f4                gpio_tgl
                0x0000000000000614                gpio_is_set
 .text          0x0000000000000640        0x0 obj/main.o
 .text          0x0000000000000640       0xa8 obj/servo_driver.o
                0x0000000000000640                servo_cfg_start
                0x000000000000064e                servo_cfg_brake
                0x000000000000065c                servo_cfg_alarm_in
                0x000000000000066a                servo_cfg_alarm_out
                0x0000000000000678                servo_cfg_speed_in
                0x0000000000000686                servo_cfg_speed_out
                0x0000000000000694                servo_start
                0x00000000000006a2                servo_stop
                0x00000000000006b0                servo_brake
                0x00000000000006be                servo_run
                0x00000000000006cc                servo_set_alarm_reset
                0x00000000000006da                servo_clr_alarm_reset
 .text          0x00000000000006e8      0x108 obj/uart.o
                0x00000000000006e8                initUsart
                0x0000000000000706                UART_sendChar
                0x0000000000000718                UART_sendString
                0x0000000000000738                UART_sendInt
                0x000000000000076e                UART_sendLint
                0x00000000000007a6                __vector_88
                0x00000000000007c2                spew
 .text          0x00000000000007f0        0x0 /usr/lib/gcc/avr/5.4.0/avrxmega2/libgcc.a(_exit.o)
 .text          0x00000000000007f0        0x0 /usr/lib/gcc/avr/5.4.0/avrxmega2/libgcc.a(_copy_data.o)
 .text          0x00000000000007f0        0x0 /usr/lib/gcc/avr/5.4.0/avrxmega2/libgcc.a(_clear_bss.o)
 .text          0x00000000000007f0        0x0 /usr/lib/gcc/avr/5.4.0/avrxmega2/libgcc.a(_prologue.o)
 .text          0x00000000000007f0        0x0 /usr/lib/gcc/avr/5.4.0/avrxmega2/libgcc.a(_epilogue.o)
 .text          0x00000000000007f0        0x0 /usr/lib/gcc/avr/5.4.0/../../../avr/lib/avrxmega2/libc.a(ftoa_engine.o)
 .text          0x00000000000007f0        0x0 /usr/lib/gcc/avr/5.4.0/../../../avr/lib/avrxmega2/libc.a(isspace.o)
 .text          0x00000000000007f0        0x0 /usr/lib/gcc/avr/5.4.0/../../../avr/lib/avrxmega2/libc.a(tolower.o)
 .text          0x00000000000007f0        0x0 /usr/lib/gcc/avr/5.4.0/../../../avr/lib/avrxmega2/libc.a(strchr_P.o)
 .text          0x00000000000007f0        0x0 /usr/lib/gcc/avr/5.4.0/../../../avr/lib/avrxmega2/libc.a(strnlen_P.o)
 .text          0x00000000000007f0        0x0 /usr/lib/gcc/avr/5.4.0/../../../avr/lib/avrxmega2/libc.a(strnlen.o)
 .text          0x00000000000007f0        0x0 /usr/lib/gcc/avr/5.4.0/../../../avr/lib/avrxmega2/libc.a(itoa_ncheck.o)
 .text          0x00000000000007f0        0x0 /usr/lib/gcc/avr/5.4.0/../../../avr/lib/avrxmega2/libc.a(ltoa_ncheck.o)
 .text          0x00000000000007f0        0x0 /usr/lib/gcc/avr/5.4.0/../../../avr/lib/avrxmega2/libc.a(ultoa_ncheck.o)
 .text          0x00000000000007f0        0x0 /usr/lib/gcc/avr/5.4.0/../../../avr/lib/avrxmega2/libc.a(utoa_ncheck.o)
 .text          0x00000000000007f0        0x0 /usr/lib/gcc/avr/5.4.0/../../../avr/lib/avrxmega2/libc.a(fgetc.o)
 .text          0x00000000000007f0        0x0 /usr/lib/gcc/avr/5.4.0/../../../avr/lib/avrxmega2/libc.a(fputc.o)
 .text          0x00000000000007f0        0x0 /usr/lib/gcc/avr/5.4.0/../../../avr/lib/avrxmega2/libc.a(vsprintf.o)
 .text          0x00000000000007f0        0x0 /usr/lib/gcc/avr/5.4.0/../../../avr/lib/avrxmega2/libc.a(ungetc.o)
 .text          0x00000000000007f0        0x0 /usr/lib/gcc/avr/5.4.0/../../../avr/lib/avrxmega2/libc.a(ultoa_invert.o)
 .text          0x00000000000007f0        0x0 /usr/lib/gcc/avr/5.4.0/../../../avr/lib/avrxmega2/libc.a(cty_isfalse.o)
 .text          0x00000000000007f0        0x0 /usr/lib/gcc/avr/5.4.0/../../../avr/lib/avrxmega2/libc.a(strrev.o)
                0x00000000000007f0                . = ALIGN (0x2)
 *(.text.*)
 .text.avr-libc
                0x00000000000007f0      0x6fa /usr/lib/gcc/avr/5.4.0/../../../avr/lib/avrxmega2/libprintf_flt.a(vfprintf_flt.o)
                0x00000000000007f0                vfprintf
 .text.avr-libc
                0x0000000000000eea      0x81c /usr/lib/gcc/avr/5.4.0/../../../avr/lib/avrxmega2/libscanf_flt.a(vfscanf_flt.o)
                0x00000000000014a2                vfscanf
 .text.avr-libc.fplib
                0x0000000000001706       0x7a /usr/lib/gcc/avr/5.4.0/../../../avr/lib/avrxmega2/libm.a(floatsisf.o)
                0x0000000000001706                __floatunsisf
                0x000000000000170a                __floatsisf
 .text.avr-libc.fplib
                0x0000000000001780        0x8 /usr/lib/gcc/avr/5.4.0/../../../avr/lib/avrxmega2/libm.a(mulsf3.o)
                0x0000000000001780                __mulsf3
 .text.avr-libc.fplib
                0x0000000000001788       0xd2 /usr/lib/gcc/avr/5.4.0/../../../avr/lib/avrxmega2/libm.a(mulsf3x.o)
                0x00000000000017a6                __mulsf3x
                0x00000000000017ac                __mulsf3_pse
 .text.avr-libc.fplib
                0x000000000000185a        0xc /usr/lib/gcc/avr/5.4.0/../../../avr/lib/avrxmega2/libm.a(fp_inf.o)
                0x000000000000185a                __fp_inf
 .text.avr-libc.fplib
                0x0000000000001866        0x6 /usr/lib/gcc/avr/5.4.0/../../../avr/lib/avrxmega2/libm.a(fp_nan.o)
                0x0000000000001866                __fp_nan
 .text.avr-libc.fplib
                0x000000000000186c        0xe /usr/lib/gcc/avr/5.4.0/../../../avr/lib/avrxmega2/libm.a(fp_pscA.o)
                0x000000000000186c                __fp_pscA
 .text.avr-libc.fplib
                0x000000000000187a        0xe /usr/lib/gcc/avr/5.4.0/../../../avr/lib/avrxmega2/libm.a(fp_pscB.o)
                0x000000000000187a                __fp_pscB
 .text.avr-libc.fplib
                0x0000000000001888       0x22 /usr/lib/gcc/avr/5.4.0/../../../avr/lib/avrxmega2/libm.a(fp_round.o)
                0x0000000000001888                __fp_round
 .text.avr-libc.fplib
                0x00000000000018aa       0x44 /usr/lib/gcc/avr/5.4.0/../../../avr/lib/avrxmega2/libm.a(fp_split3.o)
                0x00000000000018aa                __fp_split3
                0x00000000000018ba                __fp_splitA
 .text.avr-libc.fplib
                0x00000000000018ee        0xe /usr/lib/gcc/avr/5.4.0/../../../avr/lib/avrxmega2/libm.a(fp_zero.o)
                0x00000000000018ee                __fp_zero
                0x00000000000018f0                __fp_szero
 .text.startup  0x00000000000018fc      0x18c obj/main.o
                0x00000000000018fc                main
 .text.libgcc.mul
                0x0000000000001a88        0x0 /usr/lib/gcc/avr/5.4.0/avrxmega2/libgcc.a(_exit.o)
 .text.libgcc.div
                0x0000000000001a88        0x0 /usr/lib/gcc/avr/5.4.0/avrxmega2/libgcc.a(_exit.o)
 .text.libgcc   0x0000000000001a88        0x0 /usr/lib/gcc/avr/5.4.0/avrxmega2/libgcc.a(_exit.o)
 .text.libgcc.prologue
                0x0000000000001a88        0x0 /usr/lib/gcc/avr/5.4.0/avrxmega2/libgcc.a(_exit.o)
 .text.libgcc.builtins
                0x0000000000001a88        0x0 /usr/lib/gcc/avr/5.4.0/avrxmega2/libgcc.a(_exit.o)
 .text.libgcc.fmul
                0x0000000000001a88        0x0 /usr/lib/gcc/avr/5.4.0/avrxmega2/libgcc.a(_exit.o)
 .text.libgcc.fixed
                0x0000000000001a88        0x0 /usr/lib/gcc/avr/5.4.0/avrxmega2/libgcc.a(_exit.o)
 .text.libgcc.mul
                0x0000000000001a88        0x0 /usr/lib/gcc/avr/5.4.0/avrxmega2/libgcc.a(_copy_data.o)
 .text.libgcc.div
                0x0000000000001a88        0x0 /usr/lib/gcc/avr/5.4.0/avrxmega2/libgcc.a(_copy_data.o)
 .text.libgcc   0x0000000000001a88        0x0 /usr/lib/gcc/avr/5.4.0/avrxmega2/libgcc.a(_copy_data.o)
 .text.libgcc.prologue
                0x0000000000001a88        0x0 /usr/lib/gcc/avr/5.4.0/avrxmega2/libgcc.a(_copy_data.o)
 .text.libgcc.builtins
                0x0000000000001a88        0x0 /usr/lib/gcc/avr/5.4.0/avrxmega2/libgcc.a(_copy_data.o)
 .text.libgcc.fmul
                0x0000000000001a88        0x0 /usr/lib/gcc/avr/5.4.0/avrxmega2/libgcc.a(_copy_data.o)
 .text.libgcc.fixed
                0x0000000000001a88        0x0 /usr/lib/gcc/avr/5.4.0/avrxmega2/libgcc.a(_copy_data.o)
 .text.libgcc.mul
                0x0000000000001a88        0x0 /usr/lib/gcc/avr/5.4.0/avrxmega2/libgcc.a(_clear_bss.o)
 .text.libgcc.div
                0x0000000000001a88        0x0 /usr/lib/gcc/avr/5.4.0/avrxmega2/libgcc.a(_clear_bss.o)
 .text.libgcc   0x0000000000001a88        0x0 /usr/lib/gcc/avr/5.4.0/avrxmega2/libgcc.a(_clear_bss.o)
 .text.libgcc.prologue
                0x0000000000001a88        0x0 /usr/lib/gcc/avr/5.4.0/avrxmega2/libgcc.a(_clear_bss.o)
 .text.libgcc.builtins
                0x0000000000001a88        0x0 /usr/lib/gcc/avr/5.4.0/avrxmega2/libgcc.a(_clear_bss.o)
 .text.libgcc.fmul
                0x0000000000001a88        0x0 /usr/lib/gcc/avr/5.4.0/avrxmega2/libgcc.a(_clear_bss.o)
 .text.libgcc.fixed
                0x0000000000001a88        0x0 /usr/lib/gcc/avr/5.4.0/avrxmega2/libgcc.a(_clear_bss.o)
 .text.libgcc.mul
                0x0000000000001a88        0x0 /usr/lib/gcc/avr/5.4.0/avrxmega2/libgcc.a(_prologue.o)
 .text.libgcc.div
                0x0000000000001a88        0x0 /usr/lib/gcc/avr/5.4.0/avrxmega2/libgcc.a(_prologue.o)
 .text.libgcc   0x0000000000001a88        0x0 /usr/lib/gcc/avr/5.4.0/avrxmega2/libgcc.a(_prologue.o)
 .text.libgcc.prologue
                0x0000000000001a88       0x32 /usr/lib/gcc/avr/5.4.0/avrxmega2/libgcc.a(_prologue.o)
                0x0000000000001a88                __prologue_saves__
 .text.libgcc.builtins
                0x0000000000001aba        0x0 /usr/lib/gcc/avr/5.4.0/avrxmega2/libgcc.a(_prologue.o)
 .text.libgcc.fmul
                0x0000000000001aba        0x0 /usr/lib/gcc/avr/5.4.0/avrxmega2/libgcc.a(_prologue.o)
 .text.libgcc.fixed
                0x0000000000001aba        0x0 /usr/lib/gcc/avr/5.4.0/avrxmega2/libgcc.a(_prologue.o)
 .text.libgcc.mul
                0x0000000000001aba        0x0 /usr/lib/gcc/avr/5.4.0/avrxmega2/libgcc.a(_epilogue.o)
 .text.libgcc.div
                0x0000000000001aba        0x0 /usr/lib/gcc/avr/5.4.0/avrxmega2/libgcc.a(_epilogue.o)
 .text.libgcc   0x0000000000001aba        0x0 /usr/lib/gcc/avr/5.4.0/avrxmega2/libgcc.a(_epilogue.o)
 .text.libgcc.prologue
                0x0000000000001aba       0x30 /usr/lib/gcc/avr/5.4.0/avrxmega2/libgcc.a(_epilogue.o)
                0x0000000000001aba                __epilogue_restores__
 .text.libgcc.builtins
                0x0000000000001aea        0x0 /usr/lib/gcc/avr/5.4.0/avrxmega2/libgcc.a(_epilogue.o)
 .text.libgcc.fmul
                0x0000000000001aea        0x0 /usr/lib/gcc/avr/5.4.0/avrxmega2/libgcc.a(_epilogue.o)
 .text.libgcc.fixed
                0x0000000000001aea        0x0 /usr/lib/gcc/avr/5.4.0/avrxmega2/libgcc.a(_epilogue.o)
 .text.avr-libc
                0x0000000000001aea      0x1b0 /usr/lib/gcc/avr/5.4.0/../../../avr/lib/avrxmega2/libc.a(ftoa_engine.o)
                0x0000000000001aea                __ftoa_engine
 .text.avr-libc
                0x0000000000001c9a       0x12 /usr/lib/gcc/avr/5.4.0/../../../avr/lib/avrxmega2/libc.a(isspace.o)
                0x0000000000001c9a                isspace
 .text.avr-libc
                0x0000000000001cac       0x10 /usr/lib/gcc/avr/5.4.0/../../../avr/lib/avrxmega2/libc.a(tolower.o)
                0x0000000000001cac                tolower
 .text.avr-libc
                0x0000000000001cbc       0x16 /usr/lib/gcc/avr/5.4.0/../../../avr/lib/avrxmega2/libc.a(strchr_P.o)
                0x0000000000001cbc                strchr_P
 .text.avr-libc
                0x0000000000001cd2       0x16 /usr/lib/gcc/avr/5.4.0/../../../avr/lib/avrxmega2/libc.a(strnlen_P.o)
                0x0000000000001cd2                strnlen_P
 .text.avr-libc
                0x0000000000001ce8       0x16 /usr/lib/gcc/avr/5.4.0/../../../avr/lib/avrxmega2/libc.a(strnlen.o)
                0x0000000000001ce8                strnlen
 .text.avr-libc
                0x0000000000001cfe       0x16 /usr/lib/gcc/avr/5.4.0/../../../avr/lib/avrxmega2/libc.a(itoa_ncheck.o)
                0x0000000000001cfe                __itoa_ncheck
 .text.avr-libc
                0x0000000000001d14       0x1e /usr/lib/gcc/avr/5.4.0/../../../avr/lib/avrxmega2/libc.a(ltoa_ncheck.o)
                0x0000000000001d14                __ltoa_ncheck
 .text.avr-libc
                0x0000000000001d32       0x44 /usr/lib/gcc/avr/5.4.0/../../../avr/lib/avrxmega2/libc.a(ultoa_ncheck.o)
                0x0000000000001d32                __ultoa_ncheck
                0x0000000000001d34                __ultoa_common
 .text.avr-libc
                0x0000000000001d76       0x34 /usr/lib/gcc/avr/5.4.0/../../../avr/lib/avrxmega2/libc.a(utoa_ncheck.o)
                0x0000000000001d76                __utoa_ncheck
                0x0000000000001d78                __utoa_common
 .text.avr-libc
                0x0000000000001daa       0x7c /usr/lib/gcc/avr/5.4.0/../../../avr/lib/avrxmega2/libc.a(fgetc.o)
                0x0000000000001daa                fgetc
 .text.avr-libc
                0x0000000000001e26       0x78 /usr/lib/gcc/avr/5.4.0/../../../avr/lib/avrxmega2/libc.a(fputc.o)
                0x0000000000001e26                fputc
 .text.avr-libc
                0x0000000000001e9e       0x38 /usr/lib/gcc/avr/5.4.0/../../../avr/lib/avrxmega2/libc.a(vsprintf.o)
                0x0000000000001e9e                vsprintf
 .text.avr-libc
                0x0000000000001ed6       0x32 /usr/lib/gcc/avr/5.4.0/../../../avr/lib/avrxmega2/libc.a(ungetc.o)
                0x0000000000001ed6                ungetc
 .text.avr-libc
                0x0000000000001f08       0xbc /usr/lib/gcc/avr/5.4.0/../../../avr/lib/avrxmega2/libc.a(ultoa_invert.o)
                0x0000000000001f08                __ultoa_invert
 .text.avr-libc
                0x0000000000001fc4        0x6 /usr/lib/gcc/avr/5.4.0/../../../avr/lib/avrxmega2/libc.a(cty_isfalse.o)
                0x0000000000001fc4                __ctype_isfalse
                0x0000000000001fc8                __ctype_istrue
 .text.avr-libc
                0x0000000000001fca       0x20 /usr/lib/gcc/avr/5.4.0/../../../avr/lib/avrxmega2/libc.a(strrev.o)
                0x0000000000001fca                strrev
                0x0000000000001fea                . = ALIGN (0x2)
 *(.fini9)
 .fini9         0x0000000000001fea        0x0 /usr/lib/gcc/avr/5.4.0/avrxmega2/libgcc.a(_exit.o)
                0x0000000000001fea                exit
                0x0000000000001fea                _exit
 *(.fini9)
 *(.fini8)
 *(.fini8)
 *(.fini7)
 *(.fini7)
 *(.fini6)
 *(.fini6)
 *(.fini5)
 *(.fini5)
 *(.fini4)
 *(.fini4)
 *(.fini3)
 *(.fini3)
 *(.fini2)
 *(.fini2)
 *(.fini1)
 *(.fini1)
 *(.fini0)
 .fini0         0x0000000000001fea        0x4 /usr/lib/gcc/avr/5.4.0/avrxmega2/libgcc.a(_exit.o)
 *(.fini0)
                0x0000000000001fee                _etext = .

.data           0x0000000000802000       0x76 load address 0x0000000000001fee
                0x0000000000802000                PROVIDE (__data_start, .)
 *(.data)
 .data          0x0000000000802000        0x0 /usr/lib/gcc/avr/5.4.0/../../../avr/lib/avrxmega2/crtatxmega32a4u.o
 .data          0x0000000000802000        0x0 /usr/lib/gcc/avr/5.4.0/../../../avr/lib/avrxmega2/libprintf_flt.a(vfprintf_flt.o)
 .data          0x0000000000802000        0x0 /usr/lib/gcc/avr/5.4.0/../../../avr/lib/avrxmega2/libscanf_flt.a(vfscanf_flt.o)
 .data          0x0000000000802000        0x0 /usr/lib/gcc/avr/5.4.0/../../../avr/lib/avrxmega2/libm.a(floatsisf.o)
 .data          0x0000000000802000        0x0 /usr/lib/gcc/avr/5.4.0/../../../avr/lib/avrxmega2/libm.a(mulsf3.o)
 .data          0x0000000000802000        0x0 /usr/lib/gcc/avr/5.4.0/../../../avr/lib/avrxmega2/libm.a(mulsf3x.o)
 .data          0x0000000000802000        0x0 /usr/lib/gcc/avr/5.4.0/../../../avr/lib/avrxmega2/libm.a(fp_inf.o)
 .data          0x0000000000802000        0x0 /usr/lib/gcc/avr/5.4.0/../../../avr/lib/avrxmega2/libm.a(fp_nan.o)
 .data          0x0000000000802000        0x0 /usr/lib/gcc/avr/5.4.0/../../../avr/lib/avrxmega2/libm.a(fp_pscA.o)
 .data          0x0000000000802000        0x0 /usr/lib/gcc/avr/5.4.0/../../../avr/lib/avrxmega2/libm.a(fp_pscB.o)
 .data          0x0000000000802000        0x0 /usr/lib/gcc/avr/5.4.0/../../../avr/lib/avrxmega2/libm.a(fp_round.o)
 .data          0x0000000000802000        0x0 /usr/lib/gcc/avr/5.4.0/../../../avr/lib/avrxmega2/libm.a(fp_split3.o)
 .data          0x0000000000802000        0x0 /usr/lib/gcc/avr/5.4.0/../../../avr/lib/avrxmega2/libm.a(fp_zero.o)
 .data          0x0000000000802000        0x0 obj/TC_driver.o
 .data          0x0000000000802000        0x0 obj/io.o
 .data          0x0000000000802000        0x0 obj/main.o
 .data          0x0000000000802000        0x0 obj/servo_driver.o
 .data          0x0000000000802000        0x2 obj/uart.o
                0x0000000000802000                text_emerg
 .data          0x0000000000802002        0x0 /usr/lib/gcc/avr/5.4.0/avrxmega2/libgcc.a(_exit.o)
 .data          0x0000000000802002        0x0 /usr/lib/gcc/avr/5.4.0/avrxmega2/libgcc.a(_copy_data.o)
 .data          0x0000000000802002        0x0 /usr/lib/gcc/avr/5.4.0/avrxmega2/libgcc.a(_clear_bss.o)
 .data          0x0000000000802002        0x0 /usr/lib/gcc/avr/5.4.0/avrxmega2/libgcc.a(_prologue.o)
 .data          0x0000000000802002        0x0 /usr/lib/gcc/avr/5.4.0/avrxmega2/libgcc.a(_epilogue.o)
 .data          0x0000000000802002        0x0 /usr/lib/gcc/avr/5.4.0/../../../avr/lib/avrxmega2/libc.a(ftoa_engine.o)
 .data          0x0000000000802002        0x0 /usr/lib/gcc/avr/5.4.0/../../../avr/lib/avrxmega2/libc.a(isspace.o)
 .data          0x0000000000802002        0x0 /usr/lib/gcc/avr/5.4.0/../../../avr/lib/avrxmega2/libc.a(tolower.o)
 .data          0x0000000000802002        0x0 /usr/lib/gcc/avr/5.4.0/../../../avr/lib/avrxmega2/libc.a(strchr_P.o)
 .data          0x0000000000802002        0x0 /usr/lib/gcc/avr/5.4.0/../../../avr/lib/avrxmega2/libc.a(strnlen_P.o)
 .data          0x0000000000802002        0x0 /usr/lib/gcc/avr/5.4.0/../../../avr/lib/avrxmega2/libc.a(strnlen.o)
 .data          0x0000000000802002        0x0 /usr/lib/gcc/avr/5.4.0/../../../avr/lib/avrxmega2/libc.a(itoa_ncheck.o)
 .data          0x0000000000802002        0x0 /usr/lib/gcc/avr/5.4.0/../../../avr/lib/avrxmega2/libc.a(ltoa_ncheck.o)
 .data          0x0000000000802002        0x0 /usr/lib/gcc/avr/5.4.0/../../../avr/lib/avrxmega2/libc.a(ultoa_ncheck.o)
 .data          0x0000000000802002        0x0 /usr/lib/gcc/avr/5.4.0/../../../avr/lib/avrxmega2/libc.a(utoa_ncheck.o)
 .data          0x0000000000802002        0x0 /usr/lib/gcc/avr/5.4.0/../../../avr/lib/avrxmega2/libc.a(fgetc.o)
 .data          0x0000000000802002        0x0 /usr/lib/gcc/avr/5.4.0/../../../avr/lib/avrxmega2/libc.a(fputc.o)
 .data          0x0000000000802002        0x0 /usr/lib/gcc/avr/5.4.0/../../../avr/lib/avrxmega2/libc.a(vsprintf.o)
 .data          0x0000000000802002        0x0 /usr/lib/gcc/avr/5.4.0/../../../avr/lib/avrxmega2/libc.a(ungetc.o)
 .data          0x0000000000802002        0x0 /usr/lib/gcc/avr/5.4.0/../../../avr/lib/avrxmega2/libc.a(ultoa_invert.o)
 .data          0x0000000000802002        0x0 /usr/lib/gcc/avr/5.4.0/../../../avr/lib/avrxmega2/libc.a(cty_isfalse.o)
 .data          0x0000000000802002        0x0 /usr/lib/gcc/avr/5.4.0/../../../avr/lib/avrxmega2/libc.a(strrev.o)
 *(.data*)
 *(.rodata)
 *(.rodata*)
 .rodata.str1.1
                0x0000000000802002       0x6e obj/main.o
 .rodata.str1.1
                0x0000000000802070        0x6 obj/uart.o
 *(.gnu.linkonce.d*)
                0x0000000000802076                . = ALIGN (0x2)
                0x0000000000802076                _edata = .
                0x0000000000802076                PROVIDE (__data_end, .)

.bss            0x0000000000802076      0x117
                0x0000000000802076                PROVIDE (__bss_start, .)
 *(.bss)
 .bss           0x0000000000802076        0x0 /usr/lib/gcc/avr/5.4.0/../../../avr/lib/avrxmega2/crtatxmega32a4u.o
 .bss           0x0000000000802076        0x0 /usr/lib/gcc/avr/5.4.0/../../../avr/lib/avrxmega2/libprintf_flt.a(vfprintf_flt.o)
 .bss           0x0000000000802076        0x0 /usr/lib/gcc/avr/5.4.0/../../../avr/lib/avrxmega2/libscanf_flt.a(vfscanf_flt.o)
 .bss           0x0000000000802076        0x0 /usr/lib/gcc/avr/5.4.0/../../../avr/lib/avrxmega2/libm.a(floatsisf.o)
 .bss           0x0000000000802076        0x0 /usr/lib/gcc/avr/5.4.0/../../../avr/lib/avrxmega2/libm.a(mulsf3.o)
 .bss           0x0000000000802076        0x0 /usr/lib/gcc/avr/5.4.0/../../../avr/lib/avrxmega2/libm.a(mulsf3x.o)
 .bss           0x0000000000802076        0x0 /usr/lib/gcc/avr/5.4.0/../../../avr/lib/avrxmega2/libm.a(fp_inf.o)
 .bss           0x0000000000802076        0x0 /usr/lib/gcc/avr/5.4.0/../../../avr/lib/avrxmega2/libm.a(fp_nan.o)
 .bss           0x0000000000802076        0x0 /usr/lib/gcc/avr/5.4.0/../../../avr/lib/avrxmega2/libm.a(fp_pscA.o)
 .bss           0x0000000000802076        0x0 /usr/lib/gcc/avr/5.4.0/../../../avr/lib/avrxmega2/libm.a(fp_pscB.o)
 .bss           0x0000000000802076        0x0 /usr/lib/gcc/avr/5.4.0/../../../avr/lib/avrxmega2/libm.a(fp_round.o)
 .bss           0x0000000000802076        0x0 /usr/lib/gcc/avr/5.4.0/../../../avr/lib/avrxmega2/libm.a(fp_split3.o)
 .bss           0x0000000000802076        0x0 /usr/lib/gcc/avr/5.4.0/../../../avr/lib/avrxmega2/libm.a(fp_zero.o)
 .bss           0x0000000000802076        0x0 obj/TC_driver.o
 .bss           0x0000000000802076        0x0 obj/io.o
 .bss           0x0000000000802076        0x0 obj/main.o
 .bss           0x0000000000802076        0x0 obj/servo_driver.o
 .bss           0x0000000000802076        0x2 obj/uart.o
                0x0000000000802076                cnt_reset_stop_emerg
 .bss           0x0000000000802078        0x0 /usr/lib/gcc/avr/5.4.0/avrxmega2/libgcc.a(_exit.o)
 .bss           0x0000000000802078        0x0 /usr/lib/gcc/avr/5.4.0/avrxmega2/libgcc.a(_copy_data.o)
 .bss           0x0000000000802078        0x0 /usr/lib/gcc/avr/5.4.0/avrxmega2/libgcc.a(_clear_bss.o)
 .bss           0x0000000000802078        0x0 /usr/lib/gcc/avr/5.4.0/avrxmega2/libgcc.a(_prologue.o)
 .bss           0x0000000000802078        0x0 /usr/lib/gcc/avr/5.4.0/avrxmega2/libgcc.a(_epilogue.o)
 .bss           0x0000000000802078        0x0 /usr/lib/gcc/avr/5.4.0/../../../avr/lib/avrxmega2/libc.a(ftoa_engine.o)
 .bss           0x0000000000802078        0x0 /usr/lib/gcc/avr/5.4.0/../../../avr/lib/avrxmega2/libc.a(isspace.o)
 .bss           0x0000000000802078        0x0 /usr/lib/gcc/avr/5.4.0/../../../avr/lib/avrxmega2/libc.a(tolower.o)
 .bss           0x0000000000802078        0x0 /usr/lib/gcc/avr/5.4.0/../../../avr/lib/avrxmega2/libc.a(strchr_P.o)
 .bss           0x0000000000802078        0x0 /usr/lib/gcc/avr/5.4.0/../../../avr/lib/avrxmega2/libc.a(strnlen_P.o)
 .bss           0x0000000000802078        0x0 /usr/lib/gcc/avr/5.4.0/../../../avr/lib/avrxmega2/libc.a(strnlen.o)
 .bss           0x0000000000802078        0x0 /usr/lib/gcc/avr/5.4.0/../../../avr/lib/avrxmega2/libc.a(itoa_ncheck.o)
 .bss           0x0000000000802078        0x0 /usr/lib/gcc/avr/5.4.0/../../../avr/lib/avrxmega2/libc.a(ltoa_ncheck.o)
 .bss           0x0000000000802078        0x0 /usr/lib/gcc/avr/5.4.0/../../../avr/lib/avrxmega2/libc.a(ultoa_ncheck.o)
 .bss           0x0000000000802078        0x0 /usr/lib/gcc/avr/5.4.0/../../../avr/lib/avrxmega2/libc.a(utoa_ncheck.o)
 .bss           0x0000000000802078        0x0 /usr/lib/gcc/avr/5.4.0/../../../avr/lib/avrxmega2/libc.a(fgetc.o)
 .bss           0x0000000000802078        0x0 /usr/lib/gcc/avr/5.4.0/../../../avr/lib/avrxmega2/libc.a(fputc.o)
 .bss           0x0000000000802078        0x0 /usr/lib/gcc/avr/5.4.0/../../../avr/lib/avrxmega2/libc.a(vsprintf.o)
 .bss           0x0000000000802078        0x0 /usr/lib/gcc/avr/5.4.0/../../../avr/lib/avrxmega2/libc.a(ungetc.o)
 .bss           0x0000000000802078        0x0 /usr/lib/gcc/avr/5.4.0/../../../avr/lib/avrxmega2/libc.a(ultoa_invert.o)
 .bss           0x0000000000802078        0x0 /usr/lib/gcc/avr/5.4.0/../../../avr/lib/avrxmega2/libc.a(cty_isfalse.o)
 .bss           0x0000000000802078        0x0 /usr/lib/gcc/avr/5.4.0/../../../avr/lib/avrxmega2/libc.a(strrev.o)
 *(.bss*)
 *(COMMON)
 COMMON         0x0000000000802078       0x15 obj/main.o
                0x0000000000802078                motor_pin_t
                0x000000000080207b                servo_motor_disc
 COMMON         0x000000000080208d      0x100 obj/uart.o
                0x000000000080208d                debug_bfr
                0x000000000080218d                PROVIDE (__bss_end, .)
                0x0000000000001fee                __data_load_start = LOADADDR (.data)
                0x0000000000002064                __data_load_end = (__data_load_start + SIZEOF (.data))

.noinit         0x000000000080218d        0x0
                [!provide]                        PROVIDE (__noinit_start, .)
 *(.noinit*)
                [!provide]                        PROVIDE (__noinit_end, .)
                0x000000000080218d                _end = .
                [!provide]                        PROVIDE (__heap_start, .)

.eeprom         0x0000000000810000        0x0
 *(.eeprom*)
                0x0000000000810000                __eeprom_end = .

.fuse
 *(.fuse)
 *(.lfuse)
 *(.hfuse)
 *(.efuse)

.lock
 *(.lock*)

.signature
 *(.signature*)

.user_signatures
 *(.user_signatures*)

.stab           0x0000000000000000     0x3ec4
 *(.stab)
 .stab          0x0000000000000000     0x1e24 obj/TC_driver.o
 .stab          0x0000000000001e24      0x9d8 obj/io.o
                                       0x1cbc (size before relaxing)
 .stab          0x00000000000027fc      0x780 obj/main.o
                                       0x1a40 (size before relaxing)
 .stab          0x0000000000002f7c      0x840 obj/servo_driver.o
                                       0x1be4 (size before relaxing)
 .stab          0x00000000000037bc      0x708 obj/uart.o
                                       0x1ad0 (size before relaxing)

.stabstr        0x0000000000000000     0xe312
 *(.stabstr)
 .stabstr       0x0000000000000000     0xe312 obj/TC_driver.o

.stab.excl
 *(.stab.excl)

.stab.exclstr
 *(.stab.exclstr)

.stab.index
 *(.stab.index)

.stab.indexstr
 *(.stab.indexstr)

.comment        0x0000000000000000       0x11
 *(.comment)
 .comment       0x0000000000000000       0x11 /usr/lib/gcc/avr/5.4.0/../../../avr/lib/avrxmega2/libprintf_flt.a(vfprintf_flt.o)
                                         0x12 (size before relaxing)
 .comment       0x0000000000000011       0x12 /usr/lib/gcc/avr/5.4.0/../../../avr/lib/avrxmega2/libscanf_flt.a(vfscanf_flt.o)
 .comment       0x0000000000000011       0x12 obj/TC_driver.o
 .comment       0x0000000000000011       0x12 obj/io.o
 .comment       0x0000000000000011       0x12 obj/main.o
 .comment       0x0000000000000011       0x12 obj/servo_driver.o
 .comment       0x0000000000000011       0x12 obj/uart.o
 .comment       0x0000000000000011       0x12 /usr/lib/gcc/avr/5.4.0/../../../avr/lib/avrxmega2/libc.a(fgetc.o)
 .comment       0x0000000000000011       0x12 /usr/lib/gcc/avr/5.4.0/../../../avr/lib/avrxmega2/libc.a(fputc.o)
 .comment       0x0000000000000011       0x12 /usr/lib/gcc/avr/5.4.0/../../../avr/lib/avrxmega2/libc.a(vsprintf.o)
 .comment       0x0000000000000011       0x12 /usr/lib/gcc/avr/5.4.0/../../../avr/lib/avrxmega2/libc.a(ungetc.o)

.note.gnu.avr.deviceinfo
                0x0000000000000000       0x40
 .note.gnu.avr.deviceinfo
                0x0000000000000000       0x40 /usr/lib/gcc/avr/5.4.0/../../../avr/lib/avrxmega2/crtatxmega32a4u.o

.note.gnu.build-id
 *(.note.gnu.build-id)

.debug
 *(.debug)

.line
 *(.line)

.debug_srcinfo
 *(.debug_srcinfo)

.debug_sfnames
 *(.debug_sfnames)

.debug_aranges
 *(.debug_aranges)

.debug_pubnames
 *(.debug_pubnames)

.debug_info     0x0000000000000000     0x284f
 *(.debug_info .gnu.linkonce.wi.*)
 .debug_info    0x0000000000000000     0x284f /usr/lib/gcc/avr/5.4.0/../../../avr/lib/avrxmega2/crtatxmega32a4u.o

.debug_abbrev   0x0000000000000000     0x262c
 *(.debug_abbrev)
 .debug_abbrev  0x0000000000000000     0x262c /usr/lib/gcc/avr/5.4.0/../../../avr/lib/avrxmega2/crtatxmega32a4u.o

.debug_line     0x0000000000000000       0x1a
 *(.debug_line .debug_line.* .debug_line_end)
 .debug_line    0x0000000000000000       0x1a /usr/lib/gcc/avr/5.4.0/../../../avr/lib/avrxmega2/crtatxmega32a4u.o

.debug_frame
 *(.debug_frame)

.debug_str      0x0000000000000000     0x1aa8
 *(.debug_str)
 .debug_str     0x0000000000000000     0x1aa8 /usr/lib/gcc/avr/5.4.0/../../../avr/lib/avrxmega2/crtatxmega32a4u.o

.debug_loc
 *(.debug_loc)

.debug_macinfo
 *(.debug_macinfo)

.debug_weaknames
 *(.debug_weaknames)

.debug_funcnames
 *(.debug_funcnames)

.debug_typenames
 *(.debug_typenames)

.debug_varnames
 *(.debug_varnames)

.debug_pubtypes
 *(.debug_pubtypes)

.debug_ranges
 *(.debug_ranges)

.debug_macro
 *(.debug_macro)
OUTPUT(ServoMotor.elf elf32-avr)
LOAD linker stubs

Cross Reference Table

Symbol                                            File
TC0_ConfigClockSource                             obj/TC_driver.o
TC0_ConfigInputCapture                            obj/TC_driver.o
TC0_ConfigWGM                                     obj/TC_driver.o
TC0_DisableCCChannels                             obj/TC_driver.o
TC0_EnableCCChannels                              obj/TC_driver.o
TC0_Reset                                         obj/TC_driver.o
TC0_SetCCAIntLevel                                obj/TC_driver.o
TC0_SetCCBIntLevel                                obj/TC_driver.o
TC0_SetCCCIntLevel                                obj/TC_driver.o
TC0_SetCCDIntLevel                                obj/TC_driver.o
TC0_SetErrorIntLevel                              obj/TC_driver.o
TC0_SetOverflowIntLevel                           obj/TC_driver.o
TC1_ConfigClockSource                             obj/TC_driver.o
TC1_ConfigInputCapture                            obj/TC_driver.o
TC1_ConfigWGM                                     obj/TC_driver.o
TC1_DisableCCChannels                             obj/TC_driver.o
TC1_EnableCCChannels                              obj/TC_driver.o
TC1_Reset                                         obj/TC_driver.o
TC1_SetCCAIntLevel                                obj/TC_driver.o
TC1_SetCCBIntLevel                                obj/TC_driver.o
TC1_SetErrorIntLevel                              obj/TC_driver.o
TC1_SetOverflowIntLevel                           obj/TC_driver.o
UART_sendChar                                     obj/uart.o
UART_sendInt                                      obj/uart.o
UART_sendLint                                     obj/uart.o
UART_sendString                                   obj/uart.o
__FUSE_REGION_LENGTH__                            /usr/lib/gcc/avr/5.4.0/../../../avr/lib/avrxmega2/crtatxmega32a4u.o
__bad_interrupt                                   /usr/lib/gcc/avr/5.4.0/../../../avr/lib/avrxmega2/crtatxmega32a4u.o
__bss_end                                         /usr/lib/gcc/avr/5.4.0/avrxmega2/libgcc.a(_clear_bss.o)
__bss_start                                       /usr/lib/gcc/avr/5.4.0/avrxmega2/libgcc.a(_clear_bss.o)
__ctype_isfalse                                   /usr/lib/gcc/avr/5.4.0/../../../avr/lib/avrxmega2/libc.a(cty_isfalse.o)
                                                  /usr/lib/gcc/avr/5.4.0/../../../avr/lib/avrxmega2/libc.a(isspace.o)
__ctype_istrue                                    /usr/lib/gcc/avr/5.4.0/../../../avr/lib/avrxmega2/libc.a(cty_isfalse.o)
__data_end                                        /usr/lib/gcc/avr/5.4.0/avrxmega2/libgcc.a(_copy_data.o)
__data_load_start                                 /usr/lib/gcc/avr/5.4.0/avrxmega2/libgcc.a(_copy_data.o)
__data_start                                      /usr/lib/gcc/avr/5.4.0/avrxmega2/libgcc.a(_copy_data.o)
__do_clear_bss                                    /usr/lib/gcc/avr/5.4.0/avrxmega2/libgcc.a(_clear_bss.o)
                                                  obj/uart.o
                                                  obj/servo_driver.o
                                                  obj/main.o
__do_copy_data                                    /usr/lib/gcc/avr/5.4.0/avrxmega2/libgcc.a(_copy_data.o)
                                                  obj/uart.o
                                                  obj/main.o
__epilogue_restores__                             /usr/lib/gcc/avr/5.4.0/avrxmega2/libgcc.a(_epilogue.o)
                                                  /usr/lib/gcc/avr/5.4.0/../../../avr/lib/avrxmega2/libc.a(vsprintf.o)
                                                  /usr/lib/gcc/avr/5.4.0/../../../avr/lib/avrxmega2/libscanf_flt.a(vfscanf_flt.o)
                                                  /usr/lib/gcc/avr/5.4.0/../../../avr/lib/avrxmega2/libprintf_flt.a(vfprintf_flt.o)
__floatsisf                                       /usr/lib/gcc/avr/5.4.0/../../../avr/lib/avrxmega2/libm.a(floatsisf.o)
__floatunsisf                                     /usr/lib/gcc/avr/5.4.0/../../../avr/lib/avrxmega2/libm.a(floatsisf.o)
                                                  /usr/lib/gcc/avr/5.4.0/../../../avr/lib/avrxmega2/libscanf_flt.a(vfscanf_flt.o)
__fp_inf                                          /usr/lib/gcc/avr/5.4.0/../../../avr/lib/avrxmega2/libm.a(fp_inf.o)
                                                  /usr/lib/gcc/avr/5.4.0/../../../avr/lib/avrxmega2/libm.a(mulsf3x.o)
__fp_nan                                          /usr/lib/gcc/avr/5.4.0/../../../avr/lib/avrxmega2/libm.a(fp_nan.o)
                                                  /usr/lib/gcc/avr/5.4.0/../../../avr/lib/avrxmega2/libm.a(mulsf3x.o)
__fp_pscA                                         /usr/lib/gcc/avr/5.4.0/../../../avr/lib/avrxmega2/libm.a(fp_pscA.o)
                                                  /usr/lib/gcc/avr/5.4.0/../../../avr/lib/avrxmega2/libm.a(mulsf3x.o)
__fp_pscB                                         /usr/lib/gcc/avr/5.4.0/../../../avr/lib/avrxmega2/libm.a(fp_pscB.o)
                                                  /usr/lib/gcc/avr/5.4.0/../../../avr/lib/avrxmega2/libm.a(mulsf3x.o)
__fp_round                                        /usr/lib/gcc/avr/5.4.0/../../../avr/lib/avrxmega2/libm.a(fp_round.o)
                                                  /usr/lib/gcc/avr/5.4.0/../../../avr/lib/avrxmega2/libm.a(mulsf3.o)
__fp_split3                                       /usr/lib/gcc/avr/5.4.0/../../../avr/lib/avrxmega2/libm.a(fp_split3.o)
                                                  /usr/lib/gcc/avr/5.4.0/../../../avr/lib/avrxmega2/libm.a(mulsf3x.o)
__fp_splitA                                       /usr/lib/gcc/avr/5.4.0/../../../avr/lib/avrxmega2/libm.a(fp_split3.o)
__fp_szero                                        /usr/lib/gcc/avr/5.4.0/../../../avr/lib/avrxmega2/libm.a(fp_zero.o)
                                                  /usr/lib/gcc/avr/5.4.0/../../../avr/lib/avrxmega2/libm.a(mulsf3x.o)
__fp_zero                                         /usr/lib/gcc/avr/5.4.0/../../../avr/lib/avrxmega2/libm.a(fp_zero.o)
__ftoa_engine                                     /usr/lib/gcc/avr/5.4.0/../../../avr/lib/avrxmega2/libc.a(ftoa_engine.o)
                                                  /usr/lib/gcc/avr/5.4.0/../../../avr/lib/avrxmega2/libprintf_flt.a(vfprintf_flt.o)
__heap_end                                        /usr/lib/gcc/avr/5.4.0/../../../avr/lib/avrxmega2/crtatxmega32a4u.o
__init                                            /usr/lib/gcc/avr/5.4.0/../../../avr/lib/avrxmega2/crtatxmega32a4u.o
__itoa_ncheck                                     /usr/lib/gcc/avr/5.4.0/../../../avr/lib/avrxmega2/libc.a(itoa_ncheck.o)
                                                  obj/uart.o
__ltoa_ncheck                                     /usr/lib/gcc/avr/5.4.0/../../../avr/lib/avrxmega2/libc.a(ltoa_ncheck.o)
                                                  obj/uart.o
__mulsf3                                          /usr/lib/gcc/avr/5.4.0/../../../avr/lib/avrxmega2/libm.a(mulsf3.o)
                                                  /usr/lib/gcc/avr/5.4.0/../../../avr/lib/avrxmega2/libscanf_flt.a(vfscanf_flt.o)
__mulsf3_pse                                      /usr/lib/gcc/avr/5.4.0/../../../avr/lib/avrxmega2/libm.a(mulsf3x.o)
__mulsf3x                                         /usr/lib/gcc/avr/5.4.0/../../../avr/lib/avrxmega2/libm.a(mulsf3x.o)
                                                  /usr/lib/gcc/avr/5.4.0/../../../avr/lib/avrxmega2/libm.a(mulsf3.o)
__prologue_saves__                                /usr/lib/gcc/avr/5.4.0/avrxmega2/libgcc.a(_prologue.o)
                                                  /usr/lib/gcc/avr/5.4.0/../../../avr/lib/avrxmega2/libc.a(vsprintf.o)
                                                  /usr/lib/gcc/avr/5.4.0/../../../avr/lib/avrxmega2/libscanf_flt.a(vfscanf_flt.o)
                                                  /usr/lib/gcc/avr/5.4.0/../../../avr/lib/avrxmega2/libprintf_flt.a(vfprintf_flt.o)
__stack                                           /usr/lib/gcc/avr/5.4.0/../../../avr/lib/avrxmega2/crtatxmega32a4u.o
__ultoa_common                                    /usr/lib/gcc/avr/5.4.0/../../../avr/lib/avrxmega2/libc.a(ultoa_ncheck.o)
                                                  /usr/lib/gcc/avr/5.4.0/../../../avr/lib/avrxmega2/libc.a(ltoa_ncheck.o)
__ultoa_invert                                    /usr/lib/gcc/avr/5.4.0/../../../avr/lib/avrxmega2/libc.a(ultoa_invert.o)
                                                  /usr/lib/gcc/avr/5.4.0/../../../avr/lib/avrxmega2/libprintf_flt.a(vfprintf_flt.o)
__ultoa_ncheck                                    /usr/lib/gcc/avr/5.4.0/../../../avr/lib/avrxmega2/libc.a(ultoa_ncheck.o)
__utoa_common                                     /usr/lib/gcc/avr/5.4.0/../../../avr/lib/avrxmega2/libc.a(utoa_ncheck.o)
                                                  /usr/lib/gcc/avr/5.4.0/../../../avr/lib/avrxmega2/libc.a(itoa_ncheck.o)
__utoa_ncheck                                     /usr/lib/gcc/avr/5.4.0/../../../avr/lib/avrxmega2/libc.a(utoa_ncheck.o)
__vector_1                                        /usr/lib/gcc/avr/5.4.0/../../../avr/lib/avrxmega2/crtatxmega32a4u.o
__vector_10                                       /usr/lib/gcc/avr/5.4.0/../../../avr/lib/avrxmega2/crtatxmega32a4u.o
__vector_100                                      /usr/lib/gcc/avr/5.4.0/../../../avr/lib/avrxmega2/crtatxmega32a4u.o
__vector_101                                      /usr/lib/gcc/avr/5.4.0/../../../avr/lib/avrxmega2/crtatxmega32a4u.o
__vector_102                                      /usr/lib/gcc/avr/5.4.0/../../../avr/lib/avrxmega2/crtatxmega32a4u.o
__vector_103                                      /usr/lib/gcc/avr/5.4.0/../../../avr/lib/avrxmega2/crtatxmega32a4u.o
__vector_104                                      /usr/lib/gcc/avr/5.4.0/../../../avr/lib/avrxmega2/crtatxmega32a4u.o
__vector_105                                      /usr/lib/gcc/avr/5.4.0/../../../avr/lib/avrxmega2/crtatxmega32a4u.o
__vector_106                                      /usr/lib/gcc/avr/5.4.0/../../../avr/lib/avrxmega2/crtatxmega32a4u.o
__vector_107                                      /usr/lib/gcc/avr/5.4.0/../../../avr/lib/avrxmega2/crtatxmega32a4u.o
__vector_108                                      /usr/lib/gcc/avr/5.4.0/../../../avr/lib/avrxmega2/crtatxmega32a4u.o
__vector_109                                      /usr/lib/gcc/avr/5.4.0/../../../avr/lib/avrxmega2/crtatxmega32a4u.o
__vector_11                                       /usr/lib/gcc/avr/5.4.0/../../../avr/lib/avrxmega2/crtatxmega32a4u.o
__vector_110                                      /usr/lib/gcc/avr/5.4.0/../../../avr/lib/avrxmega2/crtatxmega32a4u.o
__vector_111                                      /usr/lib/gcc/avr/5.4.0/../../../avr/lib/avrxmega2/crtatxmega32a4u.o
__vector_112                                      /usr/lib/gcc/avr/5.4.0/../../../avr/lib/avrxmega2/crtatxmega32a4u.o
__vector_113                                      /usr/lib/gcc/avr/5.4.0/../../../avr/lib/avrxmega2/crtatxmega32a4u.o
__vector_114                                      /usr/lib/gcc/avr/5.4.0/../../../avr/lib/avrxmega2/crtatxmega32a4u.o
__vector_115                                      /usr/lib/gcc/avr/5.4.0/../../../avr/lib/avrxmega2/crtatxmega32a4u.o
__vector_116                                      /usr/lib/gcc/avr/5.4.0/../../../avr/lib/avrxmega2/crtatxmega32a4u.o
__vector_117                                      /usr/lib/gcc/avr/5.4.0/../../../avr/lib/avrxmega2/crtatxmega32a4u.o
__vector_118                                      /usr/lib/gcc/avr/5.4.0/../../../avr/lib/avrxmega2/crtatxmega32a4u.o
__vector_119                                      /usr/lib/gcc/avr/5.4.0/../../../avr/lib/avrxmega2/crtatxmega32a4u.o
__vector_12                                       /usr/lib/gcc/avr/5.4.0/../../../avr/lib/avrxmega2/crtatxmega32a4u.o
__vector_120                                      /usr/lib/gcc/avr/5.4.0/../../../avr/lib/avrxmega2/crtatxmega32a4u.o
__vector_121                                      /usr/lib/gcc/avr/5.4.0/../../../avr/lib/avrxmega2/crtatxmega32a4u.o
__vector_122                                      /usr/lib/gcc/avr/5.4.0/../../../avr/lib/avrxmega2/crtatxmega32a4u.o
__vector_123                                      /usr/lib/gcc/avr/5.4.0/../../../avr/lib/avrxmega2/crtatxmega32a4u.o
__vector_124                                      /usr/lib/gcc/avr/5.4.0/../../../avr/lib/avrxmega2/crtatxmega32a4u.o
__vector_125                                      /usr/lib/gcc/avr/5.4.0/../../../avr/lib/avrxmega2/crtatxmega32a4u.o
__vector_126                                      /usr/lib/gcc/avr/5.4.0/../../../avr/lib/avrxmega2/crtatxmega32a4u.o
__vector_13                                       /usr/lib/gcc/avr/5.4.0/../../../avr/lib/avrxmega2/crtatxmega32a4u.o
__vector_14                                       /usr/lib/gcc/avr/5.4.0/../../../avr/lib/avrxmega2/crtatxmega32a4u.o
__vector_15                                       /usr/lib/gcc/avr/5.4.0/../../../avr/lib/avrxmega2/crtatxmega32a4u.o
__vector_16                                       /usr/lib/gcc/avr/5.4.0/../../../avr/lib/avrxmega2/crtatxmega32a4u.o
__vector_17                                       /usr/lib/gcc/avr/5.4.0/../../../avr/lib/avrxmega2/crtatxmega32a4u.o
__vector_18                                       /usr/lib/gcc/avr/5.4.0/../../../avr/lib/avrxmega2/crtatxmega32a4u.o
__vector_19                                       /usr/lib/gcc/avr/5.4.0/../../../avr/lib/avrxmega2/crtatxmega32a4u.o
__vector_2                                        /usr/lib/gcc/avr/5.4.0/../../../avr/lib/avrxmega2/crtatxmega32a4u.o
__vector_20                                       /usr/lib/gcc/avr/5.4.0/../../../avr/lib/avrxmega2/crtatxmega32a4u.o
__vector_21                                       /usr/lib/gcc/avr/5.4.0/../../../avr/lib/avrxmega2/crtatxmega32a4u.o
__vector_22                                       /usr/lib/gcc/avr/5.4.0/../../../avr/lib/avrxmega2/crtatxmega32a4u.o
__vector_23                                       /usr/lib/gcc/avr/5.4.0/../../../avr/lib/avrxmega2/crtatxmega32a4u.o
__vector_24                                       /usr/lib/gcc/avr/5.4.0/../../../avr/lib/avrxmega2/crtatxmega32a4u.o
__vector_25                                       /usr/lib/gcc/avr/5.4.0/../../../avr/lib/avrxmega2/crtatxmega32a4u.o
__vector_26                                       /usr/lib/gcc/avr/5.4.0/../../../avr/lib/avrxmega2/crtatxmega32a4u.o
__vector_27                                       /usr/lib/gcc/avr/5.4.0/../../../avr/lib/avrxmega2/crtatxmega32a4u.o
__vector_28                                       /usr/lib/gcc/avr/5.4.0/../../../avr/lib/avrxmega2/crtatxmega32a4u.o
__vector_29                                       /usr/lib/gcc/avr/5.4.0/../../../avr/lib/avrxmega2/crtatxmega32a4u.o
__vector_3                                        /usr/lib/gcc/avr/5.4.0/../../../avr/lib/avrxmega2/crtatxmega32a4u.o
__vector_30                                       /usr/lib/gcc/avr/5.4.0/../../../avr/lib/avrxmega2/crtatxmega32a4u.o
__vector_31                                       /usr/lib/gcc/avr/5.4.0/../../../avr/lib/avrxmega2/crtatxmega32a4u.o
__vector_32                                       /usr/lib/gcc/avr/5.4.0/../../../avr/lib/avrxmega2/crtatxmega32a4u.o
__vector_33                                       /usr/lib/gcc/avr/5.4.0/../../../avr/lib/avrxmega2/crtatxmega32a4u.o
__vector_34                                       /usr/lib/gcc/avr/5.4.0/../../../avr/lib/avrxmega2/crtatxmega32a4u.o
__vector_35                                       /usr/lib/gcc/avr/5.4.0/../../../avr/lib/avrxmega2/crtatxmega32a4u.o
__vector_36                                       /usr/lib/gcc/avr/5.4.0/../../../avr/lib/avrxmega2/crtatxmega32a4u.o
__vector_37                                       /usr/lib/gcc/avr/5.4.0/../../../avr/lib/avrxmega2/crtatxmega32a4u.o
__vector_38                                       /usr/lib/gcc/avr/5.4.0/../../../avr/lib/avrxmega2/crtatxmega32a4u.o
__vector_39                                       /usr/lib/gcc/avr/5.4.0/../../../avr/lib/avrxmega2/crtatxmega32a4u.o
__vector_4                                        /usr/lib/gcc/avr/5.4.0/../../../avr/lib/avrxmega2/crtatxmega32a4u.o
__vector_40                                       /usr/lib/gcc/avr/5.4.0/../../../avr/lib/avrxmega2/crtatxmega32a4u.o
__vector_41                                       /usr/lib/gcc/avr/5.4.0/../../../avr/lib/avrxmega2/crtatxmega32a4u.o
__vector_42                                       /usr/lib/gcc/avr/5.4.0/../../../avr/lib/avrxmega2/crtatxmega32a4u.o
__vector_43                                       /usr/lib/gcc/avr/5.4.0/../../../avr/lib/avrxmega2/crtatxmega32a4u.o
__vector_44                                       /usr/lib/gcc/avr/5.4.0/../../../avr/lib/avrxmega2/crtatxmega32a4u.o
__vector_45                                       /usr/lib/gcc/avr/5.4.0/../../../avr/lib/avrxmega2/crtatxmega32a4u.o
__vector_46                                       /usr/lib/gcc/avr/5.4.0/../../../avr/lib/avrxmega2/crtatxmega32a4u.o
__vector_47                                       /usr/lib/gcc/avr/5.4.0/../../../avr/lib/avrxmega2/crtatxmega32a4u.o
__vector_48                                       /usr/lib/gcc/avr/5.4.0/../../../avr/lib/avrxmega2/crtatxmega32a4u.o
__vector_49                                       /usr/lib/gcc/avr/5.4.0/../../../avr/lib/avrxmega2/crtatxmega32a4u.o
__vector_5                                        /usr/lib/gcc/avr/5.4.0/../../../avr/lib/avrxmega2/crtatxmega32a4u.o
__vector_50                                       /usr/lib/gcc/avr/5.4.0/../../../avr/lib/avrxmega2/crtatxmega32a4u.o
__vector_51                                       /usr/lib/gcc/avr/5.4.0/../../../avr/lib/avrxmega2/crtatxmega32a4u.o
__vector_52                                       /usr/lib/gcc/avr/5.4.0/../../../avr/lib/avrxmega2/crtatxmega32a4u.o
__vector_53                                       /usr/lib/gcc/avr/5.4.0/../../../avr/lib/avrxmega2/crtatxmega32a4u.o
__vector_54                                       /usr/lib/gcc/avr/5.4.0/../../../avr/lib/avrxmega2/crtatxmega32a4u.o
__vector_55                                       /usr/lib/gcc/avr/5.4.0/../../../avr/lib/avrxmega2/crtatxmega32a4u.o
__vector_56                                       /usr/lib/gcc/avr/5.4.0/../../../avr/lib/avrxmega2/crtatxmega32a4u.o
__vector_57                                       /usr/lib/gcc/avr/5.4.0/../../../avr/lib/avrxmega2/crtatxmega32a4u.o
__vector_58                                       /usr/lib/gcc/avr/5.4.0/../../../avr/lib/avrxmega2/crtatxmega32a4u.o
__vector_59                                       /usr/lib/gcc/avr/5.4.0/../../../avr/lib/avrxmega2/crtatxmega32a4u.o
__vector_6                                        /usr/lib/gcc/avr/5.4.0/../../../avr/lib/avrxmega2/crtatxmega32a4u.o
__vector_60                                       /usr/lib/gcc/avr/5.4.0/../../../avr/lib/avrxmega2/crtatxmega32a4u.o
__vector_61                                       /usr/lib/gcc/avr/5.4.0/../../../avr/lib/avrxmega2/crtatxmega32a4u.o
__vector_62                                       /usr/lib/gcc/avr/5.4.0/../../../avr/lib/avrxmega2/crtatxmega32a4u.o
__vector_63                                       /usr/lib/gcc/avr/5.4.0/../../../avr/lib/avrxmega2/crtatxmega32a4u.o
__vector_64                                       /usr/lib/gcc/avr/5.4.0/../../../avr/lib/avrxmega2/crtatxmega32a4u.o
__vector_65                                       /usr/lib/gcc/avr/5.4.0/../../../avr/lib/avrxmega2/crtatxmega32a4u.o
__vector_66                                       /usr/lib/gcc/avr/5.4.0/../../../avr/lib/avrxmega2/crtatxmega32a4u.o
__vector_67                                       /usr/lib/gcc/avr/5.4.0/../../../avr/lib/avrxmega2/crtatxmega32a4u.o
__vector_68                                       /usr/lib/gcc/avr/5.4.0/../../../avr/lib/avrxmega2/crtatxmega32a4u.o
__vector_69                                       /usr/lib/gcc/avr/5.4.0/../../../avr/lib/avrxmega2/crtatxmega32a4u.o
__vector_7                                        /usr/lib/gcc/avr/5.4.0/../../../avr/lib/avrxmega2/crtatxmega32a4u.o
__vector_70                                       /usr/lib/gcc/avr/5.4.0/../../../avr/lib/avrxmega2/crtatxmega32a4u.o
__vector_71                                       /usr/lib/gcc/avr/5.4.0/../../../avr/lib/avrxmega2/crtatxmega32a4u.o
__vector_72                                       /usr/lib/gcc/avr/5.4.0/../../../avr/lib/avrxmega2/crtatxmega32a4u.o
__vector_73                                       /usr/lib/gcc/avr/5.4.0/../../../avr/lib/avrxmega2/crtatxmega32a4u.o
__vector_74                                       /usr/lib/gcc/avr/5.4.0/../../../avr/lib/avrxmega2/crtatxmega32a4u.o
__vector_75                                       /usr/lib/gcc/avr/5.4.0/../../../avr/lib/avrxmega2/crtatxmega32a4u.o
__vector_76                                       /usr/lib/gcc/avr/5.4.0/../../../avr/lib/avrxmega2/crtatxmega32a4u.o
__vector_77                                       /usr/lib/gcc/avr/5.4.0/../../../avr/lib/avrxmega2/crtatxmega32a4u.o
__vector_78                                       /usr/lib/gcc/avr/5.4.0/../../../avr/lib/avrxmega2/crtatxmega32a4u.o
__vector_79                                       /usr/lib/gcc/avr/5.4.0/../../../avr/lib/avrxmega2/crtatxmega32a4u.o
__vector_8                                        /usr/lib/gcc/avr/5.4.0/../../../avr/lib/avrxmega2/crtatxmega32a4u.o
__vector_80                                       /usr/lib/gcc/avr/5.4.0/../../../avr/lib/avrxmega2/crtatxmega32a4u.o
__vector_81                                       /usr/lib/gcc/avr/5.4.0/../../../avr/lib/avrxmega2/crtatxmega32a4u.o
__vector_82                                       /usr/lib/gcc/avr/5.4.0/../../../avr/lib/avrxmega2/crtatxmega32a4u.o
__vector_83                                       /usr/lib/gcc/avr/5.4.0/../../../avr/lib/avrxmega2/crtatxmega32a4u.o
__vector_84                                       /usr/lib/gcc/avr/5.4.0/../../../avr/lib/avrxmega2/crtatxmega32a4u.o
__vector_85                                       /usr/lib/gcc/avr/5.4.0/../../../avr/lib/avrxmega2/crtatxmega32a4u.o
__vector_86                                       /usr/lib/gcc/avr/5.4.0/../../../avr/lib/avrxmega2/crtatxmega32a4u.o
__vector_87                                       /usr/lib/gcc/avr/5.4.0/../../../avr/lib/avrxmega2/crtatxmega32a4u.o
__vector_88                                       obj/uart.o
                                                  /usr/lib/gcc/avr/5.4.0/../../../avr/lib/avrxmega2/crtatxmega32a4u.o
__vector_89                                       /usr/lib/gcc/avr/5.4.0/../../../avr/lib/avrxmega2/crtatxmega32a4u.o
__vector_9                                        /usr/lib/gcc/avr/5.4.0/../../../avr/lib/avrxmega2/crtatxmega32a4u.o
__vector_90                                       /usr/lib/gcc/avr/5.4.0/../../../avr/lib/avrxmega2/crtatxmega32a4u.o
__vector_91                                       /usr/lib/gcc/avr/5.4.0/../../../avr/lib/avrxmega2/crtatxmega32a4u.o
__vector_92                                       /usr/lib/gcc/avr/5.4.0/../../../avr/lib/avrxmega2/crtatxmega32a4u.o
__vector_93                                       /usr/lib/gcc/avr/5.4.0/../../../avr/lib/avrxmega2/crtatxmega32a4u.o
__vector_94                                       /usr/lib/gcc/avr/5.4.0/../../../avr/lib/avrxmega2/crtatxmega32a4u.o
__vector_95                                       /usr/lib/gcc/avr/5.4.0/../../../avr/lib/avrxmega2/crtatxmega32a4u.o
__vector_96                                       /usr/lib/gcc/avr/5.4.0/../../../avr/lib/avrxmega2/crtatxmega32a4u.o
__vector_97                                       /usr/lib/gcc/avr/5.4.0/../../../avr/lib/avrxmega2/crtatxmega32a4u.o
__vector_98                                       /usr/lib/gcc/avr/5.4.0/../../../avr/lib/avrxmega2/crtatxmega32a4u.o
__vector_99                                       /usr/lib/gcc/avr/5.4.0/../../../avr/lib/avrxmega2/crtatxmega32a4u.o
__vector_default                                  /usr/lib/gcc/avr/5.4.0/../../../avr/lib/avrxmega2/crtatxmega32a4u.o
__vectors                                         /usr/lib/gcc/avr/5.4.0/../../../avr/lib/avrxmega2/crtatxmega32a4u.o
_exit                                             /usr/lib/gcc/avr/5.4.0/avrxmega2/libgcc.a(_exit.o)
cnt_reset_stop_emerg                              obj/uart.o
debug_bfr                                         obj/uart.o
exit                                              /usr/lib/gcc/avr/5.4.0/avrxmega2/libgcc.a(_exit.o)
                                                  /usr/lib/gcc/avr/5.4.0/../../../avr/lib/avrxmega2/crtatxmega32a4u.o
fgetc                                             /usr/lib/gcc/avr/5.4.0/../../../avr/lib/avrxmega2/libc.a(fgetc.o)
                                                  /usr/lib/gcc/avr/5.4.0/../../../avr/lib/avrxmega2/libscanf_flt.a(vfscanf_flt.o)
fputc                                             /usr/lib/gcc/avr/5.4.0/../../../avr/lib/avrxmega2/libc.a(fputc.o)
                                                  /usr/lib/gcc/avr/5.4.0/../../../avr/lib/avrxmega2/libprintf_flt.a(vfprintf_flt.o)
gpio_cfg_in                                       obj/io.o
gpio_cfg_in_np                                    obj/io.o
                                                  obj/servo_driver.o
                                                  obj/main.o
gpio_cfg_inv_np                                   obj/io.o
gpio_cfg_isc_np                                   obj/io.o
gpio_cfg_opc                                      obj/io.o
gpio_cfg_opc_np                                   obj/io.o
gpio_cfg_out                                      obj/io.o
gpio_cfg_out_np                                   obj/io.o
                                                  obj/servo_driver.o
                                                  obj/main.o
gpio_clr                                          obj/io.o
gpio_clr_np                                       obj/io.o
                                                  obj/servo_driver.o
gpio_is_set                                       obj/io.o
gpio_is_set_np                                    obj/io.o
gpio_set                                          obj/io.o
gpio_set_np                                       obj/io.o
                                                  obj/servo_driver.o
gpio_tgl                                          obj/io.o
gpio_tgl_np                                       obj/io.o
initUsart                                         obj/uart.o
                                                  obj/main.o
isspace                                           /usr/lib/gcc/avr/5.4.0/../../../avr/lib/avrxmega2/libc.a(isspace.o)
                                                  /usr/lib/gcc/avr/5.4.0/../../../avr/lib/avrxmega2/libscanf_flt.a(vfscanf_flt.o)
main                                              obj/main.o
                                                  /usr/lib/gcc/avr/5.4.0/../../../avr/lib/avrxmega2/crtatxmega32a4u.o
motor_pin_t                                       obj/servo_driver.o
                                                  obj/main.o
servo_brake                                       obj/servo_driver.o
                                                  obj/main.o
servo_cfg_alarm_in                                obj/servo_driver.o
                                                  obj/main.o
servo_cfg_alarm_out                               obj/servo_driver.o
                                                  obj/main.o
servo_cfg_brake                                   obj/servo_driver.o
                                                  obj/main.o
servo_cfg_speed_in                                obj/servo_driver.o
                                                  obj/main.o
servo_cfg_speed_out                               obj/servo_driver.o
servo_cfg_start                                   obj/servo_driver.o
                                                  obj/main.o
servo_clr_alarm_reset                             obj/servo_driver.o
                                                  obj/main.o
servo_motor_disc                                  obj/servo_driver.o
                                                  obj/main.o
servo_run                                         obj/servo_driver.o
                                                  obj/main.o
servo_set_alarm_reset                             obj/servo_driver.o
                                                  obj/main.o
servo_start                                       obj/servo_driver.o
                                                  obj/main.o
servo_stop                                        obj/servo_driver.o
                                                  obj/main.o
spew                                              obj/uart.o
                                                  obj/main.o
strchr_P                                          /usr/lib/gcc/avr/5.4.0/../../../avr/lib/avrxmega2/libc.a(strchr_P.o)
                                                  /usr/lib/gcc/avr/5.4.0/../../../avr/lib/avrxmega2/libscanf_flt.a(vfscanf_flt.o)
strnlen                                           /usr/lib/gcc/avr/5.4.0/../../../avr/lib/avrxmega2/libc.a(strnlen.o)
                                                  /usr/lib/gcc/avr/5.4.0/../../../avr/lib/avrxmega2/libprintf_flt.a(vfprintf_flt.o)
strnlen_P                                         /usr/lib/gcc/avr/5.4.0/../../../avr/lib/avrxmega2/libc.a(strnlen_P.o)
                                                  /usr/lib/gcc/avr/5.4.0/../../../avr/lib/avrxmega2/libprintf_flt.a(vfprintf_flt.o)
strrev                                            /usr/lib/gcc/avr/5.4.0/../../../avr/lib/avrxmega2/libc.a(strrev.o)
                                                  /usr/lib/gcc/avr/5.4.0/../../../avr/lib/avrxmega2/libc.a(utoa_ncheck.o)
                                                  /usr/lib/gcc/avr/5.4.0/../../../avr/lib/avrxmega2/libc.a(ultoa_ncheck.o)
text_emerg                                        obj/uart.o
tolower                                           /usr/lib/gcc/avr/5.4.0/../../../avr/lib/avrxmega2/libc.a(tolower.o)
                                                  /usr/lib/gcc/avr/5.4.0/../../../avr/lib/avrxmega2/libscanf_flt.a(vfscanf_flt.o)
ungetc                                            /usr/lib/gcc/avr/5.4.0/../../../avr/lib/avrxmega2/libc.a(ungetc.o)
                                                  /usr/lib/gcc/avr/5.4.0/../../../avr/lib/avrxmega2/libscanf_flt.a(vfscanf_flt.o)
vfprintf                                          /usr/lib/gcc/avr/5.4.0/../../../avr/lib/avrxmega2/libprintf_flt.a(vfprintf_flt.o)
                                                  /usr/lib/gcc/avr/5.4.0/../../../avr/lib/avrxmega2/libc.a(vsprintf.o)
vfscanf                                           /usr/lib/gcc/avr/5.4.0/../../../avr/lib/avrxmega2/libscanf_flt.a(vfscanf_flt.o)
vsprintf                                          /usr/lib/gcc/avr/5.4.0/../../../avr/lib/avrxmega2/libc.a(vsprintf.o)
                                                  obj/uart.o
