Archive member included to satisfy reference by file (symbol)

/usr/local/Cellar/avr-gcc/9.3.0/lib/avr-gcc/9/gcc/avr/9.3.0/../../../../../../avr/lib/avrxmega2/libprintf_flt.a(vfprintf_flt.o)
                              (vfprintf)
/usr/local/Cellar/avr-gcc/9.3.0/lib/avr-gcc/9/gcc/avr/9.3.0/../../../../../../avr/lib/avrxmega2/libscanf_flt.a(vfscanf_flt.o)
                              (vfscanf)
/usr/local/Cellar/avr-gcc/9.3.0/lib/avr-gcc/9/gcc/avr/9.3.0/../../../../../../avr/lib/avrxmega2/libm.a(floatsisf.o)
                              /usr/local/Cellar/avr-gcc/9.3.0/lib/avr-gcc/9/gcc/avr/9.3.0/../../../../../../avr/lib/avrxmega2/libscanf_flt.a(vfscanf_flt.o) (__floatunsisf)
/usr/local/Cellar/avr-gcc/9.3.0/lib/avr-gcc/9/gcc/avr/9.3.0/../../../../../../avr/lib/avrxmega2/libm.a(mulsf3.o)
                              /usr/local/Cellar/avr-gcc/9.3.0/lib/avr-gcc/9/gcc/avr/9.3.0/../../../../../../avr/lib/avrxmega2/libscanf_flt.a(vfscanf_flt.o) (__mulsf3)
/usr/local/Cellar/avr-gcc/9.3.0/lib/avr-gcc/9/gcc/avr/9.3.0/../../../../../../avr/lib/avrxmega2/libm.a(mulsf3x.o)
                              /usr/local/Cellar/avr-gcc/9.3.0/lib/avr-gcc/9/gcc/avr/9.3.0/../../../../../../avr/lib/avrxmega2/libm.a(mulsf3.o) (__mulsf3x)
/usr/local/Cellar/avr-gcc/9.3.0/lib/avr-gcc/9/gcc/avr/9.3.0/../../../../../../avr/lib/avrxmega2/libm.a(fp_inf.o)
                              /usr/local/Cellar/avr-gcc/9.3.0/lib/avr-gcc/9/gcc/avr/9.3.0/../../../../../../avr/lib/avrxmega2/libm.a(mulsf3x.o) (__fp_inf)
/usr/local/Cellar/avr-gcc/9.3.0/lib/avr-gcc/9/gcc/avr/9.3.0/../../../../../../avr/lib/avrxmega2/libm.a(fp_nan.o)
                              /usr/local/Cellar/avr-gcc/9.3.0/lib/avr-gcc/9/gcc/avr/9.3.0/../../../../../../avr/lib/avrxmega2/libm.a(mulsf3x.o) (__fp_nan)
/usr/local/Cellar/avr-gcc/9.3.0/lib/avr-gcc/9/gcc/avr/9.3.0/../../../../../../avr/lib/avrxmega2/libm.a(fp_pscA.o)
                              /usr/local/Cellar/avr-gcc/9.3.0/lib/avr-gcc/9/gcc/avr/9.3.0/../../../../../../avr/lib/avrxmega2/libm.a(mulsf3x.o) (__fp_pscA)
/usr/local/Cellar/avr-gcc/9.3.0/lib/avr-gcc/9/gcc/avr/9.3.0/../../../../../../avr/lib/avrxmega2/libm.a(fp_pscB.o)
                              /usr/local/Cellar/avr-gcc/9.3.0/lib/avr-gcc/9/gcc/avr/9.3.0/../../../../../../avr/lib/avrxmega2/libm.a(mulsf3x.o) (__fp_pscB)
/usr/local/Cellar/avr-gcc/9.3.0/lib/avr-gcc/9/gcc/avr/9.3.0/../../../../../../avr/lib/avrxmega2/libm.a(fp_round.o)
                              /usr/local/Cellar/avr-gcc/9.3.0/lib/avr-gcc/9/gcc/avr/9.3.0/../../../../../../avr/lib/avrxmega2/libm.a(mulsf3.o) (__fp_round)
/usr/local/Cellar/avr-gcc/9.3.0/lib/avr-gcc/9/gcc/avr/9.3.0/../../../../../../avr/lib/avrxmega2/libm.a(fp_split3.o)
                              /usr/local/Cellar/avr-gcc/9.3.0/lib/avr-gcc/9/gcc/avr/9.3.0/../../../../../../avr/lib/avrxmega2/libm.a(mulsf3x.o) (__fp_split3)
/usr/local/Cellar/avr-gcc/9.3.0/lib/avr-gcc/9/gcc/avr/9.3.0/../../../../../../avr/lib/avrxmega2/libm.a(fp_zero.o)
                              /usr/local/Cellar/avr-gcc/9.3.0/lib/avr-gcc/9/gcc/avr/9.3.0/../../../../../../avr/lib/avrxmega2/libm.a(mulsf3x.o) (__fp_szero)
/usr/local/Cellar/avr-gcc/9.3.0/lib/avr-gcc/9/gcc/avr/9.3.0/avrxmega2/libgcc.a(_exit.o)
                              /usr/local/Cellar/avr-gcc/9.3.0/lib/avr-gcc/9/gcc/avr/9.3.0/../../../../../../avr/lib/avrxmega2/crtatxmega32a4u.o (exit)
/usr/local/Cellar/avr-gcc/9.3.0/lib/avr-gcc/9/gcc/avr/9.3.0/avrxmega2/libgcc.a(_clear_bss.o)
                              obj/main.o (__do_clear_bss)
/usr/local/Cellar/avr-gcc/9.3.0/lib/avr-gcc/9/gcc/avr/9.3.0/avrxmega2/libgcc.a(_prologue.o)
                              /usr/local/Cellar/avr-gcc/9.3.0/lib/avr-gcc/9/gcc/avr/9.3.0/../../../../../../avr/lib/avrxmega2/libprintf_flt.a(vfprintf_flt.o) (__prologue_saves__)
/usr/local/Cellar/avr-gcc/9.3.0/lib/avr-gcc/9/gcc/avr/9.3.0/avrxmega2/libgcc.a(_epilogue.o)
                              /usr/local/Cellar/avr-gcc/9.3.0/lib/avr-gcc/9/gcc/avr/9.3.0/../../../../../../avr/lib/avrxmega2/libprintf_flt.a(vfprintf_flt.o) (__epilogue_restores__)
/usr/local/Cellar/avr-gcc/9.3.0/lib/avr-gcc/9/gcc/avr/9.3.0/../../../../../../avr/lib/avrxmega2/libc.a(ftoa_engine.o)
                              /usr/local/Cellar/avr-gcc/9.3.0/lib/avr-gcc/9/gcc/avr/9.3.0/../../../../../../avr/lib/avrxmega2/libprintf_flt.a(vfprintf_flt.o) (__ftoa_engine)
/usr/local/Cellar/avr-gcc/9.3.0/lib/avr-gcc/9/gcc/avr/9.3.0/../../../../../../avr/lib/avrxmega2/libc.a(isspace.o)
                              /usr/local/Cellar/avr-gcc/9.3.0/lib/avr-gcc/9/gcc/avr/9.3.0/../../../../../../avr/lib/avrxmega2/libscanf_flt.a(vfscanf_flt.o) (isspace)
/usr/local/Cellar/avr-gcc/9.3.0/lib/avr-gcc/9/gcc/avr/9.3.0/../../../../../../avr/lib/avrxmega2/libc.a(tolower.o)
                              /usr/local/Cellar/avr-gcc/9.3.0/lib/avr-gcc/9/gcc/avr/9.3.0/../../../../../../avr/lib/avrxmega2/libscanf_flt.a(vfscanf_flt.o) (tolower)
/usr/local/Cellar/avr-gcc/9.3.0/lib/avr-gcc/9/gcc/avr/9.3.0/../../../../../../avr/lib/avrxmega2/libc.a(strchr_P.o)
                              /usr/local/Cellar/avr-gcc/9.3.0/lib/avr-gcc/9/gcc/avr/9.3.0/../../../../../../avr/lib/avrxmega2/libscanf_flt.a(vfscanf_flt.o) (strchr_P)
/usr/local/Cellar/avr-gcc/9.3.0/lib/avr-gcc/9/gcc/avr/9.3.0/../../../../../../avr/lib/avrxmega2/libc.a(strnlen_P.o)
                              /usr/local/Cellar/avr-gcc/9.3.0/lib/avr-gcc/9/gcc/avr/9.3.0/../../../../../../avr/lib/avrxmega2/libprintf_flt.a(vfprintf_flt.o) (strnlen_P)
/usr/local/Cellar/avr-gcc/9.3.0/lib/avr-gcc/9/gcc/avr/9.3.0/../../../../../../avr/lib/avrxmega2/libc.a(strnlen.o)
                              /usr/local/Cellar/avr-gcc/9.3.0/lib/avr-gcc/9/gcc/avr/9.3.0/../../../../../../avr/lib/avrxmega2/libprintf_flt.a(vfprintf_flt.o) (strnlen)
/usr/local/Cellar/avr-gcc/9.3.0/lib/avr-gcc/9/gcc/avr/9.3.0/../../../../../../avr/lib/avrxmega2/libc.a(fgetc.o)
                              /usr/local/Cellar/avr-gcc/9.3.0/lib/avr-gcc/9/gcc/avr/9.3.0/../../../../../../avr/lib/avrxmega2/libscanf_flt.a(vfscanf_flt.o) (fgetc)
/usr/local/Cellar/avr-gcc/9.3.0/lib/avr-gcc/9/gcc/avr/9.3.0/../../../../../../avr/lib/avrxmega2/libc.a(fputc.o)
                              /usr/local/Cellar/avr-gcc/9.3.0/lib/avr-gcc/9/gcc/avr/9.3.0/../../../../../../avr/lib/avrxmega2/libprintf_flt.a(vfprintf_flt.o) (fputc)
/usr/local/Cellar/avr-gcc/9.3.0/lib/avr-gcc/9/gcc/avr/9.3.0/../../../../../../avr/lib/avrxmega2/libc.a(ungetc.o)
                              /usr/local/Cellar/avr-gcc/9.3.0/lib/avr-gcc/9/gcc/avr/9.3.0/../../../../../../avr/lib/avrxmega2/libscanf_flt.a(vfscanf_flt.o) (ungetc)
/usr/local/Cellar/avr-gcc/9.3.0/lib/avr-gcc/9/gcc/avr/9.3.0/../../../../../../avr/lib/avrxmega2/libc.a(ultoa_invert.o)
                              /usr/local/Cellar/avr-gcc/9.3.0/lib/avr-gcc/9/gcc/avr/9.3.0/../../../../../../avr/lib/avrxmega2/libprintf_flt.a(vfprintf_flt.o) (__ultoa_invert)
/usr/local/Cellar/avr-gcc/9.3.0/lib/avr-gcc/9/gcc/avr/9.3.0/../../../../../../avr/lib/avrxmega2/libc.a(cty_isfalse.o)
                              /usr/local/Cellar/avr-gcc/9.3.0/lib/avr-gcc/9/gcc/avr/9.3.0/../../../../../../avr/lib/avrxmega2/libc.a(isspace.o) (__ctype_isfalse)

Memory Configuration

Name             Origin             Length             Attributes
text             0x0000000000000000 0x0000000000100000 xr
data             0x0000000000802000 0x000000000000ffa0 rw !x
eeprom           0x0000000000810000 0x0000000000010000 rw !x
fuse             0x0000000000820000 0x0000000000000400 rw !x
lock             0x0000000000830000 0x0000000000000400 rw !x
signature        0x0000000000840000 0x0000000000000400 rw !x
user_signatures  0x0000000000850000 0x0000000000000400 rw !x
*default*        0x0000000000000000 0xffffffffffffffff

Linker script and memory map

LOAD /usr/local/Cellar/avr-gcc/9.3.0/lib/avr-gcc/9/gcc/avr/9.3.0/../../../../../../avr/lib/avrxmega2/crtatxmega32a4u.o
LOAD /usr/local/Cellar/avr-gcc/9.3.0/lib/avr-gcc/9/gcc/avr/9.3.0/../../../../../../avr/lib/avrxmega2/libprintf_flt.a
LOAD /usr/local/Cellar/avr-gcc/9.3.0/lib/avr-gcc/9/gcc/avr/9.3.0/../../../../../../avr/lib/avrxmega2/libm.a
LOAD /usr/local/Cellar/avr-gcc/9.3.0/lib/avr-gcc/9/gcc/avr/9.3.0/../../../../../../avr/lib/avrxmega2/libscanf_flt.a
LOAD /usr/local/Cellar/avr-gcc/9.3.0/lib/avr-gcc/9/gcc/avr/9.3.0/../../../../../../avr/lib/avrxmega2/libm.a
LOAD obj/TC_driver.o
LOAD obj/io.o
LOAD obj/main.o
START GROUP
LOAD /usr/local/Cellar/avr-gcc/9.3.0/lib/avr-gcc/9/gcc/avr/9.3.0/avrxmega2/libgcc.a
LOAD /usr/local/Cellar/avr-gcc/9.3.0/lib/avr-gcc/9/gcc/avr/9.3.0/../../../../../../avr/lib/avrxmega2/libm.a
LOAD /usr/local/Cellar/avr-gcc/9.3.0/lib/avr-gcc/9/gcc/avr/9.3.0/../../../../../../avr/lib/avrxmega2/libc.a
LOAD /usr/local/Cellar/avr-gcc/9.3.0/lib/avr-gcc/9/gcc/avr/9.3.0/../../../../../../avr/lib/avrxmega2/libatxmega32a4u.a
END GROUP
                0x0000000000100000                __TEXT_REGION_LENGTH__ = DEFINED (__TEXT_REGION_LENGTH__)?__TEXT_REGION_LENGTH__:0x100000
                0x000000000000ffa0                __DATA_REGION_LENGTH__ = DEFINED (__DATA_REGION_LENGTH__)?__DATA_REGION_LENGTH__:0xffa0
                0x0000000000010000                __EEPROM_REGION_LENGTH__ = DEFINED (__EEPROM_REGION_LENGTH__)?__EEPROM_REGION_LENGTH__:0x10000
                0x0000000000000400                __FUSE_REGION_LENGTH__ = DEFINED (__FUSE_REGION_LENGTH__)?__FUSE_REGION_LENGTH__:0x400
                0x0000000000000400                __LOCK_REGION_LENGTH__ = DEFINED (__LOCK_REGION_LENGTH__)?__LOCK_REGION_LENGTH__:0x400
                0x0000000000000400                __SIGNATURE_REGION_LENGTH__ = DEFINED (__SIGNATURE_REGION_LENGTH__)?__SIGNATURE_REGION_LENGTH__:0x400
                0x0000000000000400                __USER_SIGNATURE_REGION_LENGTH__ = DEFINED (__USER_SIGNATURE_REGION_LENGTH__)?__USER_SIGNATURE_REGION_LENGTH__:0x400

.hash
 *(.hash)

.dynsym
 *(.dynsym)

.dynstr
 *(.dynstr)

.gnu.version
 *(.gnu.version)

.gnu.version_d
 *(.gnu.version_d)

.gnu.version_r
 *(.gnu.version_r)

.rel.init
 *(.rel.init)

.rela.init
 *(.rela.init)

.rel.text
 *(.rel.text)
 *(.rel.text.*)
 *(.rel.gnu.linkonce.t*)

.rela.text
 *(.rela.text)
 *(.rela.text.*)
 *(.rela.gnu.linkonce.t*)

.rel.fini
 *(.rel.fini)

.rela.fini
 *(.rela.fini)

.rel.rodata
 *(.rel.rodata)
 *(.rel.rodata.*)
 *(.rel.gnu.linkonce.r*)

.rela.rodata
 *(.rela.rodata)
 *(.rela.rodata.*)
 *(.rela.gnu.linkonce.r*)

.rel.data
 *(.rel.data)
 *(.rel.data.*)
 *(.rel.gnu.linkonce.d*)

.rela.data
 *(.rela.data)
 *(.rela.data.*)
 *(.rela.gnu.linkonce.d*)

.rel.ctors
 *(.rel.ctors)

.rela.ctors
 *(.rela.ctors)

.rel.dtors
 *(.rel.dtors)

.rela.dtors
 *(.rela.dtors)

.rel.got
 *(.rel.got)

.rela.got
 *(.rela.got)

.rel.bss
 *(.rel.bss)

.rela.bss
 *(.rela.bss)

.rel.plt
 *(.rel.plt)

.rela.plt
 *(.rela.plt)

.text           0x0000000000000000     0x1c74
 *(.vectors)
 .vectors       0x0000000000000000      0x1fc /usr/local/Cellar/avr-gcc/9.3.0/lib/avr-gcc/9/gcc/avr/9.3.0/../../../../../../avr/lib/avrxmega2/crtatxmega32a4u.o
                0x0000000000000000                __vectors
                0x0000000000000000                __vector_default
 *(.vectors)
 *(.progmem.gcc*)
                0x00000000000001fc                . = ALIGN (0x2)
                0x00000000000001fc                __trampolines_start = .
 *(.trampolines)
 .trampolines   0x00000000000001fc        0x0 linker stubs
 *(.trampolines*)
                0x00000000000001fc                __trampolines_end = .
 *libprintf_flt.a:*(.progmem.data)
 .progmem.data  0x00000000000001fc        0x8 /usr/local/Cellar/avr-gcc/9.3.0/lib/avr-gcc/9/gcc/avr/9.3.0/../../../../../../avr/lib/avrxmega2/libprintf_flt.a(vfprintf_flt.o)
 *libc.a:*(.progmem.data)
 .progmem.data  0x0000000000000204       0xfa /usr/local/Cellar/avr-gcc/9.3.0/lib/avr-gcc/9/gcc/avr/9.3.0/../../../../../../avr/lib/avrxmega2/libc.a(ftoa_engine.o)
 *(.progmem.*)
 .progmem.data  0x00000000000002fe       0x4d /usr/local/Cellar/avr-gcc/9.3.0/lib/avr-gcc/9/gcc/avr/9.3.0/../../../../../../avr/lib/avrxmega2/libscanf_flt.a(vfscanf_flt.o)
                0x000000000000034c                . = ALIGN (0x2)
 *fill*         0x000000000000034b        0x1 
 *(.lowtext)
 *(.lowtext*)
                0x000000000000034c                __ctors_start = .
 *(.ctors)
                0x000000000000034c                __ctors_end = .
                0x000000000000034c                __dtors_start = .
 *(.dtors)
                0x000000000000034c                __dtors_end = .
 SORT_BY_NAME(*)(.ctors)
 SORT_BY_NAME(*)(.dtors)
 *(.init0)
 .init0         0x000000000000034c        0x0 /usr/local/Cellar/avr-gcc/9.3.0/lib/avr-gcc/9/gcc/avr/9.3.0/../../../../../../avr/lib/avrxmega2/crtatxmega32a4u.o
                0x000000000000034c                __init
 *(.init0)
 *(.init1)
 *(.init1)
 *(.init2)
 .init2         0x000000000000034c        0xc /usr/local/Cellar/avr-gcc/9.3.0/lib/avr-gcc/9/gcc/avr/9.3.0/../../../../../../avr/lib/avrxmega2/crtatxmega32a4u.o
 *(.init2)
 *(.init3)
 *(.init3)
 *(.init4)
 .init4         0x0000000000000358       0x10 /usr/local/Cellar/avr-gcc/9.3.0/lib/avr-gcc/9/gcc/avr/9.3.0/avrxmega2/libgcc.a(_clear_bss.o)
                0x0000000000000358                __do_clear_bss
 *(.init4)
 *(.init5)
 *(.init5)
 *(.init6)
 *(.init6)
 *(.init7)
 *(.init7)
 *(.init8)
 *(.init8)
 *(.init9)
 .init9         0x0000000000000368        0x8 /usr/local/Cellar/avr-gcc/9.3.0/lib/avr-gcc/9/gcc/avr/9.3.0/../../../../../../avr/lib/avrxmega2/crtatxmega32a4u.o
 *(.init9)
 *(.text)
 .text          0x0000000000000370        0x4 /usr/local/Cellar/avr-gcc/9.3.0/lib/avr-gcc/9/gcc/avr/9.3.0/../../../../../../avr/lib/avrxmega2/crtatxmega32a4u.o
                0x0000000000000370                __vector_120
                0x0000000000000370                __vector_104
                0x0000000000000370                __vector_22
                0x0000000000000370                __vector_63
                0x0000000000000370                __vector_28
                0x0000000000000370                __vector_67
                0x0000000000000370                __vector_1
                0x0000000000000370                __vector_119
                0x0000000000000370                __vector_32
                0x0000000000000370                __vector_75
                0x0000000000000370                __vector_71
                0x0000000000000370                __vector_91
                0x0000000000000370                __vector_34
                0x0000000000000370                __vector_62
                0x0000000000000370                __vector_77
                0x0000000000000370                __vector_102
                0x0000000000000370                __vector_24
                0x0000000000000370                __vector_12
                0x0000000000000370                __vector_55
                0x0000000000000370                __vector_69
                0x0000000000000370                __vector_81
                0x0000000000000370                __vector_90
                0x0000000000000370                __vector_46
                0x0000000000000370                __bad_interrupt
                0x0000000000000370                __vector_122
                0x0000000000000370                __vector_72
                0x0000000000000370                __vector_114
                0x0000000000000370                __vector_6
                0x0000000000000370                __vector_110
                0x0000000000000370                __vector_31
                0x0000000000000370                __vector_92
                0x0000000000000370                __vector_35
                0x0000000000000370                __vector_78
                0x0000000000000370                __vector_74
                0x0000000000000370                __vector_117
                0x0000000000000370                __vector_39
                0x0000000000000370                __vector_107
                0x0000000000000370                __vector_3
                0x0000000000000370                __vector_105
                0x0000000000000370                __vector_98
                0x0000000000000370                __vector_23
                0x0000000000000370                __vector_68
                0x0000000000000370                __vector_30
                0x0000000000000370                __vector_73
                0x0000000000000370                __vector_45
                0x0000000000000370                __vector_25
                0x0000000000000370                __vector_93
                0x0000000000000370                __vector_61
                0x0000000000000370                __vector_11
                0x0000000000000370                __vector_54
                0x0000000000000370                __vector_99
                0x0000000000000370                __vector_13
                0x0000000000000370                __vector_17
                0x0000000000000370                __vector_19
                0x0000000000000370                __vector_56
                0x0000000000000370                __vector_7
                0x0000000000000370                __vector_125
                0x0000000000000370                __vector_49
                0x0000000000000370                __vector_123
                0x0000000000000370                __vector_41
                0x0000000000000370                __vector_86
                0x0000000000000370                __vector_100
                0x0000000000000370                __vector_101
                0x0000000000000370                __vector_64
                0x0000000000000370                __vector_88
                0x0000000000000370                __vector_109
                0x0000000000000370                __vector_43
                0x0000000000000370                __vector_27
                0x0000000000000370                __vector_5
                0x0000000000000370                __vector_113
                0x0000000000000370                __vector_33
                0x0000000000000370                __vector_76
                0x0000000000000370                __vector_115
                0x0000000000000370                __vector_52
                0x0000000000000370                __vector_37
                0x0000000000000370                __vector_95
                0x0000000000000370                __vector_103
                0x0000000000000370                __vector_96
                0x0000000000000370                __vector_89
                0x0000000000000370                __vector_108
                0x0000000000000370                __vector_4
                0x0000000000000370                __vector_44
                0x0000000000000370                __vector_82
                0x0000000000000370                __vector_106
                0x0000000000000370                __vector_118
                0x0000000000000370                __vector_51
                0x0000000000000370                __vector_9
                0x0000000000000370                __vector_2
                0x0000000000000370                __vector_21
                0x0000000000000370                __vector_15
                0x0000000000000370                __vector_66
                0x0000000000000370                __vector_36
                0x0000000000000370                __vector_79
                0x0000000000000370                __vector_58
                0x0000000000000370                __vector_70
                0x0000000000000370                __vector_83
                0x0000000000000370                __vector_29
                0x0000000000000370                __vector_60
                0x0000000000000370                __vector_121
                0x0000000000000370                __vector_40
                0x0000000000000370                __vector_85
                0x0000000000000370                __vector_94
                0x0000000000000370                __vector_126
                0x0000000000000370                __vector_8
                0x0000000000000370                __vector_26
                0x0000000000000370                __vector_48
                0x0000000000000370                __vector_124
                0x0000000000000370                __vector_116
                0x0000000000000370                __vector_112
                0x0000000000000370                __vector_111
                0x0000000000000370                __vector_80
                0x0000000000000370                __vector_14
                0x0000000000000370                __vector_84
                0x0000000000000370                __vector_57
                0x0000000000000370                __vector_53
                0x0000000000000370                __vector_10
                0x0000000000000370                __vector_50
                0x0000000000000370                __vector_16
                0x0000000000000370                __vector_59
                0x0000000000000370                __vector_18
                0x0000000000000370                __vector_97
                0x0000000000000370                __vector_20
                0x0000000000000370                __vector_42
                0x0000000000000370                __vector_87
                0x0000000000000370                __vector_65
                0x0000000000000370                __vector_38
 .text          0x0000000000000374        0x0 /usr/local/Cellar/avr-gcc/9.3.0/lib/avr-gcc/9/gcc/avr/9.3.0/../../../../../../avr/lib/avrxmega2/libprintf_flt.a(vfprintf_flt.o)
 .text          0x0000000000000374        0x0 /usr/local/Cellar/avr-gcc/9.3.0/lib/avr-gcc/9/gcc/avr/9.3.0/../../../../../../avr/lib/avrxmega2/libscanf_flt.a(vfscanf_flt.o)
 .text          0x0000000000000374        0x0 /usr/local/Cellar/avr-gcc/9.3.0/lib/avr-gcc/9/gcc/avr/9.3.0/../../../../../../avr/lib/avrxmega2/libm.a(floatsisf.o)
 .text          0x0000000000000374        0x0 /usr/local/Cellar/avr-gcc/9.3.0/lib/avr-gcc/9/gcc/avr/9.3.0/../../../../../../avr/lib/avrxmega2/libm.a(mulsf3.o)
 .text          0x0000000000000374        0x0 /usr/local/Cellar/avr-gcc/9.3.0/lib/avr-gcc/9/gcc/avr/9.3.0/../../../../../../avr/lib/avrxmega2/libm.a(mulsf3x.o)
 .text          0x0000000000000374        0x0 /usr/local/Cellar/avr-gcc/9.3.0/lib/avr-gcc/9/gcc/avr/9.3.0/../../../../../../avr/lib/avrxmega2/libm.a(fp_inf.o)
 .text          0x0000000000000374        0x0 /usr/local/Cellar/avr-gcc/9.3.0/lib/avr-gcc/9/gcc/avr/9.3.0/../../../../../../avr/lib/avrxmega2/libm.a(fp_nan.o)
 .text          0x0000000000000374        0x0 /usr/local/Cellar/avr-gcc/9.3.0/lib/avr-gcc/9/gcc/avr/9.3.0/../../../../../../avr/lib/avrxmega2/libm.a(fp_pscA.o)
 .text          0x0000000000000374        0x0 /usr/local/Cellar/avr-gcc/9.3.0/lib/avr-gcc/9/gcc/avr/9.3.0/../../../../../../avr/lib/avrxmega2/libm.a(fp_pscB.o)
 .text          0x0000000000000374        0x0 /usr/local/Cellar/avr-gcc/9.3.0/lib/avr-gcc/9/gcc/avr/9.3.0/../../../../../../avr/lib/avrxmega2/libm.a(fp_round.o)
 .text          0x0000000000000374        0x0 /usr/local/Cellar/avr-gcc/9.3.0/lib/avr-gcc/9/gcc/avr/9.3.0/../../../../../../avr/lib/avrxmega2/libm.a(fp_split3.o)
 .text          0x0000000000000374        0x0 /usr/local/Cellar/avr-gcc/9.3.0/lib/avr-gcc/9/gcc/avr/9.3.0/../../../../../../avr/lib/avrxmega2/libm.a(fp_zero.o)
 .text          0x0000000000000374      0x114 obj/TC_driver.o
                0x0000000000000374                TC0_ConfigClockSource
                0x0000000000000380                TC1_ConfigClockSource
                0x000000000000038c                TC0_ConfigWGM
                0x0000000000000398                TC1_ConfigWGM
                0x00000000000003a4                TC0_ConfigInputCapture
                0x00000000000003b2                TC1_ConfigInputCapture
                0x00000000000003c0                TC0_EnableCCChannels
                0x00000000000003cc                TC1_EnableCCChannels
                0x00000000000003d8                TC0_DisableCCChannels
                0x00000000000003e6                TC1_DisableCCChannels
                0x00000000000003f4                TC0_SetOverflowIntLevel
                0x0000000000000400                TC1_SetOverflowIntLevel
                0x000000000000040c                TC0_SetErrorIntLevel
                0x0000000000000418                TC1_SetErrorIntLevel
                0x0000000000000424                TC0_SetCCAIntLevel
                0x0000000000000430                TC1_SetCCAIntLevel
                0x000000000000043c                TC0_SetCCBIntLevel
                0x0000000000000448                TC1_SetCCBIntLevel
                0x0000000000000454                TC0_SetCCCIntLevel
                0x0000000000000460                TC0_SetCCDIntLevel
                0x000000000000046c                TC0_Reset
                0x000000000000047a                TC1_Reset
 .text          0x0000000000000488      0x180 obj/io.o
                0x0000000000000488                gpio_cfg_out_np
                0x00000000000004a4                gpio_cfg_in_np
                0x00000000000004b8                gpio_cfg_opc_np
                0x00000000000004c8                gpio_cfg_isc_np
                0x00000000000004d8                gpio_cfg_inv_np
                0x00000000000004e8                gpio_set_np
                0x00000000000004fa                gpio_clr_np
                0x000000000000050c                gpio_tgl_np
                0x000000000000051e                gpio_is_set_np
                0x0000000000000540                gpio_cfg_out
                0x0000000000000554                gpio_cfg_in
                0x0000000000000574                gpio_cfg_opc
                0x0000000000000590                gpio_set
                0x00000000000005aa                gpio_clr
                0x00000000000005c4                gpio_tgl
                0x00000000000005de                gpio_is_set
 .text          0x0000000000000608       0x24 obj/main.o
                0x0000000000000608                __vector_47
 .text          0x000000000000062c        0x0 /usr/local/Cellar/avr-gcc/9.3.0/lib/avr-gcc/9/gcc/avr/9.3.0/avrxmega2/libgcc.a(_exit.o)
 .text          0x000000000000062c        0x0 /usr/local/Cellar/avr-gcc/9.3.0/lib/avr-gcc/9/gcc/avr/9.3.0/avrxmega2/libgcc.a(_clear_bss.o)
 .text          0x000000000000062c        0x0 /usr/local/Cellar/avr-gcc/9.3.0/lib/avr-gcc/9/gcc/avr/9.3.0/avrxmega2/libgcc.a(_prologue.o)
 .text          0x000000000000062c        0x0 /usr/local/Cellar/avr-gcc/9.3.0/lib/avr-gcc/9/gcc/avr/9.3.0/avrxmega2/libgcc.a(_epilogue.o)
 .text          0x000000000000062c        0x0 /usr/local/Cellar/avr-gcc/9.3.0/lib/avr-gcc/9/gcc/avr/9.3.0/../../../../../../avr/lib/avrxmega2/libc.a(ftoa_engine.o)
 .text          0x000000000000062c        0x0 /usr/local/Cellar/avr-gcc/9.3.0/lib/avr-gcc/9/gcc/avr/9.3.0/../../../../../../avr/lib/avrxmega2/libc.a(isspace.o)
 .text          0x000000000000062c        0x0 /usr/local/Cellar/avr-gcc/9.3.0/lib/avr-gcc/9/gcc/avr/9.3.0/../../../../../../avr/lib/avrxmega2/libc.a(tolower.o)
 .text          0x000000000000062c        0x0 /usr/local/Cellar/avr-gcc/9.3.0/lib/avr-gcc/9/gcc/avr/9.3.0/../../../../../../avr/lib/avrxmega2/libc.a(strchr_P.o)
 .text          0x000000000000062c        0x0 /usr/local/Cellar/avr-gcc/9.3.0/lib/avr-gcc/9/gcc/avr/9.3.0/../../../../../../avr/lib/avrxmega2/libc.a(strnlen_P.o)
 .text          0x000000000000062c        0x0 /usr/local/Cellar/avr-gcc/9.3.0/lib/avr-gcc/9/gcc/avr/9.3.0/../../../../../../avr/lib/avrxmega2/libc.a(strnlen.o)
 .text          0x000000000000062c        0x0 /usr/local/Cellar/avr-gcc/9.3.0/lib/avr-gcc/9/gcc/avr/9.3.0/../../../../../../avr/lib/avrxmega2/libc.a(fgetc.o)
 .text          0x000000000000062c        0x0 /usr/local/Cellar/avr-gcc/9.3.0/lib/avr-gcc/9/gcc/avr/9.3.0/../../../../../../avr/lib/avrxmega2/libc.a(fputc.o)
 .text          0x000000000000062c        0x0 /usr/local/Cellar/avr-gcc/9.3.0/lib/avr-gcc/9/gcc/avr/9.3.0/../../../../../../avr/lib/avrxmega2/libc.a(ungetc.o)
 .text          0x000000000000062c        0x0 /usr/local/Cellar/avr-gcc/9.3.0/lib/avr-gcc/9/gcc/avr/9.3.0/../../../../../../avr/lib/avrxmega2/libc.a(ultoa_invert.o)
 .text          0x000000000000062c        0x0 /usr/local/Cellar/avr-gcc/9.3.0/lib/avr-gcc/9/gcc/avr/9.3.0/../../../../../../avr/lib/avrxmega2/libc.a(cty_isfalse.o)
                0x000000000000062c                . = ALIGN (0x2)
 *(.text.*)
 .text.avr-libc
                0x000000000000062c      0x708 /usr/local/Cellar/avr-gcc/9.3.0/lib/avr-gcc/9/gcc/avr/9.3.0/../../../../../../avr/lib/avrxmega2/libprintf_flt.a(vfprintf_flt.o)
                0x000000000000062c                vfprintf
 .text.avr-libc
                0x0000000000000d34      0x878 /usr/local/Cellar/avr-gcc/9.3.0/lib/avr-gcc/9/gcc/avr/9.3.0/../../../../../../avr/lib/avrxmega2/libscanf_flt.a(vfscanf_flt.o)
                0x0000000000001344                vfscanf
 .text.avr-libc.fplib
                0x00000000000015ac       0x7a /usr/local/Cellar/avr-gcc/9.3.0/lib/avr-gcc/9/gcc/avr/9.3.0/../../../../../../avr/lib/avrxmega2/libm.a(floatsisf.o)
                0x00000000000015ac                __floatunsisf
                0x00000000000015b0                __floatsisf
 .text.avr-libc.fplib
                0x0000000000001626        0x8 /usr/local/Cellar/avr-gcc/9.3.0/lib/avr-gcc/9/gcc/avr/9.3.0/../../../../../../avr/lib/avrxmega2/libm.a(mulsf3.o)
                0x0000000000001626                __mulsf3
 .text.avr-libc.fplib
                0x000000000000162e       0xd2 /usr/local/Cellar/avr-gcc/9.3.0/lib/avr-gcc/9/gcc/avr/9.3.0/../../../../../../avr/lib/avrxmega2/libm.a(mulsf3x.o)
                0x000000000000164c                __mulsf3x
                0x0000000000001652                __mulsf3_pse
 .text.avr-libc.fplib
                0x0000000000001700        0xc /usr/local/Cellar/avr-gcc/9.3.0/lib/avr-gcc/9/gcc/avr/9.3.0/../../../../../../avr/lib/avrxmega2/libm.a(fp_inf.o)
                0x0000000000001700                __fp_inf
 .text.avr-libc.fplib
                0x000000000000170c        0x6 /usr/local/Cellar/avr-gcc/9.3.0/lib/avr-gcc/9/gcc/avr/9.3.0/../../../../../../avr/lib/avrxmega2/libm.a(fp_nan.o)
                0x000000000000170c                __fp_nan
 .text.avr-libc.fplib
                0x0000000000001712        0xe /usr/local/Cellar/avr-gcc/9.3.0/lib/avr-gcc/9/gcc/avr/9.3.0/../../../../../../avr/lib/avrxmega2/libm.a(fp_pscA.o)
                0x0000000000001712                __fp_pscA
 .text.avr-libc.fplib
                0x0000000000001720        0xe /usr/local/Cellar/avr-gcc/9.3.0/lib/avr-gcc/9/gcc/avr/9.3.0/../../../../../../avr/lib/avrxmega2/libm.a(fp_pscB.o)
                0x0000000000001720                __fp_pscB
 .text.avr-libc.fplib
                0x000000000000172e       0x22 /usr/local/Cellar/avr-gcc/9.3.0/lib/avr-gcc/9/gcc/avr/9.3.0/../../../../../../avr/lib/avrxmega2/libm.a(fp_round.o)
                0x000000000000172e                __fp_round
 .text.avr-libc.fplib
                0x0000000000001750       0x44 /usr/local/Cellar/avr-gcc/9.3.0/lib/avr-gcc/9/gcc/avr/9.3.0/../../../../../../avr/lib/avrxmega2/libm.a(fp_split3.o)
                0x0000000000001750                __fp_split3
                0x0000000000001760                __fp_splitA
 .text.avr-libc.fplib
                0x0000000000001794        0xe /usr/local/Cellar/avr-gcc/9.3.0/lib/avr-gcc/9/gcc/avr/9.3.0/../../../../../../avr/lib/avrxmega2/libm.a(fp_zero.o)
                0x0000000000001794                __fp_zero
                0x0000000000001796                __fp_szero
 .text.startup  0x00000000000017a2       0x8a obj/main.o
                0x00000000000017a2                main
 .text.libgcc.mul
                0x000000000000182c        0x0 /usr/local/Cellar/avr-gcc/9.3.0/lib/avr-gcc/9/gcc/avr/9.3.0/avrxmega2/libgcc.a(_exit.o)
 .text.libgcc.div
                0x000000000000182c        0x0 /usr/local/Cellar/avr-gcc/9.3.0/lib/avr-gcc/9/gcc/avr/9.3.0/avrxmega2/libgcc.a(_exit.o)
 .text.libgcc   0x000000000000182c        0x0 /usr/local/Cellar/avr-gcc/9.3.0/lib/avr-gcc/9/gcc/avr/9.3.0/avrxmega2/libgcc.a(_exit.o)
 .text.libgcc.prologue
                0x000000000000182c        0x0 /usr/local/Cellar/avr-gcc/9.3.0/lib/avr-gcc/9/gcc/avr/9.3.0/avrxmega2/libgcc.a(_exit.o)
 .text.libgcc.builtins
                0x000000000000182c        0x0 /usr/local/Cellar/avr-gcc/9.3.0/lib/avr-gcc/9/gcc/avr/9.3.0/avrxmega2/libgcc.a(_exit.o)
 .text.libgcc.fmul
                0x000000000000182c        0x0 /usr/local/Cellar/avr-gcc/9.3.0/lib/avr-gcc/9/gcc/avr/9.3.0/avrxmega2/libgcc.a(_exit.o)
 .text.libgcc.fixed
                0x000000000000182c        0x0 /usr/local/Cellar/avr-gcc/9.3.0/lib/avr-gcc/9/gcc/avr/9.3.0/avrxmega2/libgcc.a(_exit.o)
 .text.libgcc.mul
                0x000000000000182c        0x0 /usr/local/Cellar/avr-gcc/9.3.0/lib/avr-gcc/9/gcc/avr/9.3.0/avrxmega2/libgcc.a(_clear_bss.o)
 .text.libgcc.div
                0x000000000000182c        0x0 /usr/local/Cellar/avr-gcc/9.3.0/lib/avr-gcc/9/gcc/avr/9.3.0/avrxmega2/libgcc.a(_clear_bss.o)
 .text.libgcc   0x000000000000182c        0x0 /usr/local/Cellar/avr-gcc/9.3.0/lib/avr-gcc/9/gcc/avr/9.3.0/avrxmega2/libgcc.a(_clear_bss.o)
 .text.libgcc.prologue
                0x000000000000182c        0x0 /usr/local/Cellar/avr-gcc/9.3.0/lib/avr-gcc/9/gcc/avr/9.3.0/avrxmega2/libgcc.a(_clear_bss.o)
 .text.libgcc.builtins
                0x000000000000182c        0x0 /usr/local/Cellar/avr-gcc/9.3.0/lib/avr-gcc/9/gcc/avr/9.3.0/avrxmega2/libgcc.a(_clear_bss.o)
 .text.libgcc.fmul
                0x000000000000182c        0x0 /usr/local/Cellar/avr-gcc/9.3.0/lib/avr-gcc/9/gcc/avr/9.3.0/avrxmega2/libgcc.a(_clear_bss.o)
 .text.libgcc.fixed
                0x000000000000182c        0x0 /usr/local/Cellar/avr-gcc/9.3.0/lib/avr-gcc/9/gcc/avr/9.3.0/avrxmega2/libgcc.a(_clear_bss.o)
 .text.libgcc.mul
                0x000000000000182c        0x0 /usr/local/Cellar/avr-gcc/9.3.0/lib/avr-gcc/9/gcc/avr/9.3.0/avrxmega2/libgcc.a(_prologue.o)
 .text.libgcc.div
                0x000000000000182c        0x0 /usr/local/Cellar/avr-gcc/9.3.0/lib/avr-gcc/9/gcc/avr/9.3.0/avrxmega2/libgcc.a(_prologue.o)
 .text.libgcc   0x000000000000182c        0x0 /usr/local/Cellar/avr-gcc/9.3.0/lib/avr-gcc/9/gcc/avr/9.3.0/avrxmega2/libgcc.a(_prologue.o)
 .text.libgcc.prologue
                0x000000000000182c       0x32 /usr/local/Cellar/avr-gcc/9.3.0/lib/avr-gcc/9/gcc/avr/9.3.0/avrxmega2/libgcc.a(_prologue.o)
                0x000000000000182c                __prologue_saves__
 .text.libgcc.builtins
                0x000000000000185e        0x0 /usr/local/Cellar/avr-gcc/9.3.0/lib/avr-gcc/9/gcc/avr/9.3.0/avrxmega2/libgcc.a(_prologue.o)
 .text.libgcc.fmul
                0x000000000000185e        0x0 /usr/local/Cellar/avr-gcc/9.3.0/lib/avr-gcc/9/gcc/avr/9.3.0/avrxmega2/libgcc.a(_prologue.o)
 .text.libgcc.fixed
                0x000000000000185e        0x0 /usr/local/Cellar/avr-gcc/9.3.0/lib/avr-gcc/9/gcc/avr/9.3.0/avrxmega2/libgcc.a(_prologue.o)
 .text.libgcc.mul
                0x000000000000185e        0x0 /usr/local/Cellar/avr-gcc/9.3.0/lib/avr-gcc/9/gcc/avr/9.3.0/avrxmega2/libgcc.a(_epilogue.o)
 .text.libgcc.div
                0x000000000000185e        0x0 /usr/local/Cellar/avr-gcc/9.3.0/lib/avr-gcc/9/gcc/avr/9.3.0/avrxmega2/libgcc.a(_epilogue.o)
 .text.libgcc   0x000000000000185e        0x0 /usr/local/Cellar/avr-gcc/9.3.0/lib/avr-gcc/9/gcc/avr/9.3.0/avrxmega2/libgcc.a(_epilogue.o)
 .text.libgcc.prologue
                0x000000000000185e       0x30 /usr/local/Cellar/avr-gcc/9.3.0/lib/avr-gcc/9/gcc/avr/9.3.0/avrxmega2/libgcc.a(_epilogue.o)
                0x000000000000185e                __epilogue_restores__
 .text.libgcc.builtins
                0x000000000000188e        0x0 /usr/local/Cellar/avr-gcc/9.3.0/lib/avr-gcc/9/gcc/avr/9.3.0/avrxmega2/libgcc.a(_epilogue.o)
 .text.libgcc.fmul
                0x000000000000188e        0x0 /usr/local/Cellar/avr-gcc/9.3.0/lib/avr-gcc/9/gcc/avr/9.3.0/avrxmega2/libgcc.a(_epilogue.o)
 .text.libgcc.fixed
                0x000000000000188e        0x0 /usr/local/Cellar/avr-gcc/9.3.0/lib/avr-gcc/9/gcc/avr/9.3.0/avrxmega2/libgcc.a(_epilogue.o)
 .text.avr-libc
                0x000000000000188e      0x1b0 /usr/local/Cellar/avr-gcc/9.3.0/lib/avr-gcc/9/gcc/avr/9.3.0/../../../../../../avr/lib/avrxmega2/libc.a(ftoa_engine.o)
                0x000000000000188e                __ftoa_engine
 .text.avr-libc
                0x0000000000001a3e       0x12 /usr/local/Cellar/avr-gcc/9.3.0/lib/avr-gcc/9/gcc/avr/9.3.0/../../../../../../avr/lib/avrxmega2/libc.a(isspace.o)
                0x0000000000001a3e                isspace
 .text.avr-libc
                0x0000000000001a50       0x10 /usr/local/Cellar/avr-gcc/9.3.0/lib/avr-gcc/9/gcc/avr/9.3.0/../../../../../../avr/lib/avrxmega2/libc.a(tolower.o)
                0x0000000000001a50                tolower
 .text.avr-libc
                0x0000000000001a60       0x16 /usr/local/Cellar/avr-gcc/9.3.0/lib/avr-gcc/9/gcc/avr/9.3.0/../../../../../../avr/lib/avrxmega2/libc.a(strchr_P.o)
                0x0000000000001a60                strchr_P
 .text.avr-libc
                0x0000000000001a76       0x16 /usr/local/Cellar/avr-gcc/9.3.0/lib/avr-gcc/9/gcc/avr/9.3.0/../../../../../../avr/lib/avrxmega2/libc.a(strnlen_P.o)
                0x0000000000001a76                strnlen_P
 .text.avr-libc
                0x0000000000001a8c       0x16 /usr/local/Cellar/avr-gcc/9.3.0/lib/avr-gcc/9/gcc/avr/9.3.0/../../../../../../avr/lib/avrxmega2/libc.a(strnlen.o)
                0x0000000000001a8c                strnlen
 .text.avr-libc
                0x0000000000001aa2       0x7c /usr/local/Cellar/avr-gcc/9.3.0/lib/avr-gcc/9/gcc/avr/9.3.0/../../../../../../avr/lib/avrxmega2/libc.a(fgetc.o)
                0x0000000000001aa2                fgetc
 .text.avr-libc
                0x0000000000001b1e       0x60 /usr/local/Cellar/avr-gcc/9.3.0/lib/avr-gcc/9/gcc/avr/9.3.0/../../../../../../avr/lib/avrxmega2/libc.a(fputc.o)
                0x0000000000001b1e                fputc
 .text.avr-libc
                0x0000000000001b7e       0x30 /usr/local/Cellar/avr-gcc/9.3.0/lib/avr-gcc/9/gcc/avr/9.3.0/../../../../../../avr/lib/avrxmega2/libc.a(ungetc.o)
                0x0000000000001b7e                ungetc
 .text.avr-libc
                0x0000000000001bae       0xbc /usr/local/Cellar/avr-gcc/9.3.0/lib/avr-gcc/9/gcc/avr/9.3.0/../../../../../../avr/lib/avrxmega2/libc.a(ultoa_invert.o)
                0x0000000000001bae                __ultoa_invert
 .text.avr-libc
                0x0000000000001c6a        0x6 /usr/local/Cellar/avr-gcc/9.3.0/lib/avr-gcc/9/gcc/avr/9.3.0/../../../../../../avr/lib/avrxmega2/libc.a(cty_isfalse.o)
                0x0000000000001c6a                __ctype_isfalse
                0x0000000000001c6e                __ctype_istrue
                0x0000000000001c70                . = ALIGN (0x2)
 *(.fini9)
 .fini9         0x0000000000001c70        0x0 /usr/local/Cellar/avr-gcc/9.3.0/lib/avr-gcc/9/gcc/avr/9.3.0/avrxmega2/libgcc.a(_exit.o)
                0x0000000000001c70                exit
                0x0000000000001c70                _exit
 *(.fini9)
 *(.fini8)
 *(.fini8)
 *(.fini7)
 *(.fini7)
 *(.fini6)
 *(.fini6)
 *(.fini5)
 *(.fini5)
 *(.fini4)
 *(.fini4)
 *(.fini3)
 *(.fini3)
 *(.fini2)
 *(.fini2)
 *(.fini1)
 *(.fini1)
 *(.fini0)
 .fini0         0x0000000000001c70        0x4 /usr/local/Cellar/avr-gcc/9.3.0/lib/avr-gcc/9/gcc/avr/9.3.0/avrxmega2/libgcc.a(_exit.o)
 *(.fini0)
 *(.hightext)
 *(.hightext*)
 *(.progmemx.*)
                0x0000000000001c74                . = ALIGN (0x2)
 *(.jumptables)
 *(.jumptables*)
                0x0000000000001c74                _etext = .

.data           0x0000000000802000        0x0 load address 0x0000000000001c74
                [!provide]                        PROVIDE (__data_start = .)
 *(.data)
 .data          0x0000000000802000        0x0 /usr/local/Cellar/avr-gcc/9.3.0/lib/avr-gcc/9/gcc/avr/9.3.0/../../../../../../avr/lib/avrxmega2/crtatxmega32a4u.o
 .data          0x0000000000802000        0x0 /usr/local/Cellar/avr-gcc/9.3.0/lib/avr-gcc/9/gcc/avr/9.3.0/../../../../../../avr/lib/avrxmega2/libprintf_flt.a(vfprintf_flt.o)
 .data          0x0000000000802000        0x0 /usr/local/Cellar/avr-gcc/9.3.0/lib/avr-gcc/9/gcc/avr/9.3.0/../../../../../../avr/lib/avrxmega2/libscanf_flt.a(vfscanf_flt.o)
 .data          0x0000000000802000        0x0 /usr/local/Cellar/avr-gcc/9.3.0/lib/avr-gcc/9/gcc/avr/9.3.0/../../../../../../avr/lib/avrxmega2/libm.a(floatsisf.o)
 .data          0x0000000000802000        0x0 /usr/local/Cellar/avr-gcc/9.3.0/lib/avr-gcc/9/gcc/avr/9.3.0/../../../../../../avr/lib/avrxmega2/libm.a(mulsf3.o)
 .data          0x0000000000802000        0x0 /usr/local/Cellar/avr-gcc/9.3.0/lib/avr-gcc/9/gcc/avr/9.3.0/../../../../../../avr/lib/avrxmega2/libm.a(mulsf3x.o)
 .data          0x0000000000802000        0x0 /usr/local/Cellar/avr-gcc/9.3.0/lib/avr-gcc/9/gcc/avr/9.3.0/../../../../../../avr/lib/avrxmega2/libm.a(fp_inf.o)
 .data          0x0000000000802000        0x0 /usr/local/Cellar/avr-gcc/9.3.0/lib/avr-gcc/9/gcc/avr/9.3.0/../../../../../../avr/lib/avrxmega2/libm.a(fp_nan.o)
 .data          0x0000000000802000        0x0 /usr/local/Cellar/avr-gcc/9.3.0/lib/avr-gcc/9/gcc/avr/9.3.0/../../../../../../avr/lib/avrxmega2/libm.a(fp_pscA.o)
 .data          0x0000000000802000        0x0 /usr/local/Cellar/avr-gcc/9.3.0/lib/avr-gcc/9/gcc/avr/9.3.0/../../../../../../avr/lib/avrxmega2/libm.a(fp_pscB.o)
 .data          0x0000000000802000        0x0 /usr/local/Cellar/avr-gcc/9.3.0/lib/avr-gcc/9/gcc/avr/9.3.0/../../../../../../avr/lib/avrxmega2/libm.a(fp_round.o)
 .data          0x0000000000802000        0x0 /usr/local/Cellar/avr-gcc/9.3.0/lib/avr-gcc/9/gcc/avr/9.3.0/../../../../../../avr/lib/avrxmega2/libm.a(fp_split3.o)
 .data          0x0000000000802000        0x0 /usr/local/Cellar/avr-gcc/9.3.0/lib/avr-gcc/9/gcc/avr/9.3.0/../../../../../../avr/lib/avrxmega2/libm.a(fp_zero.o)
 .data          0x0000000000802000        0x0 obj/TC_driver.o
 .data          0x0000000000802000        0x0 obj/io.o
 .data          0x0000000000802000        0x0 obj/main.o
 .data          0x0000000000802000        0x0 /usr/local/Cellar/avr-gcc/9.3.0/lib/avr-gcc/9/gcc/avr/9.3.0/avrxmega2/libgcc.a(_exit.o)
 .data          0x0000000000802000        0x0 /usr/local/Cellar/avr-gcc/9.3.0/lib/avr-gcc/9/gcc/avr/9.3.0/avrxmega2/libgcc.a(_clear_bss.o)
 .data          0x0000000000802000        0x0 /usr/local/Cellar/avr-gcc/9.3.0/lib/avr-gcc/9/gcc/avr/9.3.0/avrxmega2/libgcc.a(_prologue.o)
 .data          0x0000000000802000        0x0 /usr/local/Cellar/avr-gcc/9.3.0/lib/avr-gcc/9/gcc/avr/9.3.0/avrxmega2/libgcc.a(_epilogue.o)
 .data          0x0000000000802000        0x0 /usr/local/Cellar/avr-gcc/9.3.0/lib/avr-gcc/9/gcc/avr/9.3.0/../../../../../../avr/lib/avrxmega2/libc.a(ftoa_engine.o)
 .data          0x0000000000802000        0x0 /usr/local/Cellar/avr-gcc/9.3.0/lib/avr-gcc/9/gcc/avr/9.3.0/../../../../../../avr/lib/avrxmega2/libc.a(isspace.o)
 .data          0x0000000000802000        0x0 /usr/local/Cellar/avr-gcc/9.3.0/lib/avr-gcc/9/gcc/avr/9.3.0/../../../../../../avr/lib/avrxmega2/libc.a(tolower.o)
 .data          0x0000000000802000        0x0 /usr/local/Cellar/avr-gcc/9.3.0/lib/avr-gcc/9/gcc/avr/9.3.0/../../../../../../avr/lib/avrxmega2/libc.a(strchr_P.o)
 .data          0x0000000000802000        0x0 /usr/local/Cellar/avr-gcc/9.3.0/lib/avr-gcc/9/gcc/avr/9.3.0/../../../../../../avr/lib/avrxmega2/libc.a(strnlen_P.o)
 .data          0x0000000000802000        0x0 /usr/local/Cellar/avr-gcc/9.3.0/lib/avr-gcc/9/gcc/avr/9.3.0/../../../../../../avr/lib/avrxmega2/libc.a(strnlen.o)
 .data          0x0000000000802000        0x0 /usr/local/Cellar/avr-gcc/9.3.0/lib/avr-gcc/9/gcc/avr/9.3.0/../../../../../../avr/lib/avrxmega2/libc.a(fgetc.o)
 .data          0x0000000000802000        0x0 /usr/local/Cellar/avr-gcc/9.3.0/lib/avr-gcc/9/gcc/avr/9.3.0/../../../../../../avr/lib/avrxmega2/libc.a(fputc.o)
 .data          0x0000000000802000        0x0 /usr/local/Cellar/avr-gcc/9.3.0/lib/avr-gcc/9/gcc/avr/9.3.0/../../../../../../avr/lib/avrxmega2/libc.a(ungetc.o)
 .data          0x0000000000802000        0x0 /usr/local/Cellar/avr-gcc/9.3.0/lib/avr-gcc/9/gcc/avr/9.3.0/../../../../../../avr/lib/avrxmega2/libc.a(ultoa_invert.o)
 .data          0x0000000000802000        0x0 /usr/local/Cellar/avr-gcc/9.3.0/lib/avr-gcc/9/gcc/avr/9.3.0/../../../../../../avr/lib/avrxmega2/libc.a(cty_isfalse.o)
 *(.data*)
 *(.gnu.linkonce.d*)
 *(.rodata)
 *(.rodata*)
 *(.gnu.linkonce.r*)
                0x0000000000802000                . = ALIGN (0x2)
                0x0000000000802000                _edata = .
                [!provide]                        PROVIDE (__data_end = .)

.bss            0x0000000000802000        0x2
                0x0000000000802000                PROVIDE (__bss_start = .)
 *(.bss)
 .bss           0x0000000000802000        0x0 /usr/local/Cellar/avr-gcc/9.3.0/lib/avr-gcc/9/gcc/avr/9.3.0/../../../../../../avr/lib/avrxmega2/crtatxmega32a4u.o
 .bss           0x0000000000802000        0x0 /usr/local/Cellar/avr-gcc/9.3.0/lib/avr-gcc/9/gcc/avr/9.3.0/../../../../../../avr/lib/avrxmega2/libprintf_flt.a(vfprintf_flt.o)
 .bss           0x0000000000802000        0x0 /usr/local/Cellar/avr-gcc/9.3.0/lib/avr-gcc/9/gcc/avr/9.3.0/../../../../../../avr/lib/avrxmega2/libscanf_flt.a(vfscanf_flt.o)
 .bss           0x0000000000802000        0x0 /usr/local/Cellar/avr-gcc/9.3.0/lib/avr-gcc/9/gcc/avr/9.3.0/../../../../../../avr/lib/avrxmega2/libm.a(floatsisf.o)
 .bss           0x0000000000802000        0x0 /usr/local/Cellar/avr-gcc/9.3.0/lib/avr-gcc/9/gcc/avr/9.3.0/../../../../../../avr/lib/avrxmega2/libm.a(mulsf3.o)
 .bss           0x0000000000802000        0x0 /usr/local/Cellar/avr-gcc/9.3.0/lib/avr-gcc/9/gcc/avr/9.3.0/../../../../../../avr/lib/avrxmega2/libm.a(mulsf3x.o)
 .bss           0x0000000000802000        0x0 /usr/local/Cellar/avr-gcc/9.3.0/lib/avr-gcc/9/gcc/avr/9.3.0/../../../../../../avr/lib/avrxmega2/libm.a(fp_inf.o)
 .bss           0x0000000000802000        0x0 /usr/local/Cellar/avr-gcc/9.3.0/lib/avr-gcc/9/gcc/avr/9.3.0/../../../../../../avr/lib/avrxmega2/libm.a(fp_nan.o)
 .bss           0x0000000000802000        0x0 /usr/local/Cellar/avr-gcc/9.3.0/lib/avr-gcc/9/gcc/avr/9.3.0/../../../../../../avr/lib/avrxmega2/libm.a(fp_pscA.o)
 .bss           0x0000000000802000        0x0 /usr/local/Cellar/avr-gcc/9.3.0/lib/avr-gcc/9/gcc/avr/9.3.0/../../../../../../avr/lib/avrxmega2/libm.a(fp_pscB.o)
 .bss           0x0000000000802000        0x0 /usr/local/Cellar/avr-gcc/9.3.0/lib/avr-gcc/9/gcc/avr/9.3.0/../../../../../../avr/lib/avrxmega2/libm.a(fp_round.o)
 .bss           0x0000000000802000        0x0 /usr/local/Cellar/avr-gcc/9.3.0/lib/avr-gcc/9/gcc/avr/9.3.0/../../../../../../avr/lib/avrxmega2/libm.a(fp_split3.o)
 .bss           0x0000000000802000        0x0 /usr/local/Cellar/avr-gcc/9.3.0/lib/avr-gcc/9/gcc/avr/9.3.0/../../../../../../avr/lib/avrxmega2/libm.a(fp_zero.o)
 .bss           0x0000000000802000        0x0 obj/TC_driver.o
 .bss           0x0000000000802000        0x0 obj/io.o
 .bss           0x0000000000802000        0x2 obj/main.o
                0x0000000000802000                T0_millis
 .bss           0x0000000000802002        0x0 /usr/local/Cellar/avr-gcc/9.3.0/lib/avr-gcc/9/gcc/avr/9.3.0/avrxmega2/libgcc.a(_exit.o)
 .bss           0x0000000000802002        0x0 /usr/local/Cellar/avr-gcc/9.3.0/lib/avr-gcc/9/gcc/avr/9.3.0/avrxmega2/libgcc.a(_clear_bss.o)
 .bss           0x0000000000802002        0x0 /usr/local/Cellar/avr-gcc/9.3.0/lib/avr-gcc/9/gcc/avr/9.3.0/avrxmega2/libgcc.a(_prologue.o)
 .bss           0x0000000000802002        0x0 /usr/local/Cellar/avr-gcc/9.3.0/lib/avr-gcc/9/gcc/avr/9.3.0/avrxmega2/libgcc.a(_epilogue.o)
 .bss           0x0000000000802002        0x0 /usr/local/Cellar/avr-gcc/9.3.0/lib/avr-gcc/9/gcc/avr/9.3.0/../../../../../../avr/lib/avrxmega2/libc.a(ftoa_engine.o)
 .bss           0x0000000000802002        0x0 /usr/local/Cellar/avr-gcc/9.3.0/lib/avr-gcc/9/gcc/avr/9.3.0/../../../../../../avr/lib/avrxmega2/libc.a(isspace.o)
 .bss           0x0000000000802002        0x0 /usr/local/Cellar/avr-gcc/9.3.0/lib/avr-gcc/9/gcc/avr/9.3.0/../../../../../../avr/lib/avrxmega2/libc.a(tolower.o)
 .bss           0x0000000000802002        0x0 /usr/local/Cellar/avr-gcc/9.3.0/lib/avr-gcc/9/gcc/avr/9.3.0/../../../../../../avr/lib/avrxmega2/libc.a(strchr_P.o)
 .bss           0x0000000000802002        0x0 /usr/local/Cellar/avr-gcc/9.3.0/lib/avr-gcc/9/gcc/avr/9.3.0/../../../../../../avr/lib/avrxmega2/libc.a(strnlen_P.o)
 .bss           0x0000000000802002        0x0 /usr/local/Cellar/avr-gcc/9.3.0/lib/avr-gcc/9/gcc/avr/9.3.0/../../../../../../avr/lib/avrxmega2/libc.a(strnlen.o)
 .bss           0x0000000000802002        0x0 /usr/local/Cellar/avr-gcc/9.3.0/lib/avr-gcc/9/gcc/avr/9.3.0/../../../../../../avr/lib/avrxmega2/libc.a(fgetc.o)
 .bss           0x0000000000802002        0x0 /usr/local/Cellar/avr-gcc/9.3.0/lib/avr-gcc/9/gcc/avr/9.3.0/../../../../../../avr/lib/avrxmega2/libc.a(fputc.o)
 .bss           0x0000000000802002        0x0 /usr/local/Cellar/avr-gcc/9.3.0/lib/avr-gcc/9/gcc/avr/9.3.0/../../../../../../avr/lib/avrxmega2/libc.a(ungetc.o)
 .bss           0x0000000000802002        0x0 /usr/local/Cellar/avr-gcc/9.3.0/lib/avr-gcc/9/gcc/avr/9.3.0/../../../../../../avr/lib/avrxmega2/libc.a(ultoa_invert.o)
 .bss           0x0000000000802002        0x0 /usr/local/Cellar/avr-gcc/9.3.0/lib/avr-gcc/9/gcc/avr/9.3.0/../../../../../../avr/lib/avrxmega2/libc.a(cty_isfalse.o)
 *(.bss*)
 *(COMMON)
                0x0000000000802002                PROVIDE (__bss_end = .)
                0x0000000000001c74                __data_load_start = LOADADDR (.data)
                0x0000000000001c74                __data_load_end = (__data_load_start + SIZEOF (.data))

.noinit         0x0000000000802002        0x0
                [!provide]                        PROVIDE (__noinit_start = .)
 *(.noinit*)
                [!provide]                        PROVIDE (__noinit_end = .)
                0x0000000000802002                _end = .
                [!provide]                        PROVIDE (__heap_start = .)

.eeprom         0x0000000000810000        0x0
 *(.eeprom*)
                0x0000000000810000                __eeprom_end = .

.fuse
 *(.fuse)
 *(.lfuse)
 *(.hfuse)
 *(.efuse)

.lock
 *(.lock*)

.signature
 *(.signature*)

.stab
 *(.stab)

.stabstr
 *(.stabstr)

.stab.excl
 *(.stab.excl)

.stab.exclstr
 *(.stab.exclstr)

.stab.index
 *(.stab.index)

.stab.indexstr
 *(.stab.indexstr)

.comment        0x0000000000000000       0x24
 *(.comment)
 .comment       0x0000000000000000       0x24 /usr/local/Cellar/avr-gcc/9.3.0/lib/avr-gcc/9/gcc/avr/9.3.0/../../../../../../avr/lib/avrxmega2/libprintf_flt.a(vfprintf_flt.o)
                                         0x25 (size before relaxing)
 .comment       0x0000000000000024       0x25 /usr/local/Cellar/avr-gcc/9.3.0/lib/avr-gcc/9/gcc/avr/9.3.0/../../../../../../avr/lib/avrxmega2/libscanf_flt.a(vfscanf_flt.o)
 .comment       0x0000000000000024       0x25 obj/TC_driver.o
 .comment       0x0000000000000024       0x25 obj/io.o
 .comment       0x0000000000000024       0x25 obj/main.o
 .comment       0x0000000000000024       0x25 /usr/local/Cellar/avr-gcc/9.3.0/lib/avr-gcc/9/gcc/avr/9.3.0/../../../../../../avr/lib/avrxmega2/libc.a(fgetc.o)
 .comment       0x0000000000000024       0x25 /usr/local/Cellar/avr-gcc/9.3.0/lib/avr-gcc/9/gcc/avr/9.3.0/../../../../../../avr/lib/avrxmega2/libc.a(fputc.o)
 .comment       0x0000000000000024       0x25 /usr/local/Cellar/avr-gcc/9.3.0/lib/avr-gcc/9/gcc/avr/9.3.0/../../../../../../avr/lib/avrxmega2/libc.a(ungetc.o)

.note.gnu.avr.deviceinfo
                0x0000000000000000       0x40
 .note.gnu.avr.deviceinfo
                0x0000000000000000       0x40 /usr/local/Cellar/avr-gcc/9.3.0/lib/avr-gcc/9/gcc/avr/9.3.0/../../../../../../avr/lib/avrxmega2/crtatxmega32a4u.o

.note.gnu.build-id
 *(.note.gnu.build-id)

.debug
 *(.debug)

.line
 *(.line)

.debug_srcinfo
 *(.debug_srcinfo)

.debug_sfnames
 *(.debug_sfnames)

.debug_aranges  0x0000000000000000       0xe8
 *(.debug_aranges)
 .debug_aranges
                0x0000000000000000       0x20 obj/TC_driver.o
 .debug_aranges
                0x0000000000000020       0x20 obj/io.o
 .debug_aranges
                0x0000000000000040       0x28 obj/main.o
 .debug_aranges
                0x0000000000000068       0x20 /usr/local/Cellar/avr-gcc/9.3.0/lib/avr-gcc/9/gcc/avr/9.3.0/avrxmega2/libgcc.a(_exit.o)
 .debug_aranges
                0x0000000000000088       0x20 /usr/local/Cellar/avr-gcc/9.3.0/lib/avr-gcc/9/gcc/avr/9.3.0/avrxmega2/libgcc.a(_clear_bss.o)
 .debug_aranges
                0x00000000000000a8       0x20 /usr/local/Cellar/avr-gcc/9.3.0/lib/avr-gcc/9/gcc/avr/9.3.0/avrxmega2/libgcc.a(_prologue.o)
 .debug_aranges
                0x00000000000000c8       0x20 /usr/local/Cellar/avr-gcc/9.3.0/lib/avr-gcc/9/gcc/avr/9.3.0/avrxmega2/libgcc.a(_epilogue.o)

.debug_pubnames
 *(.debug_pubnames)

.debug_info     0x0000000000000000     0x518b
 *(.debug_info .gnu.linkonce.wi.*)
 .debug_info    0x0000000000000000     0x284f /usr/local/Cellar/avr-gcc/9.3.0/lib/avr-gcc/9/gcc/avr/9.3.0/../../../../../../avr/lib/avrxmega2/crtatxmega32a4u.o
 .debug_info    0x000000000000284f     0x1309 obj/TC_driver.o
 .debug_info    0x0000000000003b58      0x818 obj/io.o
 .debug_info    0x0000000000004370      0xd83 obj/main.o
 .debug_info    0x00000000000050f3       0x26 /usr/local/Cellar/avr-gcc/9.3.0/lib/avr-gcc/9/gcc/avr/9.3.0/avrxmega2/libgcc.a(_exit.o)
 .debug_info    0x0000000000005119       0x26 /usr/local/Cellar/avr-gcc/9.3.0/lib/avr-gcc/9/gcc/avr/9.3.0/avrxmega2/libgcc.a(_clear_bss.o)
 .debug_info    0x000000000000513f       0x26 /usr/local/Cellar/avr-gcc/9.3.0/lib/avr-gcc/9/gcc/avr/9.3.0/avrxmega2/libgcc.a(_prologue.o)
 .debug_info    0x0000000000005165       0x26 /usr/local/Cellar/avr-gcc/9.3.0/lib/avr-gcc/9/gcc/avr/9.3.0/avrxmega2/libgcc.a(_epilogue.o)

.debug_abbrev   0x0000000000000000     0x2caf
 *(.debug_abbrev)
 .debug_abbrev  0x0000000000000000     0x262c /usr/local/Cellar/avr-gcc/9.3.0/lib/avr-gcc/9/gcc/avr/9.3.0/../../../../../../avr/lib/avrxmega2/crtatxmega32a4u.o
 .debug_abbrev  0x000000000000262c      0x1b8 obj/TC_driver.o
 .debug_abbrev  0x00000000000027e4      0x229 obj/io.o
 .debug_abbrev  0x0000000000002a0d      0x252 obj/main.o
 .debug_abbrev  0x0000000000002c5f       0x14 /usr/local/Cellar/avr-gcc/9.3.0/lib/avr-gcc/9/gcc/avr/9.3.0/avrxmega2/libgcc.a(_exit.o)
 .debug_abbrev  0x0000000000002c73       0x14 /usr/local/Cellar/avr-gcc/9.3.0/lib/avr-gcc/9/gcc/avr/9.3.0/avrxmega2/libgcc.a(_clear_bss.o)
 .debug_abbrev  0x0000000000002c87       0x14 /usr/local/Cellar/avr-gcc/9.3.0/lib/avr-gcc/9/gcc/avr/9.3.0/avrxmega2/libgcc.a(_prologue.o)
 .debug_abbrev  0x0000000000002c9b       0x14 /usr/local/Cellar/avr-gcc/9.3.0/lib/avr-gcc/9/gcc/avr/9.3.0/avrxmega2/libgcc.a(_epilogue.o)

.debug_line     0x0000000000000000     0x12a3
 *(.debug_line .debug_line.* .debug_line_end)
 .debug_line    0x0000000000000000       0x1d /usr/local/Cellar/avr-gcc/9.3.0/lib/avr-gcc/9/gcc/avr/9.3.0/../../../../../../avr/lib/avrxmega2/crtatxmega32a4u.o
 .debug_line    0x000000000000001d      0x72c obj/TC_driver.o
 .debug_line    0x0000000000000749      0x559 obj/io.o
 .debug_line    0x0000000000000ca2      0x34b obj/main.o
 .debug_line    0x0000000000000fed       0x61 /usr/local/Cellar/avr-gcc/9.3.0/lib/avr-gcc/9/gcc/avr/9.3.0/avrxmega2/libgcc.a(_exit.o)
 .debug_line    0x000000000000104e       0x85 /usr/local/Cellar/avr-gcc/9.3.0/lib/avr-gcc/9/gcc/avr/9.3.0/avrxmega2/libgcc.a(_clear_bss.o)
 .debug_line    0x00000000000010d3       0xeb /usr/local/Cellar/avr-gcc/9.3.0/lib/avr-gcc/9/gcc/avr/9.3.0/avrxmega2/libgcc.a(_prologue.o)
 .debug_line    0x00000000000011be       0xe5 /usr/local/Cellar/avr-gcc/9.3.0/lib/avr-gcc/9/gcc/avr/9.3.0/avrxmega2/libgcc.a(_epilogue.o)

.debug_frame    0x0000000000000000      0x2c4
 *(.debug_frame)
 .debug_frame   0x0000000000000000      0x174 obj/TC_driver.o
 .debug_frame   0x0000000000000174      0x114 obj/io.o
 .debug_frame   0x0000000000000288       0x3c obj/main.o

.debug_str      0x0000000000000000     0x2d95
 *(.debug_str)
 .debug_str     0x0000000000000000     0x1aa8 /usr/local/Cellar/avr-gcc/9.3.0/lib/avr-gcc/9/gcc/avr/9.3.0/../../../../../../avr/lib/avrxmega2/crtatxmega32a4u.o
 .debug_str     0x0000000000001aa8      0xc94 obj/TC_driver.o
                                        0xcd9 (size before relaxing)
 .debug_str     0x000000000000273c      0x2ab obj/io.o
                                        0x44b (size before relaxing)
 .debug_str     0x00000000000029e7      0x329 obj/main.o
                                        0xafd (size before relaxing)
 .debug_str     0x0000000000002d10       0x85 /usr/local/Cellar/avr-gcc/9.3.0/lib/avr-gcc/9/gcc/avr/9.3.0/avrxmega2/libgcc.a(_exit.o)
 .debug_str     0x0000000000002d95       0x85 /usr/local/Cellar/avr-gcc/9.3.0/lib/avr-gcc/9/gcc/avr/9.3.0/avrxmega2/libgcc.a(_clear_bss.o)
 .debug_str     0x0000000000002d95       0x85 /usr/local/Cellar/avr-gcc/9.3.0/lib/avr-gcc/9/gcc/avr/9.3.0/avrxmega2/libgcc.a(_prologue.o)
 .debug_str     0x0000000000002d95       0x85 /usr/local/Cellar/avr-gcc/9.3.0/lib/avr-gcc/9/gcc/avr/9.3.0/avrxmega2/libgcc.a(_epilogue.o)

.debug_loc      0x0000000000000000      0x9ec
 *(.debug_loc)
 .debug_loc     0x0000000000000000      0x504 obj/TC_driver.o
 .debug_loc     0x0000000000000504      0x49c obj/io.o
 .debug_loc     0x00000000000009a0       0x4c obj/main.o

.debug_macinfo
 *(.debug_macinfo)

.debug_weaknames
 *(.debug_weaknames)

.debug_funcnames
 *(.debug_funcnames)

.debug_typenames
 *(.debug_typenames)

.debug_varnames
 *(.debug_varnames)

.debug_pubtypes
 *(.debug_pubtypes)

.debug_ranges   0x0000000000000000       0x30
 *(.debug_ranges)
 .debug_ranges  0x0000000000000000       0x30 obj/main.o

.debug_macro
 *(.debug_macro)

.debug_addr
 *(.debug_addr)
OUTPUT(blink.elf elf32-avr)
LOAD linker stubs

Cross Reference Table

Symbol                                            File
T0_millis                                         obj/main.o
TC0_ConfigClockSource                             obj/TC_driver.o
                                                  obj/main.o
TC0_ConfigInputCapture                            obj/TC_driver.o
TC0_ConfigWGM                                     obj/TC_driver.o
                                                  obj/main.o
TC0_DisableCCChannels                             obj/TC_driver.o
TC0_EnableCCChannels                              obj/TC_driver.o
TC0_Reset                                         obj/TC_driver.o
TC0_SetCCAIntLevel                                obj/TC_driver.o
TC0_SetCCBIntLevel                                obj/TC_driver.o
TC0_SetCCCIntLevel                                obj/TC_driver.o
TC0_SetCCDIntLevel                                obj/TC_driver.o
TC0_SetErrorIntLevel                              obj/TC_driver.o
TC0_SetOverflowIntLevel                           obj/TC_driver.o
                                                  obj/main.o
TC1_ConfigClockSource                             obj/TC_driver.o
TC1_ConfigInputCapture                            obj/TC_driver.o
TC1_ConfigWGM                                     obj/TC_driver.o
TC1_DisableCCChannels                             obj/TC_driver.o
TC1_EnableCCChannels                              obj/TC_driver.o
TC1_Reset                                         obj/TC_driver.o
TC1_SetCCAIntLevel                                obj/TC_driver.o
TC1_SetCCBIntLevel                                obj/TC_driver.o
TC1_SetErrorIntLevel                              obj/TC_driver.o
TC1_SetOverflowIntLevel                           obj/TC_driver.o
__bad_interrupt                                   /usr/local/Cellar/avr-gcc/9.3.0/lib/avr-gcc/9/gcc/avr/9.3.0/../../../../../../avr/lib/avrxmega2/crtatxmega32a4u.o
__bss_end                                         /usr/local/Cellar/avr-gcc/9.3.0/lib/avr-gcc/9/gcc/avr/9.3.0/avrxmega2/libgcc.a(_clear_bss.o)
__bss_start                                       /usr/local/Cellar/avr-gcc/9.3.0/lib/avr-gcc/9/gcc/avr/9.3.0/avrxmega2/libgcc.a(_clear_bss.o)
__ctype_isfalse                                   /usr/local/Cellar/avr-gcc/9.3.0/lib/avr-gcc/9/gcc/avr/9.3.0/../../../../../../avr/lib/avrxmega2/libc.a(cty_isfalse.o)
                                                  /usr/local/Cellar/avr-gcc/9.3.0/lib/avr-gcc/9/gcc/avr/9.3.0/../../../../../../avr/lib/avrxmega2/libc.a(isspace.o)
__ctype_istrue                                    /usr/local/Cellar/avr-gcc/9.3.0/lib/avr-gcc/9/gcc/avr/9.3.0/../../../../../../avr/lib/avrxmega2/libc.a(cty_isfalse.o)
__do_clear_bss                                    /usr/local/Cellar/avr-gcc/9.3.0/lib/avr-gcc/9/gcc/avr/9.3.0/avrxmega2/libgcc.a(_clear_bss.o)
                                                  obj/main.o
__epilogue_restores__                             /usr/local/Cellar/avr-gcc/9.3.0/lib/avr-gcc/9/gcc/avr/9.3.0/avrxmega2/libgcc.a(_epilogue.o)
                                                  /usr/local/Cellar/avr-gcc/9.3.0/lib/avr-gcc/9/gcc/avr/9.3.0/../../../../../../avr/lib/avrxmega2/libscanf_flt.a(vfscanf_flt.o)
                                                  /usr/local/Cellar/avr-gcc/9.3.0/lib/avr-gcc/9/gcc/avr/9.3.0/../../../../../../avr/lib/avrxmega2/libprintf_flt.a(vfprintf_flt.o)
__floatsisf                                       /usr/local/Cellar/avr-gcc/9.3.0/lib/avr-gcc/9/gcc/avr/9.3.0/../../../../../../avr/lib/avrxmega2/libm.a(floatsisf.o)
__floatunsisf                                     /usr/local/Cellar/avr-gcc/9.3.0/lib/avr-gcc/9/gcc/avr/9.3.0/../../../../../../avr/lib/avrxmega2/libm.a(floatsisf.o)
                                                  /usr/local/Cellar/avr-gcc/9.3.0/lib/avr-gcc/9/gcc/avr/9.3.0/../../../../../../avr/lib/avrxmega2/libscanf_flt.a(vfscanf_flt.o)
__fp_inf                                          /usr/local/Cellar/avr-gcc/9.3.0/lib/avr-gcc/9/gcc/avr/9.3.0/../../../../../../avr/lib/avrxmega2/libm.a(fp_inf.o)
                                                  /usr/local/Cellar/avr-gcc/9.3.0/lib/avr-gcc/9/gcc/avr/9.3.0/../../../../../../avr/lib/avrxmega2/libm.a(mulsf3x.o)
__fp_nan                                          /usr/local/Cellar/avr-gcc/9.3.0/lib/avr-gcc/9/gcc/avr/9.3.0/../../../../../../avr/lib/avrxmega2/libm.a(fp_nan.o)
                                                  /usr/local/Cellar/avr-gcc/9.3.0/lib/avr-gcc/9/gcc/avr/9.3.0/../../../../../../avr/lib/avrxmega2/libm.a(mulsf3x.o)
__fp_pscA                                         /usr/local/Cellar/avr-gcc/9.3.0/lib/avr-gcc/9/gcc/avr/9.3.0/../../../../../../avr/lib/avrxmega2/libm.a(fp_pscA.o)
                                                  /usr/local/Cellar/avr-gcc/9.3.0/lib/avr-gcc/9/gcc/avr/9.3.0/../../../../../../avr/lib/avrxmega2/libm.a(mulsf3x.o)
__fp_pscB                                         /usr/local/Cellar/avr-gcc/9.3.0/lib/avr-gcc/9/gcc/avr/9.3.0/../../../../../../avr/lib/avrxmega2/libm.a(fp_pscB.o)
                                                  /usr/local/Cellar/avr-gcc/9.3.0/lib/avr-gcc/9/gcc/avr/9.3.0/../../../../../../avr/lib/avrxmega2/libm.a(mulsf3x.o)
__fp_round                                        /usr/local/Cellar/avr-gcc/9.3.0/lib/avr-gcc/9/gcc/avr/9.3.0/../../../../../../avr/lib/avrxmega2/libm.a(fp_round.o)
                                                  /usr/local/Cellar/avr-gcc/9.3.0/lib/avr-gcc/9/gcc/avr/9.3.0/../../../../../../avr/lib/avrxmega2/libm.a(mulsf3.o)
__fp_split3                                       /usr/local/Cellar/avr-gcc/9.3.0/lib/avr-gcc/9/gcc/avr/9.3.0/../../../../../../avr/lib/avrxmega2/libm.a(fp_split3.o)
                                                  /usr/local/Cellar/avr-gcc/9.3.0/lib/avr-gcc/9/gcc/avr/9.3.0/../../../../../../avr/lib/avrxmega2/libm.a(mulsf3x.o)
__fp_splitA                                       /usr/local/Cellar/avr-gcc/9.3.0/lib/avr-gcc/9/gcc/avr/9.3.0/../../../../../../avr/lib/avrxmega2/libm.a(fp_split3.o)
__fp_szero                                        /usr/local/Cellar/avr-gcc/9.3.0/lib/avr-gcc/9/gcc/avr/9.3.0/../../../../../../avr/lib/avrxmega2/libm.a(fp_zero.o)
                                                  /usr/local/Cellar/avr-gcc/9.3.0/lib/avr-gcc/9/gcc/avr/9.3.0/../../../../../../avr/lib/avrxmega2/libm.a(mulsf3x.o)
__fp_zero                                         /usr/local/Cellar/avr-gcc/9.3.0/lib/avr-gcc/9/gcc/avr/9.3.0/../../../../../../avr/lib/avrxmega2/libm.a(fp_zero.o)
__ftoa_engine                                     /usr/local/Cellar/avr-gcc/9.3.0/lib/avr-gcc/9/gcc/avr/9.3.0/../../../../../../avr/lib/avrxmega2/libc.a(ftoa_engine.o)
                                                  /usr/local/Cellar/avr-gcc/9.3.0/lib/avr-gcc/9/gcc/avr/9.3.0/../../../../../../avr/lib/avrxmega2/libprintf_flt.a(vfprintf_flt.o)
__heap_end                                        /usr/local/Cellar/avr-gcc/9.3.0/lib/avr-gcc/9/gcc/avr/9.3.0/../../../../../../avr/lib/avrxmega2/crtatxmega32a4u.o
__init                                            /usr/local/Cellar/avr-gcc/9.3.0/lib/avr-gcc/9/gcc/avr/9.3.0/../../../../../../avr/lib/avrxmega2/crtatxmega32a4u.o
__mulsf3                                          /usr/local/Cellar/avr-gcc/9.3.0/lib/avr-gcc/9/gcc/avr/9.3.0/../../../../../../avr/lib/avrxmega2/libm.a(mulsf3.o)
                                                  /usr/local/Cellar/avr-gcc/9.3.0/lib/avr-gcc/9/gcc/avr/9.3.0/../../../../../../avr/lib/avrxmega2/libscanf_flt.a(vfscanf_flt.o)
__mulsf3_pse                                      /usr/local/Cellar/avr-gcc/9.3.0/lib/avr-gcc/9/gcc/avr/9.3.0/../../../../../../avr/lib/avrxmega2/libm.a(mulsf3x.o)
__mulsf3x                                         /usr/local/Cellar/avr-gcc/9.3.0/lib/avr-gcc/9/gcc/avr/9.3.0/../../../../../../avr/lib/avrxmega2/libm.a(mulsf3x.o)
                                                  /usr/local/Cellar/avr-gcc/9.3.0/lib/avr-gcc/9/gcc/avr/9.3.0/../../../../../../avr/lib/avrxmega2/libm.a(mulsf3.o)
__prologue_saves__                                /usr/local/Cellar/avr-gcc/9.3.0/lib/avr-gcc/9/gcc/avr/9.3.0/avrxmega2/libgcc.a(_prologue.o)
                                                  /usr/local/Cellar/avr-gcc/9.3.0/lib/avr-gcc/9/gcc/avr/9.3.0/../../../../../../avr/lib/avrxmega2/libscanf_flt.a(vfscanf_flt.o)
                                                  /usr/local/Cellar/avr-gcc/9.3.0/lib/avr-gcc/9/gcc/avr/9.3.0/../../../../../../avr/lib/avrxmega2/libprintf_flt.a(vfprintf_flt.o)
__stack                                           /usr/local/Cellar/avr-gcc/9.3.0/lib/avr-gcc/9/gcc/avr/9.3.0/../../../../../../avr/lib/avrxmega2/crtatxmega32a4u.o
__ultoa_invert                                    /usr/local/Cellar/avr-gcc/9.3.0/lib/avr-gcc/9/gcc/avr/9.3.0/../../../../../../avr/lib/avrxmega2/libc.a(ultoa_invert.o)
                                                  /usr/local/Cellar/avr-gcc/9.3.0/lib/avr-gcc/9/gcc/avr/9.3.0/../../../../../../avr/lib/avrxmega2/libprintf_flt.a(vfprintf_flt.o)
__vector_1                                        /usr/local/Cellar/avr-gcc/9.3.0/lib/avr-gcc/9/gcc/avr/9.3.0/../../../../../../avr/lib/avrxmega2/crtatxmega32a4u.o
__vector_10                                       /usr/local/Cellar/avr-gcc/9.3.0/lib/avr-gcc/9/gcc/avr/9.3.0/../../../../../../avr/lib/avrxmega2/crtatxmega32a4u.o
__vector_100                                      /usr/local/Cellar/avr-gcc/9.3.0/lib/avr-gcc/9/gcc/avr/9.3.0/../../../../../../avr/lib/avrxmega2/crtatxmega32a4u.o
__vector_101                                      /usr/local/Cellar/avr-gcc/9.3.0/lib/avr-gcc/9/gcc/avr/9.3.0/../../../../../../avr/lib/avrxmega2/crtatxmega32a4u.o
__vector_102                                      /usr/local/Cellar/avr-gcc/9.3.0/lib/avr-gcc/9/gcc/avr/9.3.0/../../../../../../avr/lib/avrxmega2/crtatxmega32a4u.o
__vector_103                                      /usr/local/Cellar/avr-gcc/9.3.0/lib/avr-gcc/9/gcc/avr/9.3.0/../../../../../../avr/lib/avrxmega2/crtatxmega32a4u.o
__vector_104                                      /usr/local/Cellar/avr-gcc/9.3.0/lib/avr-gcc/9/gcc/avr/9.3.0/../../../../../../avr/lib/avrxmega2/crtatxmega32a4u.o
__vector_105                                      /usr/local/Cellar/avr-gcc/9.3.0/lib/avr-gcc/9/gcc/avr/9.3.0/../../../../../../avr/lib/avrxmega2/crtatxmega32a4u.o
__vector_106                                      /usr/local/Cellar/avr-gcc/9.3.0/lib/avr-gcc/9/gcc/avr/9.3.0/../../../../../../avr/lib/avrxmega2/crtatxmega32a4u.o
__vector_107                                      /usr/local/Cellar/avr-gcc/9.3.0/lib/avr-gcc/9/gcc/avr/9.3.0/../../../../../../avr/lib/avrxmega2/crtatxmega32a4u.o
__vector_108                                      /usr/local/Cellar/avr-gcc/9.3.0/lib/avr-gcc/9/gcc/avr/9.3.0/../../../../../../avr/lib/avrxmega2/crtatxmega32a4u.o
__vector_109                                      /usr/local/Cellar/avr-gcc/9.3.0/lib/avr-gcc/9/gcc/avr/9.3.0/../../../../../../avr/lib/avrxmega2/crtatxmega32a4u.o
__vector_11                                       /usr/local/Cellar/avr-gcc/9.3.0/lib/avr-gcc/9/gcc/avr/9.3.0/../../../../../../avr/lib/avrxmega2/crtatxmega32a4u.o
__vector_110                                      /usr/local/Cellar/avr-gcc/9.3.0/lib/avr-gcc/9/gcc/avr/9.3.0/../../../../../../avr/lib/avrxmega2/crtatxmega32a4u.o
__vector_111                                      /usr/local/Cellar/avr-gcc/9.3.0/lib/avr-gcc/9/gcc/avr/9.3.0/../../../../../../avr/lib/avrxmega2/crtatxmega32a4u.o
__vector_112                                      /usr/local/Cellar/avr-gcc/9.3.0/lib/avr-gcc/9/gcc/avr/9.3.0/../../../../../../avr/lib/avrxmega2/crtatxmega32a4u.o
__vector_113                                      /usr/local/Cellar/avr-gcc/9.3.0/lib/avr-gcc/9/gcc/avr/9.3.0/../../../../../../avr/lib/avrxmega2/crtatxmega32a4u.o
__vector_114                                      /usr/local/Cellar/avr-gcc/9.3.0/lib/avr-gcc/9/gcc/avr/9.3.0/../../../../../../avr/lib/avrxmega2/crtatxmega32a4u.o
__vector_115                                      /usr/local/Cellar/avr-gcc/9.3.0/lib/avr-gcc/9/gcc/avr/9.3.0/../../../../../../avr/lib/avrxmega2/crtatxmega32a4u.o
__vector_116                                      /usr/local/Cellar/avr-gcc/9.3.0/lib/avr-gcc/9/gcc/avr/9.3.0/../../../../../../avr/lib/avrxmega2/crtatxmega32a4u.o
__vector_117                                      /usr/local/Cellar/avr-gcc/9.3.0/lib/avr-gcc/9/gcc/avr/9.3.0/../../../../../../avr/lib/avrxmega2/crtatxmega32a4u.o
__vector_118                                      /usr/local/Cellar/avr-gcc/9.3.0/lib/avr-gcc/9/gcc/avr/9.3.0/../../../../../../avr/lib/avrxmega2/crtatxmega32a4u.o
__vector_119                                      /usr/local/Cellar/avr-gcc/9.3.0/lib/avr-gcc/9/gcc/avr/9.3.0/../../../../../../avr/lib/avrxmega2/crtatxmega32a4u.o
__vector_12                                       /usr/local/Cellar/avr-gcc/9.3.0/lib/avr-gcc/9/gcc/avr/9.3.0/../../../../../../avr/lib/avrxmega2/crtatxmega32a4u.o
__vector_120                                      /usr/local/Cellar/avr-gcc/9.3.0/lib/avr-gcc/9/gcc/avr/9.3.0/../../../../../../avr/lib/avrxmega2/crtatxmega32a4u.o
__vector_121                                      /usr/local/Cellar/avr-gcc/9.3.0/lib/avr-gcc/9/gcc/avr/9.3.0/../../../../../../avr/lib/avrxmega2/crtatxmega32a4u.o
__vector_122                                      /usr/local/Cellar/avr-gcc/9.3.0/lib/avr-gcc/9/gcc/avr/9.3.0/../../../../../../avr/lib/avrxmega2/crtatxmega32a4u.o
__vector_123                                      /usr/local/Cellar/avr-gcc/9.3.0/lib/avr-gcc/9/gcc/avr/9.3.0/../../../../../../avr/lib/avrxmega2/crtatxmega32a4u.o
__vector_124                                      /usr/local/Cellar/avr-gcc/9.3.0/lib/avr-gcc/9/gcc/avr/9.3.0/../../../../../../avr/lib/avrxmega2/crtatxmega32a4u.o
__vector_125                                      /usr/local/Cellar/avr-gcc/9.3.0/lib/avr-gcc/9/gcc/avr/9.3.0/../../../../../../avr/lib/avrxmega2/crtatxmega32a4u.o
__vector_126                                      /usr/local/Cellar/avr-gcc/9.3.0/lib/avr-gcc/9/gcc/avr/9.3.0/../../../../../../avr/lib/avrxmega2/crtatxmega32a4u.o
__vector_13                                       /usr/local/Cellar/avr-gcc/9.3.0/lib/avr-gcc/9/gcc/avr/9.3.0/../../../../../../avr/lib/avrxmega2/crtatxmega32a4u.o
__vector_14                                       /usr/local/Cellar/avr-gcc/9.3.0/lib/avr-gcc/9/gcc/avr/9.3.0/../../../../../../avr/lib/avrxmega2/crtatxmega32a4u.o
__vector_15                                       /usr/local/Cellar/avr-gcc/9.3.0/lib/avr-gcc/9/gcc/avr/9.3.0/../../../../../../avr/lib/avrxmega2/crtatxmega32a4u.o
__vector_16                                       /usr/local/Cellar/avr-gcc/9.3.0/lib/avr-gcc/9/gcc/avr/9.3.0/../../../../../../avr/lib/avrxmega2/crtatxmega32a4u.o
__vector_17                                       /usr/local/Cellar/avr-gcc/9.3.0/lib/avr-gcc/9/gcc/avr/9.3.0/../../../../../../avr/lib/avrxmega2/crtatxmega32a4u.o
__vector_18                                       /usr/local/Cellar/avr-gcc/9.3.0/lib/avr-gcc/9/gcc/avr/9.3.0/../../../../../../avr/lib/avrxmega2/crtatxmega32a4u.o
__vector_19                                       /usr/local/Cellar/avr-gcc/9.3.0/lib/avr-gcc/9/gcc/avr/9.3.0/../../../../../../avr/lib/avrxmega2/crtatxmega32a4u.o
__vector_2                                        /usr/local/Cellar/avr-gcc/9.3.0/lib/avr-gcc/9/gcc/avr/9.3.0/../../../../../../avr/lib/avrxmega2/crtatxmega32a4u.o
__vector_20                                       /usr/local/Cellar/avr-gcc/9.3.0/lib/avr-gcc/9/gcc/avr/9.3.0/../../../../../../avr/lib/avrxmega2/crtatxmega32a4u.o
__vector_21                                       /usr/local/Cellar/avr-gcc/9.3.0/lib/avr-gcc/9/gcc/avr/9.3.0/../../../../../../avr/lib/avrxmega2/crtatxmega32a4u.o
__vector_22                                       /usr/local/Cellar/avr-gcc/9.3.0/lib/avr-gcc/9/gcc/avr/9.3.0/../../../../../../avr/lib/avrxmega2/crtatxmega32a4u.o
__vector_23                                       /usr/local/Cellar/avr-gcc/9.3.0/lib/avr-gcc/9/gcc/avr/9.3.0/../../../../../../avr/lib/avrxmega2/crtatxmega32a4u.o
__vector_24                                       /usr/local/Cellar/avr-gcc/9.3.0/lib/avr-gcc/9/gcc/avr/9.3.0/../../../../../../avr/lib/avrxmega2/crtatxmega32a4u.o
__vector_25                                       /usr/local/Cellar/avr-gcc/9.3.0/lib/avr-gcc/9/gcc/avr/9.3.0/../../../../../../avr/lib/avrxmega2/crtatxmega32a4u.o
__vector_26                                       /usr/local/Cellar/avr-gcc/9.3.0/lib/avr-gcc/9/gcc/avr/9.3.0/../../../../../../avr/lib/avrxmega2/crtatxmega32a4u.o
__vector_27                                       /usr/local/Cellar/avr-gcc/9.3.0/lib/avr-gcc/9/gcc/avr/9.3.0/../../../../../../avr/lib/avrxmega2/crtatxmega32a4u.o
__vector_28                                       /usr/local/Cellar/avr-gcc/9.3.0/lib/avr-gcc/9/gcc/avr/9.3.0/../../../../../../avr/lib/avrxmega2/crtatxmega32a4u.o
__vector_29                                       /usr/local/Cellar/avr-gcc/9.3.0/lib/avr-gcc/9/gcc/avr/9.3.0/../../../../../../avr/lib/avrxmega2/crtatxmega32a4u.o
__vector_3                                        /usr/local/Cellar/avr-gcc/9.3.0/lib/avr-gcc/9/gcc/avr/9.3.0/../../../../../../avr/lib/avrxmega2/crtatxmega32a4u.o
__vector_30                                       /usr/local/Cellar/avr-gcc/9.3.0/lib/avr-gcc/9/gcc/avr/9.3.0/../../../../../../avr/lib/avrxmega2/crtatxmega32a4u.o
__vector_31                                       /usr/local/Cellar/avr-gcc/9.3.0/lib/avr-gcc/9/gcc/avr/9.3.0/../../../../../../avr/lib/avrxmega2/crtatxmega32a4u.o
__vector_32                                       /usr/local/Cellar/avr-gcc/9.3.0/lib/avr-gcc/9/gcc/avr/9.3.0/../../../../../../avr/lib/avrxmega2/crtatxmega32a4u.o
__vector_33                                       /usr/local/Cellar/avr-gcc/9.3.0/lib/avr-gcc/9/gcc/avr/9.3.0/../../../../../../avr/lib/avrxmega2/crtatxmega32a4u.o
__vector_34                                       /usr/local/Cellar/avr-gcc/9.3.0/lib/avr-gcc/9/gcc/avr/9.3.0/../../../../../../avr/lib/avrxmega2/crtatxmega32a4u.o
__vector_35                                       /usr/local/Cellar/avr-gcc/9.3.0/lib/avr-gcc/9/gcc/avr/9.3.0/../../../../../../avr/lib/avrxmega2/crtatxmega32a4u.o
__vector_36                                       /usr/local/Cellar/avr-gcc/9.3.0/lib/avr-gcc/9/gcc/avr/9.3.0/../../../../../../avr/lib/avrxmega2/crtatxmega32a4u.o
__vector_37                                       /usr/local/Cellar/avr-gcc/9.3.0/lib/avr-gcc/9/gcc/avr/9.3.0/../../../../../../avr/lib/avrxmega2/crtatxmega32a4u.o
__vector_38                                       /usr/local/Cellar/avr-gcc/9.3.0/lib/avr-gcc/9/gcc/avr/9.3.0/../../../../../../avr/lib/avrxmega2/crtatxmega32a4u.o
__vector_39                                       /usr/local/Cellar/avr-gcc/9.3.0/lib/avr-gcc/9/gcc/avr/9.3.0/../../../../../../avr/lib/avrxmega2/crtatxmega32a4u.o
__vector_4                                        /usr/local/Cellar/avr-gcc/9.3.0/lib/avr-gcc/9/gcc/avr/9.3.0/../../../../../../avr/lib/avrxmega2/crtatxmega32a4u.o
__vector_40                                       /usr/local/Cellar/avr-gcc/9.3.0/lib/avr-gcc/9/gcc/avr/9.3.0/../../../../../../avr/lib/avrxmega2/crtatxmega32a4u.o
__vector_41                                       /usr/local/Cellar/avr-gcc/9.3.0/lib/avr-gcc/9/gcc/avr/9.3.0/../../../../../../avr/lib/avrxmega2/crtatxmega32a4u.o
__vector_42                                       /usr/local/Cellar/avr-gcc/9.3.0/lib/avr-gcc/9/gcc/avr/9.3.0/../../../../../../avr/lib/avrxmega2/crtatxmega32a4u.o
__vector_43                                       /usr/local/Cellar/avr-gcc/9.3.0/lib/avr-gcc/9/gcc/avr/9.3.0/../../../../../../avr/lib/avrxmega2/crtatxmega32a4u.o
__vector_44                                       /usr/local/Cellar/avr-gcc/9.3.0/lib/avr-gcc/9/gcc/avr/9.3.0/../../../../../../avr/lib/avrxmega2/crtatxmega32a4u.o
__vector_45                                       /usr/local/Cellar/avr-gcc/9.3.0/lib/avr-gcc/9/gcc/avr/9.3.0/../../../../../../avr/lib/avrxmega2/crtatxmega32a4u.o
__vector_46                                       /usr/local/Cellar/avr-gcc/9.3.0/lib/avr-gcc/9/gcc/avr/9.3.0/../../../../../../avr/lib/avrxmega2/crtatxmega32a4u.o
__vector_47                                       obj/main.o
                                                  /usr/local/Cellar/avr-gcc/9.3.0/lib/avr-gcc/9/gcc/avr/9.3.0/../../../../../../avr/lib/avrxmega2/crtatxmega32a4u.o
__vector_48                                       /usr/local/Cellar/avr-gcc/9.3.0/lib/avr-gcc/9/gcc/avr/9.3.0/../../../../../../avr/lib/avrxmega2/crtatxmega32a4u.o
__vector_49                                       /usr/local/Cellar/avr-gcc/9.3.0/lib/avr-gcc/9/gcc/avr/9.3.0/../../../../../../avr/lib/avrxmega2/crtatxmega32a4u.o
__vector_5                                        /usr/local/Cellar/avr-gcc/9.3.0/lib/avr-gcc/9/gcc/avr/9.3.0/../../../../../../avr/lib/avrxmega2/crtatxmega32a4u.o
__vector_50                                       /usr/local/Cellar/avr-gcc/9.3.0/lib/avr-gcc/9/gcc/avr/9.3.0/../../../../../../avr/lib/avrxmega2/crtatxmega32a4u.o
__vector_51                                       /usr/local/Cellar/avr-gcc/9.3.0/lib/avr-gcc/9/gcc/avr/9.3.0/../../../../../../avr/lib/avrxmega2/crtatxmega32a4u.o
__vector_52                                       /usr/local/Cellar/avr-gcc/9.3.0/lib/avr-gcc/9/gcc/avr/9.3.0/../../../../../../avr/lib/avrxmega2/crtatxmega32a4u.o
__vector_53                                       /usr/local/Cellar/avr-gcc/9.3.0/lib/avr-gcc/9/gcc/avr/9.3.0/../../../../../../avr/lib/avrxmega2/crtatxmega32a4u.o
__vector_54                                       /usr/local/Cellar/avr-gcc/9.3.0/lib/avr-gcc/9/gcc/avr/9.3.0/../../../../../../avr/lib/avrxmega2/crtatxmega32a4u.o
__vector_55                                       /usr/local/Cellar/avr-gcc/9.3.0/lib/avr-gcc/9/gcc/avr/9.3.0/../../../../../../avr/lib/avrxmega2/crtatxmega32a4u.o
__vector_56                                       /usr/local/Cellar/avr-gcc/9.3.0/lib/avr-gcc/9/gcc/avr/9.3.0/../../../../../../avr/lib/avrxmega2/crtatxmega32a4u.o
__vector_57                                       /usr/local/Cellar/avr-gcc/9.3.0/lib/avr-gcc/9/gcc/avr/9.3.0/../../../../../../avr/lib/avrxmega2/crtatxmega32a4u.o
__vector_58                                       /usr/local/Cellar/avr-gcc/9.3.0/lib/avr-gcc/9/gcc/avr/9.3.0/../../../../../../avr/lib/avrxmega2/crtatxmega32a4u.o
__vector_59                                       /usr/local/Cellar/avr-gcc/9.3.0/lib/avr-gcc/9/gcc/avr/9.3.0/../../../../../../avr/lib/avrxmega2/crtatxmega32a4u.o
__vector_6                                        /usr/local/Cellar/avr-gcc/9.3.0/lib/avr-gcc/9/gcc/avr/9.3.0/../../../../../../avr/lib/avrxmega2/crtatxmega32a4u.o
__vector_60                                       /usr/local/Cellar/avr-gcc/9.3.0/lib/avr-gcc/9/gcc/avr/9.3.0/../../../../../../avr/lib/avrxmega2/crtatxmega32a4u.o
__vector_61                                       /usr/local/Cellar/avr-gcc/9.3.0/lib/avr-gcc/9/gcc/avr/9.3.0/../../../../../../avr/lib/avrxmega2/crtatxmega32a4u.o
__vector_62                                       /usr/local/Cellar/avr-gcc/9.3.0/lib/avr-gcc/9/gcc/avr/9.3.0/../../../../../../avr/lib/avrxmega2/crtatxmega32a4u.o
__vector_63                                       /usr/local/Cellar/avr-gcc/9.3.0/lib/avr-gcc/9/gcc/avr/9.3.0/../../../../../../avr/lib/avrxmega2/crtatxmega32a4u.o
__vector_64                                       /usr/local/Cellar/avr-gcc/9.3.0/lib/avr-gcc/9/gcc/avr/9.3.0/../../../../../../avr/lib/avrxmega2/crtatxmega32a4u.o
__vector_65                                       /usr/local/Cellar/avr-gcc/9.3.0/lib/avr-gcc/9/gcc/avr/9.3.0/../../../../../../avr/lib/avrxmega2/crtatxmega32a4u.o
__vector_66                                       /usr/local/Cellar/avr-gcc/9.3.0/lib/avr-gcc/9/gcc/avr/9.3.0/../../../../../../avr/lib/avrxmega2/crtatxmega32a4u.o
__vector_67                                       /usr/local/Cellar/avr-gcc/9.3.0/lib/avr-gcc/9/gcc/avr/9.3.0/../../../../../../avr/lib/avrxmega2/crtatxmega32a4u.o
__vector_68                                       /usr/local/Cellar/avr-gcc/9.3.0/lib/avr-gcc/9/gcc/avr/9.3.0/../../../../../../avr/lib/avrxmega2/crtatxmega32a4u.o
__vector_69                                       /usr/local/Cellar/avr-gcc/9.3.0/lib/avr-gcc/9/gcc/avr/9.3.0/../../../../../../avr/lib/avrxmega2/crtatxmega32a4u.o
__vector_7                                        /usr/local/Cellar/avr-gcc/9.3.0/lib/avr-gcc/9/gcc/avr/9.3.0/../../../../../../avr/lib/avrxmega2/crtatxmega32a4u.o
__vector_70                                       /usr/local/Cellar/avr-gcc/9.3.0/lib/avr-gcc/9/gcc/avr/9.3.0/../../../../../../avr/lib/avrxmega2/crtatxmega32a4u.o
__vector_71                                       /usr/local/Cellar/avr-gcc/9.3.0/lib/avr-gcc/9/gcc/avr/9.3.0/../../../../../../avr/lib/avrxmega2/crtatxmega32a4u.o
__vector_72                                       /usr/local/Cellar/avr-gcc/9.3.0/lib/avr-gcc/9/gcc/avr/9.3.0/../../../../../../avr/lib/avrxmega2/crtatxmega32a4u.o
__vector_73                                       /usr/local/Cellar/avr-gcc/9.3.0/lib/avr-gcc/9/gcc/avr/9.3.0/../../../../../../avr/lib/avrxmega2/crtatxmega32a4u.o
__vector_74                                       /usr/local/Cellar/avr-gcc/9.3.0/lib/avr-gcc/9/gcc/avr/9.3.0/../../../../../../avr/lib/avrxmega2/crtatxmega32a4u.o
__vector_75                                       /usr/local/Cellar/avr-gcc/9.3.0/lib/avr-gcc/9/gcc/avr/9.3.0/../../../../../../avr/lib/avrxmega2/crtatxmega32a4u.o
__vector_76                                       /usr/local/Cellar/avr-gcc/9.3.0/lib/avr-gcc/9/gcc/avr/9.3.0/../../../../../../avr/lib/avrxmega2/crtatxmega32a4u.o
__vector_77                                       /usr/local/Cellar/avr-gcc/9.3.0/lib/avr-gcc/9/gcc/avr/9.3.0/../../../../../../avr/lib/avrxmega2/crtatxmega32a4u.o
__vector_78                                       /usr/local/Cellar/avr-gcc/9.3.0/lib/avr-gcc/9/gcc/avr/9.3.0/../../../../../../avr/lib/avrxmega2/crtatxmega32a4u.o
__vector_79                                       /usr/local/Cellar/avr-gcc/9.3.0/lib/avr-gcc/9/gcc/avr/9.3.0/../../../../../../avr/lib/avrxmega2/crtatxmega32a4u.o
__vector_8                                        /usr/local/Cellar/avr-gcc/9.3.0/lib/avr-gcc/9/gcc/avr/9.3.0/../../../../../../avr/lib/avrxmega2/crtatxmega32a4u.o
__vector_80                                       /usr/local/Cellar/avr-gcc/9.3.0/lib/avr-gcc/9/gcc/avr/9.3.0/../../../../../../avr/lib/avrxmega2/crtatxmega32a4u.o
__vector_81                                       /usr/local/Cellar/avr-gcc/9.3.0/lib/avr-gcc/9/gcc/avr/9.3.0/../../../../../../avr/lib/avrxmega2/crtatxmega32a4u.o
__vector_82                                       /usr/local/Cellar/avr-gcc/9.3.0/lib/avr-gcc/9/gcc/avr/9.3.0/../../../../../../avr/lib/avrxmega2/crtatxmega32a4u.o
__vector_83                                       /usr/local/Cellar/avr-gcc/9.3.0/lib/avr-gcc/9/gcc/avr/9.3.0/../../../../../../avr/lib/avrxmega2/crtatxmega32a4u.o
__vector_84                                       /usr/local/Cellar/avr-gcc/9.3.0/lib/avr-gcc/9/gcc/avr/9.3.0/../../../../../../avr/lib/avrxmega2/crtatxmega32a4u.o
__vector_85                                       /usr/local/Cellar/avr-gcc/9.3.0/lib/avr-gcc/9/gcc/avr/9.3.0/../../../../../../avr/lib/avrxmega2/crtatxmega32a4u.o
__vector_86                                       /usr/local/Cellar/avr-gcc/9.3.0/lib/avr-gcc/9/gcc/avr/9.3.0/../../../../../../avr/lib/avrxmega2/crtatxmega32a4u.o
__vector_87                                       /usr/local/Cellar/avr-gcc/9.3.0/lib/avr-gcc/9/gcc/avr/9.3.0/../../../../../../avr/lib/avrxmega2/crtatxmega32a4u.o
__vector_88                                       /usr/local/Cellar/avr-gcc/9.3.0/lib/avr-gcc/9/gcc/avr/9.3.0/../../../../../../avr/lib/avrxmega2/crtatxmega32a4u.o
__vector_89                                       /usr/local/Cellar/avr-gcc/9.3.0/lib/avr-gcc/9/gcc/avr/9.3.0/../../../../../../avr/lib/avrxmega2/crtatxmega32a4u.o
__vector_9                                        /usr/local/Cellar/avr-gcc/9.3.0/lib/avr-gcc/9/gcc/avr/9.3.0/../../../../../../avr/lib/avrxmega2/crtatxmega32a4u.o
__vector_90                                       /usr/local/Cellar/avr-gcc/9.3.0/lib/avr-gcc/9/gcc/avr/9.3.0/../../../../../../avr/lib/avrxmega2/crtatxmega32a4u.o
__vector_91                                       /usr/local/Cellar/avr-gcc/9.3.0/lib/avr-gcc/9/gcc/avr/9.3.0/../../../../../../avr/lib/avrxmega2/crtatxmega32a4u.o
__vector_92                                       /usr/local/Cellar/avr-gcc/9.3.0/lib/avr-gcc/9/gcc/avr/9.3.0/../../../../../../avr/lib/avrxmega2/crtatxmega32a4u.o
__vector_93                                       /usr/local/Cellar/avr-gcc/9.3.0/lib/avr-gcc/9/gcc/avr/9.3.0/../../../../../../avr/lib/avrxmega2/crtatxmega32a4u.o
__vector_94                                       /usr/local/Cellar/avr-gcc/9.3.0/lib/avr-gcc/9/gcc/avr/9.3.0/../../../../../../avr/lib/avrxmega2/crtatxmega32a4u.o
__vector_95                                       /usr/local/Cellar/avr-gcc/9.3.0/lib/avr-gcc/9/gcc/avr/9.3.0/../../../../../../avr/lib/avrxmega2/crtatxmega32a4u.o
__vector_96                                       /usr/local/Cellar/avr-gcc/9.3.0/lib/avr-gcc/9/gcc/avr/9.3.0/../../../../../../avr/lib/avrxmega2/crtatxmega32a4u.o
__vector_97                                       /usr/local/Cellar/avr-gcc/9.3.0/lib/avr-gcc/9/gcc/avr/9.3.0/../../../../../../avr/lib/avrxmega2/crtatxmega32a4u.o
__vector_98                                       /usr/local/Cellar/avr-gcc/9.3.0/lib/avr-gcc/9/gcc/avr/9.3.0/../../../../../../avr/lib/avrxmega2/crtatxmega32a4u.o
__vector_99                                       /usr/local/Cellar/avr-gcc/9.3.0/lib/avr-gcc/9/gcc/avr/9.3.0/../../../../../../avr/lib/avrxmega2/crtatxmega32a4u.o
__vector_default                                  /usr/local/Cellar/avr-gcc/9.3.0/lib/avr-gcc/9/gcc/avr/9.3.0/../../../../../../avr/lib/avrxmega2/crtatxmega32a4u.o
__vectors                                         /usr/local/Cellar/avr-gcc/9.3.0/lib/avr-gcc/9/gcc/avr/9.3.0/../../../../../../avr/lib/avrxmega2/crtatxmega32a4u.o
_exit                                             /usr/local/Cellar/avr-gcc/9.3.0/lib/avr-gcc/9/gcc/avr/9.3.0/avrxmega2/libgcc.a(_exit.o)
exit                                              /usr/local/Cellar/avr-gcc/9.3.0/lib/avr-gcc/9/gcc/avr/9.3.0/avrxmega2/libgcc.a(_exit.o)
                                                  /usr/local/Cellar/avr-gcc/9.3.0/lib/avr-gcc/9/gcc/avr/9.3.0/../../../../../../avr/lib/avrxmega2/crtatxmega32a4u.o
fgetc                                             /usr/local/Cellar/avr-gcc/9.3.0/lib/avr-gcc/9/gcc/avr/9.3.0/../../../../../../avr/lib/avrxmega2/libc.a(fgetc.o)
                                                  /usr/local/Cellar/avr-gcc/9.3.0/lib/avr-gcc/9/gcc/avr/9.3.0/../../../../../../avr/lib/avrxmega2/libscanf_flt.a(vfscanf_flt.o)
fputc                                             /usr/local/Cellar/avr-gcc/9.3.0/lib/avr-gcc/9/gcc/avr/9.3.0/../../../../../../avr/lib/avrxmega2/libc.a(fputc.o)
                                                  /usr/local/Cellar/avr-gcc/9.3.0/lib/avr-gcc/9/gcc/avr/9.3.0/../../../../../../avr/lib/avrxmega2/libprintf_flt.a(vfprintf_flt.o)
gpio_cfg_in                                       obj/io.o
gpio_cfg_in_np                                    obj/io.o
gpio_cfg_inv_np                                   obj/io.o
gpio_cfg_isc_np                                   obj/io.o
gpio_cfg_opc                                      obj/io.o
gpio_cfg_opc_np                                   obj/io.o
gpio_cfg_out                                      obj/io.o
gpio_cfg_out_np                                   obj/io.o
                                                  obj/main.o
gpio_clr                                          obj/io.o
gpio_clr_np                                       obj/io.o
gpio_is_set                                       obj/io.o
gpio_is_set_np                                    obj/io.o
gpio_set                                          obj/io.o
gpio_set_np                                       obj/io.o
gpio_tgl                                          obj/io.o
gpio_tgl_np                                       obj/io.o
                                                  obj/main.o
isspace                                           /usr/local/Cellar/avr-gcc/9.3.0/lib/avr-gcc/9/gcc/avr/9.3.0/../../../../../../avr/lib/avrxmega2/libc.a(isspace.o)
                                                  /usr/local/Cellar/avr-gcc/9.3.0/lib/avr-gcc/9/gcc/avr/9.3.0/../../../../../../avr/lib/avrxmega2/libscanf_flt.a(vfscanf_flt.o)
main                                              obj/main.o
                                                  /usr/local/Cellar/avr-gcc/9.3.0/lib/avr-gcc/9/gcc/avr/9.3.0/../../../../../../avr/lib/avrxmega2/crtatxmega32a4u.o
strchr_P                                          /usr/local/Cellar/avr-gcc/9.3.0/lib/avr-gcc/9/gcc/avr/9.3.0/../../../../../../avr/lib/avrxmega2/libc.a(strchr_P.o)
                                                  /usr/local/Cellar/avr-gcc/9.3.0/lib/avr-gcc/9/gcc/avr/9.3.0/../../../../../../avr/lib/avrxmega2/libscanf_flt.a(vfscanf_flt.o)
strnlen                                           /usr/local/Cellar/avr-gcc/9.3.0/lib/avr-gcc/9/gcc/avr/9.3.0/../../../../../../avr/lib/avrxmega2/libc.a(strnlen.o)
                                                  /usr/local/Cellar/avr-gcc/9.3.0/lib/avr-gcc/9/gcc/avr/9.3.0/../../../../../../avr/lib/avrxmega2/libprintf_flt.a(vfprintf_flt.o)
strnlen_P                                         /usr/local/Cellar/avr-gcc/9.3.0/lib/avr-gcc/9/gcc/avr/9.3.0/../../../../../../avr/lib/avrxmega2/libc.a(strnlen_P.o)
                                                  /usr/local/Cellar/avr-gcc/9.3.0/lib/avr-gcc/9/gcc/avr/9.3.0/../../../../../../avr/lib/avrxmega2/libprintf_flt.a(vfprintf_flt.o)
tolower                                           /usr/local/Cellar/avr-gcc/9.3.0/lib/avr-gcc/9/gcc/avr/9.3.0/../../../../../../avr/lib/avrxmega2/libc.a(tolower.o)
                                                  /usr/local/Cellar/avr-gcc/9.3.0/lib/avr-gcc/9/gcc/avr/9.3.0/../../../../../../avr/lib/avrxmega2/libscanf_flt.a(vfscanf_flt.o)
ungetc                                            /usr/local/Cellar/avr-gcc/9.3.0/lib/avr-gcc/9/gcc/avr/9.3.0/../../../../../../avr/lib/avrxmega2/libc.a(ungetc.o)
                                                  /usr/local/Cellar/avr-gcc/9.3.0/lib/avr-gcc/9/gcc/avr/9.3.0/../../../../../../avr/lib/avrxmega2/libscanf_flt.a(vfscanf_flt.o)
vfprintf                                          /usr/local/Cellar/avr-gcc/9.3.0/lib/avr-gcc/9/gcc/avr/9.3.0/../../../../../../avr/lib/avrxmega2/libprintf_flt.a(vfprintf_flt.o)
vfscanf                                           /usr/local/Cellar/avr-gcc/9.3.0/lib/avr-gcc/9/gcc/avr/9.3.0/../../../../../../avr/lib/avrxmega2/libscanf_flt.a(vfscanf_flt.o)
