Archive member included to satisfy reference by file (symbol)

/usr/local/Cellar/avr-gcc/9.3.0/lib/avr-gcc/9/gcc/avr/9.3.0/../../../../../../avr/lib/avrxmega2/libprintf_flt.a(vfprintf_flt.o)
                              (vfprintf)
/usr/local/Cellar/avr-gcc/9.3.0/lib/avr-gcc/9/gcc/avr/9.3.0/../../../../../../avr/lib/avrxmega2/libscanf_flt.a(vfscanf_flt.o)
                              (vfscanf)
/usr/local/Cellar/avr-gcc/9.3.0/lib/avr-gcc/9/gcc/avr/9.3.0/../../../../../../avr/lib/avrxmega2/libm.a(floatsisf.o)
                              /usr/local/Cellar/avr-gcc/9.3.0/lib/avr-gcc/9/gcc/avr/9.3.0/../../../../../../avr/lib/avrxmega2/libscanf_flt.a(vfscanf_flt.o) (__floatunsisf)
/usr/local/Cellar/avr-gcc/9.3.0/lib/avr-gcc/9/gcc/avr/9.3.0/../../../../../../avr/lib/avrxmega2/libm.a(mulsf3.o)
                              /usr/local/Cellar/avr-gcc/9.3.0/lib/avr-gcc/9/gcc/avr/9.3.0/../../../../../../avr/lib/avrxmega2/libscanf_flt.a(vfscanf_flt.o) (__mulsf3)
/usr/local/Cellar/avr-gcc/9.3.0/lib/avr-gcc/9/gcc/avr/9.3.0/../../../../../../avr/lib/avrxmega2/libm.a(mulsf3x.o)
                              /usr/local/Cellar/avr-gcc/9.3.0/lib/avr-gcc/9/gcc/avr/9.3.0/../../../../../../avr/lib/avrxmega2/libm.a(mulsf3.o) (__mulsf3x)
/usr/local/Cellar/avr-gcc/9.3.0/lib/avr-gcc/9/gcc/avr/9.3.0/../../../../../../avr/lib/avrxmega2/libm.a(fp_inf.o)
                              /usr/local/Cellar/avr-gcc/9.3.0/lib/avr-gcc/9/gcc/avr/9.3.0/../../../../../../avr/lib/avrxmega2/libm.a(mulsf3x.o) (__fp_inf)
/usr/local/Cellar/avr-gcc/9.3.0/lib/avr-gcc/9/gcc/avr/9.3.0/../../../../../../avr/lib/avrxmega2/libm.a(fp_nan.o)
                              /usr/local/Cellar/avr-gcc/9.3.0/lib/avr-gcc/9/gcc/avr/9.3.0/../../../../../../avr/lib/avrxmega2/libm.a(mulsf3x.o) (__fp_nan)
/usr/local/Cellar/avr-gcc/9.3.0/lib/avr-gcc/9/gcc/avr/9.3.0/../../../../../../avr/lib/avrxmega2/libm.a(fp_pscA.o)
                              /usr/local/Cellar/avr-gcc/9.3.0/lib/avr-gcc/9/gcc/avr/9.3.0/../../../../../../avr/lib/avrxmega2/libm.a(mulsf3x.o) (__fp_pscA)
/usr/local/Cellar/avr-gcc/9.3.0/lib/avr-gcc/9/gcc/avr/9.3.0/../../../../../../avr/lib/avrxmega2/libm.a(fp_pscB.o)
                              /usr/local/Cellar/avr-gcc/9.3.0/lib/avr-gcc/9/gcc/avr/9.3.0/../../../../../../avr/lib/avrxmega2/libm.a(mulsf3x.o) (__fp_pscB)
/usr/local/Cellar/avr-gcc/9.3.0/lib/avr-gcc/9/gcc/avr/9.3.0/../../../../../../avr/lib/avrxmega2/libm.a(fp_round.o)
                              /usr/local/Cellar/avr-gcc/9.3.0/lib/avr-gcc/9/gcc/avr/9.3.0/../../../../../../avr/lib/avrxmega2/libm.a(mulsf3.o) (__fp_round)
/usr/local/Cellar/avr-gcc/9.3.0/lib/avr-gcc/9/gcc/avr/9.3.0/../../../../../../avr/lib/avrxmega2/libm.a(fp_split3.o)
                              /usr/local/Cellar/avr-gcc/9.3.0/lib/avr-gcc/9/gcc/avr/9.3.0/../../../../../../avr/lib/avrxmega2/libm.a(mulsf3x.o) (__fp_split3)
/usr/local/Cellar/avr-gcc/9.3.0/lib/avr-gcc/9/gcc/avr/9.3.0/../../../../../../avr/lib/avrxmega2/libm.a(fp_zero.o)
                              /usr/local/Cellar/avr-gcc/9.3.0/lib/avr-gcc/9/gcc/avr/9.3.0/../../../../../../avr/lib/avrxmega2/libm.a(mulsf3x.o) (__fp_szero)
/usr/local/Cellar/avr-gcc/9.3.0/lib/avr-gcc/9/gcc/avr/9.3.0/avrxmega2/libgcc.a(_udivmodhi4.o)
                              obj/flow_sensor.o (__udivmodhi4)
/usr/local/Cellar/avr-gcc/9.3.0/lib/avr-gcc/9/gcc/avr/9.3.0/avrxmega2/libgcc.a(_exit.o)
                              /usr/local/Cellar/avr-gcc/9.3.0/lib/avr-gcc/9/gcc/avr/9.3.0/../../../../../../avr/lib/avrxmega2/crtatxmega32a4u.o (exit)
/usr/local/Cellar/avr-gcc/9.3.0/lib/avr-gcc/9/gcc/avr/9.3.0/avrxmega2/libgcc.a(_copy_data.o)
                              obj/flow_sensor.o (__do_copy_data)
/usr/local/Cellar/avr-gcc/9.3.0/lib/avr-gcc/9/gcc/avr/9.3.0/avrxmega2/libgcc.a(_clear_bss.o)
                              obj/clock.o (__do_clear_bss)
/usr/local/Cellar/avr-gcc/9.3.0/lib/avr-gcc/9/gcc/avr/9.3.0/avrxmega2/libgcc.a(_prologue.o)
                              /usr/local/Cellar/avr-gcc/9.3.0/lib/avr-gcc/9/gcc/avr/9.3.0/../../../../../../avr/lib/avrxmega2/libprintf_flt.a(vfprintf_flt.o) (__prologue_saves__)
/usr/local/Cellar/avr-gcc/9.3.0/lib/avr-gcc/9/gcc/avr/9.3.0/avrxmega2/libgcc.a(_epilogue.o)
                              /usr/local/Cellar/avr-gcc/9.3.0/lib/avr-gcc/9/gcc/avr/9.3.0/../../../../../../avr/lib/avrxmega2/libprintf_flt.a(vfprintf_flt.o) (__epilogue_restores__)
/usr/local/Cellar/avr-gcc/9.3.0/lib/avr-gcc/9/gcc/avr/9.3.0/../../../../../../avr/lib/avrxmega2/libm.a(divsf3.o)
                              obj/flow_sensor.o (__divsf3)
/usr/local/Cellar/avr-gcc/9.3.0/lib/avr-gcc/9/gcc/avr/9.3.0/../../../../../../avr/lib/avrxmega2/libm.a(divsf3x.o)
                              /usr/local/Cellar/avr-gcc/9.3.0/lib/avr-gcc/9/gcc/avr/9.3.0/../../../../../../avr/lib/avrxmega2/libm.a(divsf3.o) (__divsf3x)
/usr/local/Cellar/avr-gcc/9.3.0/lib/avr-gcc/9/gcc/avr/9.3.0/../../../../../../avr/lib/avrxmega2/libm.a(fixunssfsi.o)
                              obj/flow_sensor.o (__fixunssfsi)
[...]
Memory Configuration

Name             Origin             Length             Attributes
text             0x0000000000000000 0x0000000000100000 xr
data             0x0000000000802000 0x000000000000ffa0 rw !x
eeprom           0x0000000000810000 0x0000000000010000 rw !x
fuse             0x0000000000820000 0x0000000000000400 rw !x
lock             0x0000000000830000 0x0000000000000400 rw !x
signature        0x0000000000840000 0x0000000000000400 rw !x
user_signatures  0x0000000000850000 0x0000000000000400 rw !x
*default*        0x0000000000000000 0xffffffffffffffff

Linker script and memory map

LOAD /usr/local/Cellar/avr-gcc/9.3.0/lib/avr-gcc/9/gcc/avr/9.3.0/../../../../../../avr/lib/avrxmega2/crtatxmega32a4u.o
LOAD /usr/local/Cellar/avr-gcc/9.3.0/lib/avr-gcc/9/gcc/avr/9.3.0/../../../../../../avr/lib/avrxmega2/libprintf_flt.a
LOAD /usr/local/Cellar/avr-gcc/9.3.0/lib/avr-gcc/9/gcc/avr/9.3.0/../../../../../../avr/lib/avrxmega2/libm.a
LOAD /usr/local/Cellar/avr-gcc/9.3.0/lib/avr-gcc/9/gcc/avr/9.3.0/../../../../../../avr/lib/avrxmega2/libscanf_flt.a
LOAD /usr/local/Cellar/avr-gcc/9.3.0/lib/avr-gcc/9/gcc/avr/9.3.0/../../../../../../avr/lib/avrxmega2/libm.a
LOAD obj/TC_driver.o
LOAD obj/clock.o
LOAD obj/flow_sensor.o
LOAD obj/io.o
LOAD obj/main.o
LOAD obj/uart.o
START GROUP
LOAD /usr/local/Cellar/avr-gcc/9.3.0/lib/avr-gcc/9/gcc/avr/9.3.0/avrxmega2/libgcc.a
LOAD /usr/local/Cellar/avr-gcc/9.3.0/lib/avr-gcc/9/gcc/avr/9.3.0/../../../../../../avr/lib/avrxmega2/libm.a
LOAD /usr/local/Cellar/avr-gcc/9.3.0/lib/avr-gcc/9/gcc/avr/9.3.0/../../../../../../avr/lib/avrxmega2/libc.a
LOAD /usr/local/Cellar/avr-gcc/9.3.0/lib/avr-gcc/9/gcc/avr/9.3.0/../../../../../../avr/lib/avrxmega2/libatxmega32a4u.a
END GROUP
                0x0000000000100000                __TEXT_REGION_LENGTH__ = DEFINED (__TEXT_REGION_LENGTH__)?__TEXT_REGION_LENGTH__:0x100000
                0x000000000000ffa0                __DATA_REGION_LENGTH__ = DEFINED (__DATA_REGION_LENGTH__)?__DATA_REGION_LENGTH__:0xffa0
                0x0000000000010000                __EEPROM_REGION_LENGTH__ = DEFINED (__EEPROM_REGION_LENGTH__)?__EEPROM_REGION_LENGTH__:0x10000
                0x0000000000000400                __FUSE_REGION_LENGTH__ = DEFINED (__FUSE_REGION_LENGTH__)?__FUSE_REGION_LENGTH__:0x400
                0x0000000000000400                __LOCK_REGION_LENGTH__ = DEFINED (__LOCK_REGION_LENGTH__)?__LOCK_REGION_LENGTH__:0x400
                0x0000000000000400                __SIGNATURE_REGION_LENGTH__ = DEFINED (__SIGNATURE_REGION_LENGTH__)?__SIGNATURE_REGION_LENGTH__:0x400
                0x0000000000000400                __USER_SIGNATURE_REGION_LENGTH__ = DEFINED (__USER_SIGNATURE_REGION_LENGTH__)?__USER_SIGNATURE_REGION_LENGTH__:0x400

.hash
 *(.hash)

.dynsym
 *(.dynsym)

.dynstr
 *(.dynstr)

.gnu.version
 *(.gnu.version)

.gnu.version_d
 *(.gnu.version_d)

.gnu.version_r
 *(.gnu.version_r)

.rel.init
 *(.rel.init)

.rela.init
 *(.rela.init)

.rel.text
 *(.rel.text)
 *(.rel.text.*)
 *(.rel.gnu.linkonce.t*)

.rela.text
 *(.rela.text)
 *(.rela.text.*)
 *(.rela.gnu.linkonce.t*)

.rel.fini
 *(.rel.fini)

.rela.fini
 *(.rela.fini)

.rel.rodata
 *(.rel.rodata)
 *(.rel.rodata.*)
 *(.rel.gnu.linkonce.r*)

.rela.rodata
 *(.rela.rodata)
 *(.rela.rodata.*)
 *(.rela.gnu.linkonce.r*)

.rel.data
 *(.rel.data)
 *(.rel.data.*)
 *(.rel.gnu.linkonce.d*)

.rela.data
 *(.rela.data)
 *(.rela.data.*)
 *(.rela.gnu.linkonce.d*)

.rel.ctors
 *(.rel.ctors)

.rela.ctors
 *(.rela.ctors)

.rel.dtors
 *(.rel.dtors)

.rela.dtors
 *(.rela.dtors)

.rel.got
 *(.rel.got)

.rela.got
 *(.rela.got)

.rel.bss
 *(.rel.bss)

.rela.bss
 *(.rela.bss)

.rel.plt
 *(.rel.plt)

.rela.plt
 *(.rela.plt)

.text           0x0000000000000000     0x223a
 *(.vectors)
 .vectors       0x0000000000000000      0x1fc /usr/local/Cellar/avr-gcc/9.3.0/lib/avr-gcc/9/gcc/avr/9.3.0/../../../../../../avr/lib/avrxmega2/crtatxmega32a4u.o
                0x0000000000000000                __vectors
                0x0000000000000000                __vector_default
 *(.vectors)
 *(.progmem.gcc*)
                0x00000000000001fc                . = ALIGN (0x2)
                0x00000000000001fc                __trampolines_start = .
 *(.trampolines)
 .trampolines   0x00000000000001fc        0x0 linker stubs
 *(.trampolines*)
                0x00000000000001fc                __trampolines_end = .
 *libprintf_flt.a:*(.progmem.data)
 .progmem.data  0x00000000000001fc        0x8 /usr/local/Cellar/avr-gcc/9.3.0/lib/avr-gcc/9/gcc/avr/9.3.0/../../../../../../avr/lib/avrxmega2/libprintf_flt.a(vfprintf_flt.o)
 *libc.a:*(.progmem.data)
 .progmem.data  0x0000000000000204       0xfa /usr/local/Cellar/avr-gcc/9.3.0/lib/avr-gcc/9/gcc/avr/9.3.0/../../../../../../avr/lib/avrxmega2/libc.a(ftoa_engine.o)
 *(.progmem.*)
 .progmem.data  0x00000000000002fe       0x4d /usr/local/Cellar/avr-gcc/9.3.0/lib/avr-gcc/9/gcc/avr/9.3.0/../../../../../../avr/lib/avrxmega2/libscanf_flt.a(vfscanf_flt.o)
                0x000000000000034c                . = ALIGN (0x2)
 *fill*         0x000000000000034b        0x1 
 *(.lowtext)
 *(.lowtext*)
                0x000000000000034c                __ctors_start = .
 *(.ctors)
                0x000000000000034c                __ctors_end = .
                0x000000000000034c                __dtors_start = .
 *(.dtors)
                0x000000000000034c                __dtors_end = .
 SORT_BY_NAME(*)(.ctors)
 SORT_BY_NAME(*)(.dtors)
 *(.init0)
 .init0         0x000000000000034c        0x0 /usr/local/Cellar/avr-gcc/9.3.0/lib/avr-gcc/9/gcc/avr/9.3.0/../../../../../../avr/lib/avrxmega2/crtatxmega32a4u.o
                0x000000000000034c                __init
 *(.init0)
 *(.init1)
 *(.init1)
 *(.init2)
 .init2         0x000000000000034c        0xc /usr/local/Cellar/avr-gcc/9.3.0/lib/avr-gcc/9/gcc/avr/9.3.0/../../../../../../avr/lib/avrxmega2/crtatxmega32a4u.o
 *(.init2)
 *(.init3)
 *(.init3)
 *(.init4)
 .init4         0x0000000000000358       0x16 /usr/local/Cellar/avr-gcc/9.3.0/lib/avr-gcc/9/gcc/avr/9.3.0/avrxmega2/libgcc.a(_copy_data.o)
                0x0000000000000358                __do_copy_data
 .init4         0x000000000000036e       0x10 /usr/local/Cellar/avr-gcc/9.3.0/lib/avr-gcc/9/gcc/avr/9.3.0/avrxmega2/libgcc.a(_clear_bss.o)
                0x000000000000036e                __do_clear_bss
 *(.init4)
 *(.init5)
 *(.init5)
 *(.init6)
 *(.init6)
 *(.init7)
 *(.init7)
 *(.init8)
 *(.init8)
 *(.init9)
 .init9         0x000000000000037e        0x8 /usr/local/Cellar/avr-gcc/9.3.0/lib/avr-gcc/9/gcc/avr/9.3.0/../../../../../../avr/lib/avrxmega2/crtatxmega32a4u.o
 *(.init9)
 *(.text)
 .text          0x0000000000000386        0x4 /usr/local/Cellar/avr-gcc/9.3.0/lib/avr-gcc/9/gcc/avr/9.3.0/../../../../../../avr/lib/avrxmega2/crtatxmega32a4u.o
                0x0000000000000386                __vector_120
                0x0000000000000386                __vector_104
                0x0000000000000386                __vector_22
                0x0000000000000386                __vector_63
                0x0000000000000386                __vector_28
                0x0000000000000386                __vector_67
                0x0000000000000386                __vector_1
                0x0000000000000386                __vector_119
                0x0000000000000386                __vector_32
                0x0000000000000386                __vector_75
                0x0000000000000386                __vector_71
                0x0000000000000386                __vector_91
                0x0000000000000386                __vector_34
                0x0000000000000386                __vector_62
                0x0000000000000386                __vector_77
                0x0000000000000386                __vector_102
                0x0000000000000386                __vector_24
                0x0000000000000386                __vector_12
                0x0000000000000386                __vector_55
                0x0000000000000386                __vector_69
                0x0000000000000386                __vector_81
                0x0000000000000386                __vector_90
                0x0000000000000386                __vector_46
                0x0000000000000386                __bad_interrupt
                0x0000000000000386                __vector_122
                0x0000000000000386                __vector_72
                0x0000000000000386                __vector_114
                0x0000000000000386                __vector_6
                0x0000000000000386                __vector_110
                0x0000000000000386                __vector_31
                0x0000000000000386                __vector_92
                0x0000000000000386                __vector_35
                0x0000000000000386                __vector_78
                0x0000000000000386                __vector_74
                0x0000000000000386                __vector_117
                0x0000000000000386                __vector_39
                0x0000000000000386                __vector_107
                0x0000000000000386                __vector_3
                0x0000000000000386                __vector_105
                0x0000000000000386                __vector_98
                0x0000000000000386                __vector_23
                0x0000000000000386                __vector_68
                0x0000000000000386                __vector_30
                0x0000000000000386                __vector_73
                0x0000000000000386                __vector_45
                0x0000000000000386                __vector_93
                0x0000000000000386                __vector_61
                0x0000000000000386                __vector_11
                0x0000000000000386                __vector_54
                0x0000000000000386                __vector_99
                0x0000000000000386                __vector_13
                0x0000000000000386                __vector_17
                0x0000000000000386                __vector_19
                0x0000000000000386                __vector_56
                0x0000000000000386                __vector_7
                0x0000000000000386                __vector_125
                0x0000000000000386                __vector_49
                0x0000000000000386                __vector_123
                0x0000000000000386                __vector_41
                0x0000000000000386                __vector_86
                0x0000000000000386                __vector_100
                0x0000000000000386                __vector_101
                0x0000000000000386                __vector_88
                0x0000000000000386                __vector_109
                0x0000000000000386                __vector_43
                0x0000000000000386                __vector_27
                0x0000000000000386                __vector_5
                0x0000000000000386                __vector_113
                0x0000000000000386                __vector_33
                0x0000000000000386                __vector_76
                0x0000000000000386                __vector_115
                0x0000000000000386                __vector_52
                0x0000000000000386                __vector_37
                0x0000000000000386                __vector_95
                0x0000000000000386                __vector_103
                0x0000000000000386                __vector_96
                0x0000000000000386                __vector_89
                0x0000000000000386                __vector_108
                0x0000000000000386                __vector_4
                0x0000000000000386                __vector_44
                0x0000000000000386                __vector_82
                0x0000000000000386                __vector_106
                0x0000000000000386                __vector_118
                0x0000000000000386                __vector_51
                0x0000000000000386                __vector_9
                0x0000000000000386                __vector_2
                0x0000000000000386                __vector_21
                0x0000000000000386                __vector_15
                0x0000000000000386                __vector_66
                0x0000000000000386                __vector_36
                0x0000000000000386                __vector_79
                0x0000000000000386                __vector_58
                0x0000000000000386                __vector_70
                0x0000000000000386                __vector_83
                0x0000000000000386                __vector_29
                0x0000000000000386                __vector_60
                0x0000000000000386                __vector_121
                0x0000000000000386                __vector_40
                0x0000000000000386                __vector_85
                0x0000000000000386                __vector_94
                0x0000000000000386                __vector_126
                0x0000000000000386                __vector_8
                0x0000000000000386                __vector_26
                0x0000000000000386                __vector_48
                0x0000000000000386                __vector_124
                0x0000000000000386                __vector_116
                0x0000000000000386                __vector_112
                0x0000000000000386                __vector_111
                0x0000000000000386                __vector_80
                0x0000000000000386                __vector_14
                0x0000000000000386                __vector_84
                0x0000000000000386                __vector_57
                0x0000000000000386                __vector_53
                0x0000000000000386                __vector_10
                0x0000000000000386                __vector_50
                0x0000000000000386                __vector_16
                0x0000000000000386                __vector_59
                0x0000000000000386                __vector_18
                0x0000000000000386                __vector_97
                0x0000000000000386                __vector_20
                0x0000000000000386                __vector_42
                0x0000000000000386                __vector_87
                0x0000000000000386                __vector_65
                0x0000000000000386                __vector_38
 .text          0x000000000000038a        0x0 /usr/local/Cellar/avr-gcc/9.3.0/lib/avr-gcc/9/gcc/avr/9.3.0/../../../../../../avr/lib/avrxmega2/libprintf_flt.a(vfprintf_flt.o)
 .text          0x000000000000038a        0x0 /usr/local/Cellar/avr-gcc/9.3.0/lib/avr-gcc/9/gcc/avr/9.3.0/../../../../../../avr/lib/avrxmega2/libscanf_flt.a(vfscanf_flt.o)
 .text          0x000000000000038a        0x0 /usr/local/Cellar/avr-gcc/9.3.0/lib/avr-gcc/9/gcc/avr/9.3.0/../../../../../../avr/lib/avrxmega2/libm.a(floatsisf.o)
 .text          0x000000000000038a        0x0 /usr/local/Cellar/avr-gcc/9.3.0/lib/avr-gcc/9/gcc/avr/9.3.0/../../../../../../avr/lib/avrxmega2/libm.a(mulsf3.o)
 .text          0x000000000000038a        0x0 /usr/local/Cellar/avr-gcc/9.3.0/lib/avr-gcc/9/gcc/avr/9.3.0/../../../../../../avr/lib/avrxmega2/libm.a(mulsf3x.o)
 .text          0x000000000000038a        0x0 /usr/local/Cellar/avr-gcc/9.3.0/lib/avr-gcc/9/gcc/avr/9.3.0/../../../../../../avr/lib/avrxmega2/libm.a(fp_inf.o)
 .text          0x000000000000038a        0x0 /usr/local/Cellar/avr-gcc/9.3.0/lib/avr-gcc/9/gcc/avr/9.3.0/../../../../../../avr/lib/avrxmega2/libm.a(fp_nan.o)
 .text          0x000000000000038a        0x0 /usr/local/Cellar/avr-gcc/9.3.0/lib/avr-gcc/9/gcc/avr/9.3.0/../../../../../../avr/lib/avrxmega2/libm.a(fp_pscA.o)
 .text          0x000000000000038a        0x0 /usr/local/Cellar/avr-gcc/9.3.0/lib/avr-gcc/9/gcc/avr/9.3.0/../../../../../../avr/lib/avrxmega2/libm.a(fp_pscB.o)
 .text          0x000000000000038a        0x0 /usr/local/Cellar/avr-gcc/9.3.0/lib/avr-gcc/9/gcc/avr/9.3.0/../../../../../../avr/lib/avrxmega2/libm.a(fp_round.o)
 .text          0x000000000000038a        0x0 /usr/local/Cellar/avr-gcc/9.3.0/lib/avr-gcc/9/gcc/avr/9.3.0/../../../../../../avr/lib/avrxmega2/libm.a(fp_split3.o)
 .text          0x000000000000038a        0x0 /usr/local/Cellar/avr-gcc/9.3.0/lib/avr-gcc/9/gcc/avr/9.3.0/../../../../../../avr/lib/avrxmega2/libm.a(fp_zero.o)
 .text          0x000000000000038a      0x114 obj/TC_driver.o
                0x000000000000038a                TC0_ConfigClockSource
                0x0000000000000396                TC1_ConfigClockSource
                0x00000000000003a2                TC0_ConfigWGM
                0x00000000000003ae                TC1_ConfigWGM
                0x00000000000003ba                TC0_ConfigInputCapture
                0x00000000000003c8                TC1_ConfigInputCapture
                0x00000000000003d6                TC0_EnableCCChannels
                0x00000000000003e2                TC1_EnableCCChannels
                0x00000000000003ee                TC0_DisableCCChannels
                0x00000000000003fc                TC1_DisableCCChannels
                0x000000000000040a                TC0_SetOverflowIntLevel
                0x0000000000000416                TC1_SetOverflowIntLevel
                0x0000000000000422                TC0_SetErrorIntLevel
                0x000000000000042e                TC1_SetErrorIntLevel
                0x000000000000043a                TC0_SetCCAIntLevel
                0x0000000000000446                TC1_SetCCAIntLevel
                0x0000000000000452                TC0_SetCCBIntLevel
                0x000000000000045e                TC1_SetCCBIntLevel
                0x000000000000046a                TC0_SetCCCIntLevel
                0x0000000000000476                TC0_SetCCDIntLevel
                0x0000000000000482                TC0_Reset
                0x0000000000000490                TC1_Reset
 .text          0x000000000000049e       0x58 obj/clock.o
                0x000000000000049e                clock_init
                0x00000000000004c8                __vector_47
                0x00000000000004ec                get_timer_value
 .text          0x00000000000004f6      0x18e obj/flow_sensor.o
                0x00000000000004f6                get_flow1_value
                0x0000000000000660                __vector_64
 .text          0x0000000000000684      0x180 obj/io.o
                0x0000000000000684                gpio_cfg_out_np
                0x00000000000006a0                gpio_cfg_in_np
                0x00000000000006b4                gpio_cfg_opc_np
                0x00000000000006c4                gpio_cfg_isc_np
                0x00000000000006d4                gpio_cfg_inv_np
                0x00000000000006e4                gpio_set_np
                0x00000000000006f6                gpio_clr_np
                0x0000000000000708                gpio_tgl_np
                0x000000000000071a                gpio_is_set_np
                0x000000000000073c                gpio_cfg_out
                0x0000000000000750                gpio_cfg_in
                0x0000000000000770                gpio_cfg_opc
                0x000000000000078c                gpio_set
                0x00000000000007a6                gpio_clr
                0x00000000000007c0                gpio_tgl
                0x00000000000007da                gpio_is_set
 .text          0x0000000000000804        0x0 obj/main.o
 .text          0x0000000000000804      0x102 obj/uart.o
                0x0000000000000804                initUsart
                0x0000000000000822                UART_sendChar
                0x0000000000000834                UART_sendString
                0x0000000000000856                UART_sendInt
                0x000000000000088c                UART_sendLint
                0x00000000000008c4                __vector_25
                0x00000000000008dc                spew
 .text          0x0000000000000906        0x0 /usr/local/Cellar/avr-gcc/9.3.0/lib/avr-gcc/9/gcc/avr/9.3.0/avrxmega2/libgcc.a(_udivmodhi4.o)
 .text          0x0000000000000906        0x0 /usr/local/Cellar/avr-gcc/9.3.0/lib/avr-gcc/9/gcc/avr/9.3.0/avrxmega2/libgcc.a(_exit.o)
 .text          0x0000000000000906        0x0 /usr/local/Cellar/avr-gcc/9.3.0/lib/avr-gcc/9/gcc/avr/9.3.0/avrxmega2/libgcc.a(_copy_data.o)
 .text          0x0000000000000906        0x0 /usr/local/Cellar/avr-gcc/9.3.0/lib/avr-gcc/9/gcc/avr/9.3.0/avrxmega2/libgcc.a(_clear_bss.o)
 .text          0x0000000000000906        0x0 /usr/local/Cellar/avr-gcc/9.3.0/lib/avr-gcc/9/gcc/avr/9.3.0/avrxmega2/libgcc.a(_prologue.o)
 .text          0x0000000000000906        0x0 /usr/local/Cellar/avr-gcc/9.3.0/lib/avr-gcc/9/gcc/avr/9.3.0/avrxmega2/libgcc.a(_epilogue.o)
 .text          0x0000000000000906        0x0 /usr/local/Cellar/avr-gcc/9.3.0/lib/avr-gcc/9/gcc/avr/9.3.0/../../../../../../avr/lib/avrxmega2/libm.a(divsf3.o)
 .text          0x0000000000000906        0x0 /usr/local/Cellar/avr-gcc/9.3.0/lib/avr-gcc/9/gcc/avr/9.3.0/../../../../../../avr/lib/avrxmega2/libm.a(divsf3x.o)
 .text          0x0000000000000906        0x0 /usr/local/Cellar/avr-gcc/9.3.0/lib/avr-gcc/9/gcc/avr/9.3.0/../../../../../../avr/lib/avrxmega2/libm.a(fixunssfsi.o)
 .text          0x0000000000000906        0x0 /usr/local/Cellar/avr-gcc/9.3.0/lib/avr-gcc/9/gcc/avr/9.3.0/../../../../../../avr/lib/avrxmega2/libc.a(ftoa_engine.o)
 .text          0x0000000000000906        0x0 /usr/local/Cellar/avr-gcc/9.3.0/lib/avr-gcc/9/gcc/avr/9.3.0/../../../../../../avr/lib/avrxmega2/libc.a(isspace.o)
 .text          0x0000000000000906        0x0 /usr/local/Cellar/avr-gcc/9.3.0/lib/avr-gcc/9/gcc/avr/9.3.0/../../../../../../avr/lib/avrxmega2/libc.a(tolower.o)
 .text          0x0000000000000906        0x0 /usr/local/Cellar/avr-gcc/9.3.0/lib/avr-gcc/9/gcc/avr/9.3.0/../../../../../../avr/lib/avrxmega2/libc.a(strchr_P.o)
 .text          0x0000000000000906        0x0 /usr/local/Cellar/avr-gcc/9.3.0/lib/avr-gcc/9/gcc/avr/9.3.0/../../../../../../avr/lib/avrxmega2/libc.a(strnlen_P.o)
 .text          0x0000000000000906        0x0 /usr/local/Cellar/avr-gcc/9.3.0/lib/avr-gcc/9/gcc/avr/9.3.0/../../../../../../avr/lib/avrxmega2/libc.a(strnlen.o)
 .text          0x0000000000000906        0x0 /usr/local/Cellar/avr-gcc/9.3.0/lib/avr-gcc/9/gcc/avr/9.3.0/../../../../../../avr/lib/avrxmega2/libc.a(itoa_ncheck.o)
 .text          0x0000000000000906        0x0 /usr/local/Cellar/avr-gcc/9.3.0/lib/avr-gcc/9/gcc/avr/9.3.0/../../../../../../avr/lib/avrxmega2/libc.a(ltoa_ncheck.o)
 .text          0x0000000000000906        0x0 /usr/local/Cellar/avr-gcc/9.3.0/lib/avr-gcc/9/gcc/avr/9.3.0/../../../../../../avr/lib/avrxmega2/libc.a(ultoa_ncheck.o)
 .text          0x0000000000000906        0x0 /usr/local/Cellar/avr-gcc/9.3.0/lib/avr-gcc/9/gcc/avr/9.3.0/../../../../../../avr/lib/avrxmega2/libc.a(utoa_ncheck.o)
 .text          0x0000000000000906        0x0 /usr/local/Cellar/avr-gcc/9.3.0/lib/avr-gcc/9/gcc/avr/9.3.0/../../../../../../avr/lib/avrxmega2/libc.a(fgetc.o)
 .text          0x0000000000000906        0x0 /usr/local/Cellar/avr-gcc/9.3.0/lib/avr-gcc/9/gcc/avr/9.3.0/../../../../../../avr/lib/avrxmega2/libc.a(fputc.o)
 .text          0x0000000000000906        0x0 /usr/local/Cellar/avr-gcc/9.3.0/lib/avr-gcc/9/gcc/avr/9.3.0/../../../../../../avr/lib/avrxmega2/libc.a(vsprintf.o)
 .text          0x0000000000000906        0x0 /usr/local/Cellar/avr-gcc/9.3.0/lib/avr-gcc/9/gcc/avr/9.3.0/../../../../../../avr/lib/avrxmega2/libc.a(ungetc.o)
 .text          0x0000000000000906        0x0 /usr/local/Cellar/avr-gcc/9.3.0/lib/avr-gcc/9/gcc/avr/9.3.0/../../../../../../avr/lib/avrxmega2/libc.a(ultoa_invert.o)
 .text          0x0000000000000906        0x0 /usr/local/Cellar/avr-gcc/9.3.0/lib/avr-gcc/9/gcc/avr/9.3.0/../../../../../../avr/lib/avrxmega2/libc.a(cty_isfalse.o)
 .text          0x0000000000000906        0x0 /usr/local/Cellar/avr-gcc/9.3.0/lib/avr-gcc/9/gcc/avr/9.3.0/../../../../../../avr/lib/avrxmega2/libc.a(strrev.o)
                0x0000000000000906                . = ALIGN (0x2)
 *(.text.*)
 .text.avr-libc
                0x0000000000000906      0x708 /usr/local/Cellar/avr-gcc/9.3.0/lib/avr-gcc/9/gcc/avr/9.3.0/../../../../../../avr/lib/avrxmega2/libprintf_flt.a(vfprintf_flt.o)
                0x0000000000000906                vfprintf
 .text.avr-libc
                0x000000000000100e      0x878 /usr/local/Cellar/avr-gcc/9.3.0/lib/avr-gcc/9/gcc/avr/9.3.0/../../../../../../avr/lib/avrxmega2/libscanf_flt.a(vfscanf_flt.o)
                0x000000000000161e                vfscanf
 .text.avr-libc.fplib
                0x0000000000001886       0x7a /usr/local/Cellar/avr-gcc/9.3.0/lib/avr-gcc/9/gcc/avr/9.3.0/../../../../../../avr/lib/avrxmega2/libm.a(floatsisf.o)
                0x0000000000001886                __floatunsisf
                0x000000000000188a                __floatsisf
 .text.avr-libc.fplib
                0x0000000000001900        0x8 /usr/local/Cellar/avr-gcc/9.3.0/lib/avr-gcc/9/gcc/avr/9.3.0/../../../../../../avr/lib/avrxmega2/libm.a(mulsf3.o)
                0x0000000000001900                __mulsf3
 .text.avr-libc.fplib
                0x0000000000001908       0xd2 /usr/local/Cellar/avr-gcc/9.3.0/lib/avr-gcc/9/gcc/avr/9.3.0/../../../../../../avr/lib/avrxmega2/libm.a(mulsf3x.o)
                0x0000000000001926                __mulsf3x
                0x000000000000192c                __mulsf3_pse
 .text.avr-libc.fplib
                0x00000000000019da        0xc /usr/local/Cellar/avr-gcc/9.3.0/lib/avr-gcc/9/gcc/avr/9.3.0/../../../../../../avr/lib/avrxmega2/libm.a(fp_inf.o)
                0x00000000000019da                __fp_inf
 .text.avr-libc.fplib
                0x00000000000019e6        0x6 /usr/local/Cellar/avr-gcc/9.3.0/lib/avr-gcc/9/gcc/avr/9.3.0/../../../../../../avr/lib/avrxmega2/libm.a(fp_nan.o)
                0x00000000000019e6                __fp_nan
 .text.avr-libc.fplib
                0x00000000000019ec        0xe /usr/local/Cellar/avr-gcc/9.3.0/lib/avr-gcc/9/gcc/avr/9.3.0/../../../../../../avr/lib/avrxmega2/libm.a(fp_pscA.o)
                0x00000000000019ec                __fp_pscA
 .text.avr-libc.fplib
                0x00000000000019fa        0xe /usr/local/Cellar/avr-gcc/9.3.0/lib/avr-gcc/9/gcc/avr/9.3.0/../../../../../../avr/lib/avrxmega2/libm.a(fp_pscB.o)
                0x00000000000019fa                __fp_pscB
 .text.avr-libc.fplib
                0x0000000000001a08       0x22 /usr/local/Cellar/avr-gcc/9.3.0/lib/avr-gcc/9/gcc/avr/9.3.0/../../../../../../avr/lib/avrxmega2/libm.a(fp_round.o)
                0x0000000000001a08                __fp_round
 .text.avr-libc.fplib
                0x0000000000001a2a       0x44 /usr/local/Cellar/avr-gcc/9.3.0/lib/avr-gcc/9/gcc/avr/9.3.0/../../../../../../avr/lib/avrxmega2/libm.a(fp_split3.o)
                0x0000000000001a2a                __fp_split3
                0x0000000000001a3a                __fp_splitA
 .text.avr-libc.fplib
                0x0000000000001a6e        0xe /usr/local/Cellar/avr-gcc/9.3.0/lib/avr-gcc/9/gcc/avr/9.3.0/../../../../../../avr/lib/avrxmega2/libm.a(fp_zero.o)
                0x0000000000001a6e                __fp_zero
                0x0000000000001a70                __fp_szero
 .text.startup  0x0000000000001a7c      0x106 obj/main.o
                0x0000000000001a7c                main
 .text.libgcc.mul
                0x0000000000001b82        0x0 /usr/local/Cellar/avr-gcc/9.3.0/lib/avr-gcc/9/gcc/avr/9.3.0/avrxmega2/libgcc.a(_udivmodhi4.o)
 .text.libgcc.div
                0x0000000000001b82       0x28 /usr/local/Cellar/avr-gcc/9.3.0/lib/avr-gcc/9/gcc/avr/9.3.0/avrxmega2/libgcc.a(_udivmodhi4.o)
                0x0000000000001b82                __udivmodhi4
 .text.libgcc   0x0000000000001baa        0x0 /usr/local/Cellar/avr-gcc/9.3.0/lib/avr-gcc/9/gcc/avr/9.3.0/avrxmega2/libgcc.a(_udivmodhi4.o)
 .text.libgcc.prologue
                0x0000000000001baa        0x0 /usr/local/Cellar/avr-gcc/9.3.0/lib/avr-gcc/9/gcc/avr/9.3.0/avrxmega2/libgcc.a(_udivmodhi4.o)
 .text.libgcc.builtins
                0x0000000000001baa        0x0 /usr/local/Cellar/avr-gcc/9.3.0/lib/avr-gcc/9/gcc/avr/9.3.0/avrxmega2/libgcc.a(_udivmodhi4.o)
 .text.libgcc.fmul
                0x0000000000001baa        0x0 /usr/local/Cellar/avr-gcc/9.3.0/lib/avr-gcc/9/gcc/avr/9.3.0/avrxmega2/libgcc.a(_udivmodhi4.o)
 .text.libgcc.fixed
                0x0000000000001baa        0x0 /usr/local/Cellar/avr-gcc/9.3.0/lib/avr-gcc/9/gcc/avr/9.3.0/avrxmega2/libgcc.a(_udivmodhi4.o)
 .text.libgcc.mul
                0x0000000000001baa        0x0 /usr/local/Cellar/avr-gcc/9.3.0/lib/avr-gcc/9/gcc/avr/9.3.0/avrxmega2/libgcc.a(_exit.o)
 .text.libgcc.div
                0x0000000000001baa        0x0 /usr/local/Cellar/avr-gcc/9.3.0/lib/avr-gcc/9/gcc/avr/9.3.0/avrxmega2/libgcc.a(_exit.o)
 .text.libgcc   0x0000000000001baa        0x0 /usr/local/Cellar/avr-gcc/9.3.0/lib/avr-gcc/9/gcc/avr/9.3.0/avrxmega2/libgcc.a(_exit.o)
 .text.libgcc.prologue
                0x0000000000001baa        0x0 /usr/local/Cellar/avr-gcc/9.3.0/lib/avr-gcc/9/gcc/avr/9.3.0/avrxmega2/libgcc.a(_exit.o)
 .text.libgcc.builtins
                0x0000000000001baa        0x0 /usr/local/Cellar/avr-gcc/9.3.0/lib/avr-gcc/9/gcc/avr/9.3.0/avrxmega2/libgcc.a(_exit.o)
 .text.libgcc.fmul
                0x0000000000001baa        0x0 /usr/local/Cellar/avr-gcc/9.3.0/lib/avr-gcc/9/gcc/avr/9.3.0/avrxmega2/libgcc.a(_exit.o)
 .text.libgcc.fixed
                0x0000000000001baa        0x0 /usr/local/Cellar/avr-gcc/9.3.0/lib/avr-gcc/9/gcc/avr/9.3.0/avrxmega2/libgcc.a(_exit.o)
 .text.libgcc.mul
                0x0000000000001baa        0x0 /usr/local/Cellar/avr-gcc/9.3.0/lib/avr-gcc/9/gcc/avr/9.3.0/avrxmega2/libgcc.a(_copy_data.o)
 .text.libgcc.div
                0x0000000000001baa        0x0 /usr/local/Cellar/avr-gcc/9.3.0/lib/avr-gcc/9/gcc/avr/9.3.0/avrxmega2/libgcc.a(_copy_data.o)
 .text.libgcc   0x0000000000001baa        0x0 /usr/local/Cellar/avr-gcc/9.3.0/lib/avr-gcc/9/gcc/avr/9.3.0/avrxmega2/libgcc.a(_copy_data.o)
 .text.libgcc.prologue
                0x0000000000001baa        0x0 /usr/local/Cellar/avr-gcc/9.3.0/lib/avr-gcc/9/gcc/avr/9.3.0/avrxmega2/libgcc.a(_copy_data.o)
 .text.libgcc.builtins
                0x0000000000001baa        0x0 /usr/local/Cellar/avr-gcc/9.3.0/lib/avr-gcc/9/gcc/avr/9.3.0/avrxmega2/libgcc.a(_copy_data.o)
 .text.libgcc.fmul
                0x0000000000001baa        0x0 /usr/local/Cellar/avr-gcc/9.3.0/lib/avr-gcc/9/gcc/avr/9.3.0/avrxmega2/libgcc.a(_copy_data.o)
 .text.libgcc.fixed
                0x0000000000001baa        0x0 /usr/local/Cellar/avr-gcc/9.3.0/lib/avr-gcc/9/gcc/avr/9.3.0/avrxmega2/libgcc.a(_copy_data.o)
 .text.libgcc.mul
                0x0000000000001baa        0x0 /usr/local/Cellar/avr-gcc/9.3.0/lib/avr-gcc/9/gcc/avr/9.3.0/avrxmega2/libgcc.a(_clear_bss.o)
 .text.libgcc.div
                0x0000000000001baa        0x0 /usr/local/Cellar/avr-gcc/9.3.0/lib/avr-gcc/9/gcc/avr/9.3.0/avrxmega2/libgcc.a(_clear_bss.o)
 .text.libgcc   0x0000000000001baa        0x0 /usr/local/Cellar/avr-gcc/9.3.0/lib/avr-gcc/9/gcc/avr/9.3.0/avrxmega2/libgcc.a(_clear_bss.o)
 .text.libgcc.prologue
                0x0000000000001baa        0x0 /usr/local/Cellar/avr-gcc/9.3.0/lib/avr-gcc/9/gcc/avr/9.3.0/avrxmega2/libgcc.a(_clear_bss.o)
 .text.libgcc.builtins
                0x0000000000001baa        0x0 /usr/local/Cellar/avr-gcc/9.3.0/lib/avr-gcc/9/gcc/avr/9.3.0/avrxmega2/libgcc.a(_clear_bss.o)
 .text.libgcc.fmul
                0x0000000000001baa        0x0 /usr/local/Cellar/avr-gcc/9.3.0/lib/avr-gcc/9/gcc/avr/9.3.0/avrxmega2/libgcc.a(_clear_bss.o)
 .text.libgcc.fixed
                0x0000000000001baa        0x0 /usr/local/Cellar/avr-gcc/9.3.0/lib/avr-gcc/9/gcc/avr/9.3.0/avrxmega2/libgcc.a(_clear_bss.o)
 .text.libgcc.mul
                0x0000000000001baa        0x0 /usr/local/Cellar/avr-gcc/9.3.0/lib/avr-gcc/9/gcc/avr/9.3.0/avrxmega2/libgcc.a(_prologue.o)
 .text.libgcc.div
                0x0000000000001baa        0x0 /usr/local/Cellar/avr-gcc/9.3.0/lib/avr-gcc/9/gcc/avr/9.3.0/avrxmega2/libgcc.a(_prologue.o)
 .text.libgcc   0x0000000000001baa        0x0 /usr/local/Cellar/avr-gcc/9.3.0/lib/avr-gcc/9/gcc/avr/9.3.0/avrxmega2/libgcc.a(_prologue.o)
 .text.libgcc.prologue
                0x0000000000001baa       0x32 /usr/local/Cellar/avr-gcc/9.3.0/lib/avr-gcc/9/gcc/avr/9.3.0/avrxmega2/libgcc.a(_prologue.o)
                0x0000000000001baa                __prologue_saves__
 .text.libgcc.builtins
                0x0000000000001bdc        0x0 /usr/local/Cellar/avr-gcc/9.3.0/lib/avr-gcc/9/gcc/avr/9.3.0/avrxmega2/libgcc.a(_prologue.o)
 .text.libgcc.fmul
                0x0000000000001bdc        0x0 /usr/local/Cellar/avr-gcc/9.3.0/lib/avr-gcc/9/gcc/avr/9.3.0/avrxmega2/libgcc.a(_prologue.o)
 .text.libgcc.fixed
                0x0000000000001bdc        0x0 /usr/local/Cellar/avr-gcc/9.3.0/lib/avr-gcc/9/gcc/avr/9.3.0/avrxmega2/libgcc.a(_prologue.o)
 .text.libgcc.mul
                0x0000000000001bdc        0x0 /usr/local/Cellar/avr-gcc/9.3.0/lib/avr-gcc/9/gcc/avr/9.3.0/avrxmega2/libgcc.a(_epilogue.o)
 .text.libgcc.div
                0x0000000000001bdc        0x0 /usr/local/Cellar/avr-gcc/9.3.0/lib/avr-gcc/9/gcc/avr/9.3.0/avrxmega2/libgcc.a(_epilogue.o)
 .text.libgcc   0x0000000000001bdc        0x0 /usr/local/Cellar/avr-gcc/9.3.0/lib/avr-gcc/9/gcc/avr/9.3.0/avrxmega2/libgcc.a(_epilogue.o)
 .text.libgcc.prologue
                0x0000000000001bdc       0x30 /usr/local/Cellar/avr-gcc/9.3.0/lib/avr-gcc/9/gcc/avr/9.3.0/avrxmega2/libgcc.a(_epilogue.o)
                0x0000000000001bdc                __epilogue_restores__
 .text.libgcc.builtins
                0x0000000000001c0c        0x0 /usr/local/Cellar/avr-gcc/9.3.0/lib/avr-gcc/9/gcc/avr/9.3.0/avrxmega2/libgcc.a(_epilogue.o)
 .text.libgcc.fmul
                0x0000000000001c0c        0x0 /usr/local/Cellar/avr-gcc/9.3.0/lib/avr-gcc/9/gcc/avr/9.3.0/avrxmega2/libgcc.a(_epilogue.o)
 .text.libgcc.fixed
                0x0000000000001c0c        0x0 /usr/local/Cellar/avr-gcc/9.3.0/lib/avr-gcc/9/gcc/avr/9.3.0/avrxmega2/libgcc.a(_epilogue.o)
 .text.avr-libc.fplib
                0x0000000000001c0c        0x8 /usr/local/Cellar/avr-gcc/9.3.0/lib/avr-gcc/9/gcc/avr/9.3.0/../../../../../../avr/lib/avrxmega2/libm.a(divsf3.o)
                0x0000000000001c0c                __divsf3
 .text.avr-libc.fplib
                0x0000000000001c14       0xdc /usr/local/Cellar/avr-gcc/9.3.0/lib/avr-gcc/9/gcc/avr/9.3.0/../../../../../../avr/lib/avrxmega2/libm.a(divsf3x.o)
                0x0000000000001c34                __divsf3x
                0x0000000000001c3a                __divsf3_pse
 .text.avr-libc.fplib
                0x0000000000001cf0       0x5e /usr/local/Cellar/avr-gcc/9.3.0/lib/avr-gcc/9/gcc/avr/9.3.0/../../../../../../avr/lib/avrxmega2/libm.a(fixunssfsi.o)
                0x0000000000001cf0                __fixunssfsi
 .text.avr-libc
                0x0000000000001d4e      0x1b0 /usr/local/Cellar/avr-gcc/9.3.0/lib/avr-gcc/9/gcc/avr/9.3.0/../../../../../../avr/lib/avrxmega2/libc.a(ftoa_engine.o)
                0x0000000000001d4e                __ftoa_engine
 .text.avr-libc
                0x0000000000001efe       0x12 /usr/local/Cellar/avr-gcc/9.3.0/lib/avr-gcc/9/gcc/avr/9.3.0/../../../../../../avr/lib/avrxmega2/libc.a(isspace.o)
                0x0000000000001efe                isspace
 .text.avr-libc
                0x0000000000001f10       0x10 /usr/local/Cellar/avr-gcc/9.3.0/lib/avr-gcc/9/gcc/avr/9.3.0/../../../../../../avr/lib/avrxmega2/libc.a(tolower.o)
                0x0000000000001f10                tolower
 .text.avr-libc
                0x0000000000001f20       0x16 /usr/local/Cellar/avr-gcc/9.3.0/lib/avr-gcc/9/gcc/avr/9.3.0/../../../../../../avr/lib/avrxmega2/libc.a(strchr_P.o)
                0x0000000000001f20                strchr_P
 .text.avr-libc
                0x0000000000001f36       0x16 /usr/local/Cellar/avr-gcc/9.3.0/lib/avr-gcc/9/gcc/avr/9.3.0/../../../../../../avr/lib/avrxmega2/libc.a(strnlen_P.o)
                0x0000000000001f36                strnlen_P
 .text.avr-libc
                0x0000000000001f4c       0x16 /usr/local/Cellar/avr-gcc/9.3.0/lib/avr-gcc/9/gcc/avr/9.3.0/../../../../../../avr/lib/avrxmega2/libc.a(strnlen.o)
                0x0000000000001f4c                strnlen
 .text.avr-libc
                0x0000000000001f62       0x16 /usr/local/Cellar/avr-gcc/9.3.0/lib/avr-gcc/9/gcc/avr/9.3.0/../../../../../../avr/lib/avrxmega2/libc.a(itoa_ncheck.o)
                0x0000000000001f62                __itoa_ncheck
 .text.avr-libc
                0x0000000000001f78       0x1e /usr/local/Cellar/avr-gcc/9.3.0/lib/avr-gcc/9/gcc/avr/9.3.0/../../../../../../avr/lib/avrxmega2/libc.a(ltoa_ncheck.o)
                0x0000000000001f78                __ltoa_ncheck
 .text.avr-libc
                0x0000000000001f96       0x44 /usr/local/Cellar/avr-gcc/9.3.0/lib/avr-gcc/9/gcc/avr/9.3.0/../../../../../../avr/lib/avrxmega2/libc.a(ultoa_ncheck.o)
                0x0000000000001f96                __ultoa_ncheck
                0x0000000000001f98                __ultoa_common
 .text.avr-libc
                0x0000000000001fda       0x34 /usr/local/Cellar/avr-gcc/9.3.0/lib/avr-gcc/9/gcc/avr/9.3.0/../../../../../../avr/lib/avrxmega2/libc.a(utoa_ncheck.o)
                0x0000000000001fda                __utoa_ncheck
                0x0000000000001fdc                __utoa_common
 .text.avr-libc
                0x000000000000200e       0x7c /usr/local/Cellar/avr-gcc/9.3.0/lib/avr-gcc/9/gcc/avr/9.3.0/../../../../../../avr/lib/avrxmega2/libc.a(fgetc.o)
                0x000000000000200e                fgetc
 .text.avr-libc
                0x000000000000208a       0x60 /usr/local/Cellar/avr-gcc/9.3.0/lib/avr-gcc/9/gcc/avr/9.3.0/../../../../../../avr/lib/avrxmega2/libc.a(fputc.o)
                0x000000000000208a                fputc
 .text.avr-libc
                0x00000000000020ea       0x3a /usr/local/Cellar/avr-gcc/9.3.0/lib/avr-gcc/9/gcc/avr/9.3.0/../../../../../../avr/lib/avrxmega2/libc.a(vsprintf.o)
                0x00000000000020ea                vsprintf
 .text.avr-libc
                0x0000000000002124       0x30 /usr/local/Cellar/avr-gcc/9.3.0/lib/avr-gcc/9/gcc/avr/9.3.0/../../../../../../avr/lib/avrxmega2/libc.a(ungetc.o)
                0x0000000000002124                ungetc
 .text.avr-libc
                0x0000000000002154       0xbc /usr/local/Cellar/avr-gcc/9.3.0/lib/avr-gcc/9/gcc/avr/9.3.0/../../../../../../avr/lib/avrxmega2/libc.a(ultoa_invert.o)
                0x0000000000002154                __ultoa_invert
 .text.avr-libc
                0x0000000000002210        0x6 /usr/local/Cellar/avr-gcc/9.3.0/lib/avr-gcc/9/gcc/avr/9.3.0/../../../../../../avr/lib/avrxmega2/libc.a(cty_isfalse.o)
                0x0000000000002210                __ctype_isfalse
                0x0000000000002214                __ctype_istrue
 .text.avr-libc
                0x0000000000002216       0x20 /usr/local/Cellar/avr-gcc/9.3.0/lib/avr-gcc/9/gcc/avr/9.3.0/../../../../../../avr/lib/avrxmega2/libc.a(strrev.o)
                0x0000000000002216                strrev
                0x0000000000002236                . = ALIGN (0x2)
 *(.fini9)
 .fini9         0x0000000000002236        0x0 /usr/local/Cellar/avr-gcc/9.3.0/lib/avr-gcc/9/gcc/avr/9.3.0/avrxmega2/libgcc.a(_exit.o)
                0x0000000000002236                exit
                0x0000000000002236                _exit
 *(.fini9)
 *(.fini8)
 *(.fini8)
 *(.fini7)
 *(.fini7)
 *(.fini6)
 *(.fini6)
 *(.fini5)
 *(.fini5)
 *(.fini4)
 *(.fini4)
 *(.fini3)
 *(.fini3)
 *(.fini2)
 *(.fini2)
 *(.fini1)
 *(.fini1)
 *(.fini0)
 .fini0         0x0000000000002236        0x4 /usr/local/Cellar/avr-gcc/9.3.0/lib/avr-gcc/9/gcc/avr/9.3.0/avrxmega2/libgcc.a(_exit.o)
 *(.fini0)
 *(.hightext)
 *(.hightext*)
 *(.progmemx.*)
                0x000000000000223a                . = ALIGN (0x2)
 *(.jumptables)
 *(.jumptables*)
                0x000000000000223a                _etext = .

.data           0x0000000000802000       0x40 load address 0x000000000000223a
                0x0000000000802000                PROVIDE (__data_start = .)
 *(.data)
 .data          0x0000000000802000        0x0 /usr/local/Cellar/avr-gcc/9.3.0/lib/avr-gcc/9/gcc/avr/9.3.0/../../../../../../avr/lib/avrxmega2/crtatxmega32a4u.o
 .data          0x0000000000802000        0x0 /usr/local/Cellar/avr-gcc/9.3.0/lib/avr-gcc/9/gcc/avr/9.3.0/../../../../../../avr/lib/avrxmega2/libprintf_flt.a(vfprintf_flt.o)
 .data          0x0000000000802000        0x0 /usr/local/Cellar/avr-gcc/9.3.0/lib/avr-gcc/9/gcc/avr/9.3.0/../../../../../../avr/lib/avrxmega2/libscanf_flt.a(vfscanf_flt.o)
 .data          0x0000000000802000        0x0 /usr/local/Cellar/avr-gcc/9.3.0/lib/avr-gcc/9/gcc/avr/9.3.0/../../../../../../avr/lib/avrxmega2/libm.a(floatsisf.o)
 .data          0x0000000000802000        0x0 /usr/local/Cellar/avr-gcc/9.3.0/lib/avr-gcc/9/gcc/avr/9.3.0/../../../../../../avr/lib/avrxmega2/libm.a(mulsf3.o)
 .data          0x0000000000802000        0x0 /usr/local/Cellar/avr-gcc/9.3.0/lib/avr-gcc/9/gcc/avr/9.3.0/../../../../../../avr/lib/avrxmega2/libm.a(mulsf3x.o)
 .data          0x0000000000802000        0x0 /usr/local/Cellar/avr-gcc/9.3.0/lib/avr-gcc/9/gcc/avr/9.3.0/../../../../../../avr/lib/avrxmega2/libm.a(fp_inf.o)
 .data          0x0000000000802000        0x0 /usr/local/Cellar/avr-gcc/9.3.0/lib/avr-gcc/9/gcc/avr/9.3.0/../../../../../../avr/lib/avrxmega2/libm.a(fp_nan.o)
 .data          0x0000000000802000        0x0 /usr/local/Cellar/avr-gcc/9.3.0/lib/avr-gcc/9/gcc/avr/9.3.0/../../../../../../avr/lib/avrxmega2/libm.a(fp_pscA.o)
 .data          0x0000000000802000        0x0 /usr/local/Cellar/avr-gcc/9.3.0/lib/avr-gcc/9/gcc/avr/9.3.0/../../../../../../avr/lib/avrxmega2/libm.a(fp_pscB.o)
 .data          0x0000000000802000        0x0 /usr/local/Cellar/avr-gcc/9.3.0/lib/avr-gcc/9/gcc/avr/9.3.0/../../../../../../avr/lib/avrxmega2/libm.a(fp_round.o)
 .data          0x0000000000802000        0x0 /usr/local/Cellar/avr-gcc/9.3.0/lib/avr-gcc/9/gcc/avr/9.3.0/../../../../../../avr/lib/avrxmega2/libm.a(fp_split3.o)
 .data          0x0000000000802000        0x0 /usr/local/Cellar/avr-gcc/9.3.0/lib/avr-gcc/9/gcc/avr/9.3.0/../../../../../../avr/lib/avrxmega2/libm.a(fp_zero.o)
 .data          0x0000000000802000        0x0 obj/TC_driver.o
 .data          0x0000000000802000        0x0 obj/clock.o
 .data          0x0000000000802000        0x2 obj/flow_sensor.o
                0x0000000000802000                switch1
 .data          0x0000000000802002        0x0 obj/io.o
 .data          0x0000000000802002        0x0 obj/main.o
 .data          0x0000000000802002        0x2 obj/uart.o
                0x0000000000802002                text_emerg
 .data          0x0000000000802004        0x0 /usr/local/Cellar/avr-gcc/9.3.0/lib/avr-gcc/9/gcc/avr/9.3.0/avrxmega2/libgcc.a(_udivmodhi4.o)
 .data          0x0000000000802004        0x0 /usr/local/Cellar/avr-gcc/9.3.0/lib/avr-gcc/9/gcc/avr/9.3.0/avrxmega2/libgcc.a(_exit.o)
 .data          0x0000000000802004        0x0 /usr/local/Cellar/avr-gcc/9.3.0/lib/avr-gcc/9/gcc/avr/9.3.0/avrxmega2/libgcc.a(_copy_data.o)
 .data          0x0000000000802004        0x0 /usr/local/Cellar/avr-gcc/9.3.0/lib/avr-gcc/9/gcc/avr/9.3.0/avrxmega2/libgcc.a(_clear_bss.o)
 .data          0x0000000000802004        0x0 /usr/local/Cellar/avr-gcc/9.3.0/lib/avr-gcc/9/gcc/avr/9.3.0/avrxmega2/libgcc.a(_prologue.o)
 .data          0x0000000000802004        0x0 /usr/local/Cellar/avr-gcc/9.3.0/lib/avr-gcc/9/gcc/avr/9.3.0/avrxmega2/libgcc.a(_epilogue.o)
 .data          0x0000000000802004        0x0 /usr/local/Cellar/avr-gcc/9.3.0/lib/avr-gcc/9/gcc/avr/9.3.0/../../../../../../avr/lib/avrxmega2/libm.a(divsf3.o)
 .data          0x0000000000802004        0x0 /usr/local/Cellar/avr-gcc/9.3.0/lib/avr-gcc/9/gcc/avr/9.3.0/../../../../../../avr/lib/avrxmega2/libm.a(divsf3x.o)
 .data          0x0000000000802004        0x0 /usr/local/Cellar/avr-gcc/9.3.0/lib/avr-gcc/9/gcc/avr/9.3.0/../../../../../../avr/lib/avrxmega2/libm.a(fixunssfsi.o)
 .data          0x0000000000802004        0x0 /usr/local/Cellar/avr-gcc/9.3.0/lib/avr-gcc/9/gcc/avr/9.3.0/../../../../../../avr/lib/avrxmega2/libc.a(ftoa_engine.o)
 .data          0x0000000000802004        0x0 /usr/local/Cellar/avr-gcc/9.3.0/lib/avr-gcc/9/gcc/avr/9.3.0/../../../../../../avr/lib/avrxmega2/libc.a(isspace.o)
 .data          0x0000000000802004        0x0 /usr/local/Cellar/avr-gcc/9.3.0/lib/avr-gcc/9/gcc/avr/9.3.0/../../../../../../avr/lib/avrxmega2/libc.a(tolower.o)
 .data          0x0000000000802004        0x0 /usr/local/Cellar/avr-gcc/9.3.0/lib/avr-gcc/9/gcc/avr/9.3.0/../../../../../../avr/lib/avrxmega2/libc.a(strchr_P.o)
 .data          0x0000000000802004        0x0 /usr/local/Cellar/avr-gcc/9.3.0/lib/avr-gcc/9/gcc/avr/9.3.0/../../../../../../avr/lib/avrxmega2/libc.a(strnlen_P.o)
 .data          0x0000000000802004        0x0 /usr/local/Cellar/avr-gcc/9.3.0/lib/avr-gcc/9/gcc/avr/9.3.0/../../../../../../avr/lib/avrxmega2/libc.a(strnlen.o)
 .data          0x0000000000802004        0x0 /usr/local/Cellar/avr-gcc/9.3.0/lib/avr-gcc/9/gcc/avr/9.3.0/../../../../../../avr/lib/avrxmega2/libc.a(itoa_ncheck.o)
 .data          0x0000000000802004        0x0 /usr/local/Cellar/avr-gcc/9.3.0/lib/avr-gcc/9/gcc/avr/9.3.0/../../../../../../avr/lib/avrxmega2/libc.a(ltoa_ncheck.o)
 .data          0x0000000000802004        0x0 /usr/local/Cellar/avr-gcc/9.3.0/lib/avr-gcc/9/gcc/avr/9.3.0/../../../../../../avr/lib/avrxmega2/libc.a(ultoa_ncheck.o)
 .data          0x0000000000802004        0x0 /usr/local/Cellar/avr-gcc/9.3.0/lib/avr-gcc/9/gcc/avr/9.3.0/../../../../../../avr/lib/avrxmega2/libc.a(utoa_ncheck.o)
 .data          0x0000000000802004        0x0 /usr/local/Cellar/avr-gcc/9.3.0/lib/avr-gcc/9/gcc/avr/9.3.0/../../../../../../avr/lib/avrxmega2/libc.a(fgetc.o)
 .data          0x0000000000802004        0x0 /usr/local/Cellar/avr-gcc/9.3.0/lib/avr-gcc/9/gcc/avr/9.3.0/../../../../../../avr/lib/avrxmega2/libc.a(fputc.o)
 .data          0x0000000000802004        0x0 /usr/local/Cellar/avr-gcc/9.3.0/lib/avr-gcc/9/gcc/avr/9.3.0/../../../../../../avr/lib/avrxmega2/libc.a(vsprintf.o)
 .data          0x0000000000802004        0x0 /usr/local/Cellar/avr-gcc/9.3.0/lib/avr-gcc/9/gcc/avr/9.3.0/../../../../../../avr/lib/avrxmega2/libc.a(ungetc.o)
 .data          0x0000000000802004        0x0 /usr/local/Cellar/avr-gcc/9.3.0/lib/avr-gcc/9/gcc/avr/9.3.0/../../../../../../avr/lib/avrxmega2/libc.a(ultoa_invert.o)
 .data          0x0000000000802004        0x0 /usr/local/Cellar/avr-gcc/9.3.0/lib/avr-gcc/9/gcc/avr/9.3.0/../../../../../../avr/lib/avrxmega2/libc.a(cty_isfalse.o)
 .data          0x0000000000802004        0x0 /usr/local/Cellar/avr-gcc/9.3.0/lib/avr-gcc/9/gcc/avr/9.3.0/../../../../../../avr/lib/avrxmega2/libc.a(strrev.o)
 *(.data*)
 *(.gnu.linkonce.d*)
 *(.rodata)
 *(.rodata*)
 .rodata.str1.1
                0x0000000000802004       0x2f obj/flow_sensor.o
 .rodata.str1.1
                0x0000000000802033        0x7 obj/main.o
 .rodata.str1.1
                0x000000000080203a        0x6 obj/uart.o
 *(.gnu.linkonce.r*)
                0x0000000000802040                . = ALIGN (0x2)
                0x0000000000802040                _edata = .
                0x0000000000802040                PROVIDE (__data_end = .)

.bss            0x0000000000802040      0x116
                0x0000000000802040                PROVIDE (__bss_start = .)
 *(.bss)
 .bss           0x0000000000802040        0x0 /usr/local/Cellar/avr-gcc/9.3.0/lib/avr-gcc/9/gcc/avr/9.3.0/../../../../../../avr/lib/avrxmega2/crtatxmega32a4u.o
 .bss           0x0000000000802040        0x0 /usr/local/Cellar/avr-gcc/9.3.0/lib/avr-gcc/9/gcc/avr/9.3.0/../../../../../../avr/lib/avrxmega2/libprintf_flt.a(vfprintf_flt.o)
 .bss           0x0000000000802040        0x0 /usr/local/Cellar/avr-gcc/9.3.0/lib/avr-gcc/9/gcc/avr/9.3.0/../../../../../../avr/lib/avrxmega2/libscanf_flt.a(vfscanf_flt.o)
 .bss           0x0000000000802040        0x0 /usr/local/Cellar/avr-gcc/9.3.0/lib/avr-gcc/9/gcc/avr/9.3.0/../../../../../../avr/lib/avrxmega2/libm.a(floatsisf.o)
 .bss           0x0000000000802040        0x0 /usr/local/Cellar/avr-gcc/9.3.0/lib/avr-gcc/9/gcc/avr/9.3.0/../../../../../../avr/lib/avrxmega2/libm.a(mulsf3.o)
 .bss           0x0000000000802040        0x0 /usr/local/Cellar/avr-gcc/9.3.0/lib/avr-gcc/9/gcc/avr/9.3.0/../../../../../../avr/lib/avrxmega2/libm.a(mulsf3x.o)
 .bss           0x0000000000802040        0x0 /usr/local/Cellar/avr-gcc/9.3.0/lib/avr-gcc/9/gcc/avr/9.3.0/../../../../../../avr/lib/avrxmega2/libm.a(fp_inf.o)
 .bss           0x0000000000802040        0x0 /usr/local/Cellar/avr-gcc/9.3.0/lib/avr-gcc/9/gcc/avr/9.3.0/../../../../../../avr/lib/avrxmega2/libm.a(fp_nan.o)
 .bss           0x0000000000802040        0x0 /usr/local/Cellar/avr-gcc/9.3.0/lib/avr-gcc/9/gcc/avr/9.3.0/../../../../../../avr/lib/avrxmega2/libm.a(fp_pscA.o)
 .bss           0x0000000000802040        0x0 /usr/local/Cellar/avr-gcc/9.3.0/lib/avr-gcc/9/gcc/avr/9.3.0/../../../../../../avr/lib/avrxmega2/libm.a(fp_pscB.o)
 .bss           0x0000000000802040        0x0 /usr/local/Cellar/avr-gcc/9.3.0/lib/avr-gcc/9/gcc/avr/9.3.0/../../../../../../avr/lib/avrxmega2/libm.a(fp_round.o)
 .bss           0x0000000000802040        0x0 /usr/local/Cellar/avr-gcc/9.3.0/lib/avr-gcc/9/gcc/avr/9.3.0/../../../../../../avr/lib/avrxmega2/libm.a(fp_split3.o)
 .bss           0x0000000000802040        0x0 /usr/local/Cellar/avr-gcc/9.3.0/lib/avr-gcc/9/gcc/avr/9.3.0/../../../../../../avr/lib/avrxmega2/libm.a(fp_zero.o)
 .bss           0x0000000000802040        0x0 obj/TC_driver.o
 .bss           0x0000000000802040        0x2 obj/clock.o
                0x0000000000802040                T0_millis
 .bss           0x0000000000802042        0xc obj/flow_sensor.o
                0x0000000000802042                end_stop1
                0x0000000000802044                qtyWater1
                0x0000000000802046                flow1Ticks
                0x0000000000802048                flow1ml
                0x000000000080204a                flowTimer
                0x000000000080204c                flow1
 .bss           0x000000000080204e        0x0 obj/io.o
 .bss           0x000000000080204e        0x4 obj/main.o
                0x000000000080204e                time
 .bss           0x0000000000802052        0x2 obj/uart.o
                0x0000000000802052                cnt_reset_stop_emerg
 .bss           0x0000000000802054        0x0 /usr/local/Cellar/avr-gcc/9.3.0/lib/avr-gcc/9/gcc/avr/9.3.0/avrxmega2/libgcc.a(_udivmodhi4.o)
 .bss           0x0000000000802054        0x0 /usr/local/Cellar/avr-gcc/9.3.0/lib/avr-gcc/9/gcc/avr/9.3.0/avrxmega2/libgcc.a(_exit.o)
 .bss           0x0000000000802054        0x0 /usr/local/Cellar/avr-gcc/9.3.0/lib/avr-gcc/9/gcc/avr/9.3.0/avrxmega2/libgcc.a(_copy_data.o)
 .bss           0x0000000000802054        0x0 /usr/local/Cellar/avr-gcc/9.3.0/lib/avr-gcc/9/gcc/avr/9.3.0/avrxmega2/libgcc.a(_clear_bss.o)
 .bss           0x0000000000802054        0x0 /usr/local/Cellar/avr-gcc/9.3.0/lib/avr-gcc/9/gcc/avr/9.3.0/avrxmega2/libgcc.a(_prologue.o)
 .bss           0x0000000000802054        0x0 /usr/local/Cellar/avr-gcc/9.3.0/lib/avr-gcc/9/gcc/avr/9.3.0/avrxmega2/libgcc.a(_epilogue.o)
 .bss           0x0000000000802054        0x0 /usr/local/Cellar/avr-gcc/9.3.0/lib/avr-gcc/9/gcc/avr/9.3.0/../../../../../../avr/lib/avrxmega2/libm.a(divsf3.o)
 .bss           0x0000000000802054        0x0 /usr/local/Cellar/avr-gcc/9.3.0/lib/avr-gcc/9/gcc/avr/9.3.0/../../../../../../avr/lib/avrxmega2/libm.a(divsf3x.o)
 .bss           0x0000000000802054        0x0 /usr/local/Cellar/avr-gcc/9.3.0/lib/avr-gcc/9/gcc/avr/9.3.0/../../../../../../avr/lib/avrxmega2/libm.a(fixunssfsi.o)
 .bss           0x0000000000802054        0x0 /usr/local/Cellar/avr-gcc/9.3.0/lib/avr-gcc/9/gcc/avr/9.3.0/../../../../../../avr/lib/avrxmega2/libc.a(ftoa_engine.o)
 .bss           0x0000000000802054        0x0 /usr/local/Cellar/avr-gcc/9.3.0/lib/avr-gcc/9/gcc/avr/9.3.0/../../../../../../avr/lib/avrxmega2/libc.a(isspace.o)
 .bss           0x0000000000802054        0x0 /usr/local/Cellar/avr-gcc/9.3.0/lib/avr-gcc/9/gcc/avr/9.3.0/../../../../../../avr/lib/avrxmega2/libc.a(tolower.o)
 .bss           0x0000000000802054        0x0 /usr/local/Cellar/avr-gcc/9.3.0/lib/avr-gcc/9/gcc/avr/9.3.0/../../../../../../avr/lib/avrxmega2/libc.a(strchr_P.o)
 .bss           0x0000000000802054        0x0 /usr/local/Cellar/avr-gcc/9.3.0/lib/avr-gcc/9/gcc/avr/9.3.0/../../../../../../avr/lib/avrxmega2/libc.a(strnlen_P.o)
 .bss           0x0000000000802054        0x0 /usr/local/Cellar/avr-gcc/9.3.0/lib/avr-gcc/9/gcc/avr/9.3.0/../../../../../../avr/lib/avrxmega2/libc.a(strnlen.o)
 .bss           0x0000000000802054        0x0 /usr/local/Cellar/avr-gcc/9.3.0/lib/avr-gcc/9/gcc/avr/9.3.0/../../../../../../avr/lib/avrxmega2/libc.a(itoa_ncheck.o)
 .bss           0x0000000000802054        0x0 /usr/local/Cellar/avr-gcc/9.3.0/lib/avr-gcc/9/gcc/avr/9.3.0/../../../../../../avr/lib/avrxmega2/libc.a(ltoa_ncheck.o)
 .bss           0x0000000000802054        0x0 /usr/local/Cellar/avr-gcc/9.3.0/lib/avr-gcc/9/gcc/avr/9.3.0/../../../../../../avr/lib/avrxmega2/libc.a(ultoa_ncheck.o)
 .bss           0x0000000000802054        0x0 /usr/local/Cellar/avr-gcc/9.3.0/lib/avr-gcc/9/gcc/avr/9.3.0/../../../../../../avr/lib/avrxmega2/libc.a(utoa_ncheck.o)
 .bss           0x0000000000802054        0x0 /usr/local/Cellar/avr-gcc/9.3.0/lib/avr-gcc/9/gcc/avr/9.3.0/../../../../../../avr/lib/avrxmega2/libc.a(fgetc.o)
 .bss           0x0000000000802054        0x0 /usr/local/Cellar/avr-gcc/9.3.0/lib/avr-gcc/9/gcc/avr/9.3.0/../../../../../../avr/lib/avrxmega2/libc.a(fputc.o)
 .bss           0x0000000000802054        0x0 /usr/local/Cellar/avr-gcc/9.3.0/lib/avr-gcc/9/gcc/avr/9.3.0/../../../../../../avr/lib/avrxmega2/libc.a(vsprintf.o)
 .bss           0x0000000000802054        0x0 /usr/local/Cellar/avr-gcc/9.3.0/lib/avr-gcc/9/gcc/avr/9.3.0/../../../../../../avr/lib/avrxmega2/libc.a(ungetc.o)
 .bss           0x0000000000802054        0x0 /usr/local/Cellar/avr-gcc/9.3.0/lib/avr-gcc/9/gcc/avr/9.3.0/../../../../../../avr/lib/avrxmega2/libc.a(ultoa_invert.o)
 .bss           0x0000000000802054        0x0 /usr/local/Cellar/avr-gcc/9.3.0/lib/avr-gcc/9/gcc/avr/9.3.0/../../../../../../avr/lib/avrxmega2/libc.a(cty_isfalse.o)
 .bss           0x0000000000802054        0x0 /usr/local/Cellar/avr-gcc/9.3.0/lib/avr-gcc/9/gcc/avr/9.3.0/../../../../../../avr/lib/avrxmega2/libc.a(strrev.o)
 *(.bss*)
 *(COMMON)
 COMMON         0x0000000000802054        0x2 obj/flow_sensor.o
                0x0000000000802054                last_switch1
 COMMON         0x0000000000802056      0x100 obj/uart.o
                0x0000000000802056                debug_bfr
                0x0000000000802156                PROVIDE (__bss_end = .)
                0x000000000000223a                __data_load_start = LOADADDR (.data)
                0x000000000000227a                __data_load_end = (__data_load_start + SIZEOF (.data))

.noinit         0x0000000000802156        0x0
                [!provide]                        PROVIDE (__noinit_start = .)
 *(.noinit*)
                [!provide]                        PROVIDE (__noinit_end = .)
                0x0000000000802156                _end = .
                [!provide]                        PROVIDE (__heap_start = .)

.eeprom         0x0000000000810000        0x0
 *(.eeprom*)
                0x0000000000810000                __eeprom_end = .

.fuse
 *(.fuse)
 *(.lfuse)
 *(.hfuse)
 *(.efuse)

.lock
 *(.lock*)

.signature
 *(.signature*)

.stab
 *(.stab)

.stabstr
 *(.stabstr)

.stab.excl
 *(.stab.excl)

.stab.exclstr
 *(.stab.exclstr)

.stab.index
 *(.stab.index)

.stab.indexstr
 *(.stab.indexstr)

.comment        0x0000000000000000       0x24
 *(.comment)
 .comment       0x0000000000000000       0x24 /usr/local/Cellar/avr-gcc/9.3.0/lib/avr-gcc/9/gcc/avr/9.3.0/../../../../../../avr/lib/avrxmega2/libprintf_flt.a(vfprintf_flt.o)
                                         0x25 (size before relaxing)
 .comment       0x0000000000000024       0x25 /usr/local/Cellar/avr-gcc/9.3.0/lib/avr-gcc/9/gcc/avr/9.3.0/../../../../../../avr/lib/avrxmega2/libscanf_flt.a(vfscanf_flt.o)
 .comment       0x0000000000000024       0x25 obj/TC_driver.o
 .comment       0x0000000000000024       0x25 obj/clock.o
 .comment       0x0000000000000024       0x25 obj/flow_sensor.o
 .comment       0x0000000000000024       0x25 obj/io.o
 .comment       0x0000000000000024       0x25 obj/main.o
 .comment       0x0000000000000024       0x25 obj/uart.o
 .comment       0x0000000000000024       0x25 /usr/local/Cellar/avr-gcc/9.3.0/lib/avr-gcc/9/gcc/avr/9.3.0/../../../../../../avr/lib/avrxmega2/libc.a(fgetc.o)
 .comment       0x0000000000000024       0x25 /usr/local/Cellar/avr-gcc/9.3.0/lib/avr-gcc/9/gcc/avr/9.3.0/../../../../../../avr/lib/avrxmega2/libc.a(fputc.o)
 .comment       0x0000000000000024       0x25 /usr/local/Cellar/avr-gcc/9.3.0/lib/avr-gcc/9/gcc/avr/9.3.0/../../../../../../avr/lib/avrxmega2/libc.a(vsprintf.o)
 .comment       0x0000000000000024       0x25 /usr/local/Cellar/avr-gcc/9.3.0/lib/avr-gcc/9/gcc/avr/9.3.0/../../../../../../avr/lib/avrxmega2/libc.a(ungetc.o)

.note.gnu.avr.deviceinfo
                0x0000000000000000       0x40
 .note.gnu.avr.deviceinfo
                0x0000000000000000       0x40 /usr/local/Cellar/avr-gcc/9.3.0/lib/avr-gcc/9/gcc/avr/9.3.0/../../../../../../avr/lib/avrxmega2/crtatxmega32a4u.o

.note.gnu.build-id
 *(.note.gnu.build-id)

.debug
 *(.debug)

.line
 *(.line)

.debug_srcinfo
 *(.debug_srcinfo)

.debug_sfnames
 *(.debug_sfnames)

.debug_aranges  0x0000000000000000      0x180
 *(.debug_aranges)
 .debug_aranges
                0x0000000000000000       0x20 obj/TC_driver.o
 .debug_aranges
                0x0000000000000020       0x20 obj/clock.o
 .debug_aranges
                0x0000000000000040       0x20 obj/flow_sensor.o
 .debug_aranges
                0x0000000000000060       0x20 obj/io.o
 .debug_aranges
                0x0000000000000080       0x20 obj/main.o
 .debug_aranges
                0x00000000000000a0       0x20 obj/uart.o
 .debug_aranges
                0x00000000000000c0       0x20 /usr/local/Cellar/avr-gcc/9.3.0/lib/avr-gcc/9/gcc/avr/9.3.0/avrxmega2/libgcc.a(_udivmodhi4.o)
 .debug_aranges
                0x00000000000000e0       0x20 /usr/local/Cellar/avr-gcc/9.3.0/lib/avr-gcc/9/gcc/avr/9.3.0/avrxmega2/libgcc.a(_exit.o)
 .debug_aranges
                0x0000000000000100       0x20 /usr/local/Cellar/avr-gcc/9.3.0/lib/avr-gcc/9/gcc/avr/9.3.0/avrxmega2/libgcc.a(_copy_data.o)
 .debug_aranges
                0x0000000000000120       0x20 /usr/local/Cellar/avr-gcc/9.3.0/lib/avr-gcc/9/gcc/avr/9.3.0/avrxmega2/libgcc.a(_clear_bss.o)
 .debug_aranges
                0x0000000000000140       0x20 /usr/local/Cellar/avr-gcc/9.3.0/lib/avr-gcc/9/gcc/avr/9.3.0/avrxmega2/libgcc.a(_prologue.o)
 .debug_aranges
                0x0000000000000160       0x20 /usr/local/Cellar/avr-gcc/9.3.0/lib/avr-gcc/9/gcc/avr/9.3.0/avrxmega2/libgcc.a(_epilogue.o)

.debug_pubnames
 *(.debug_pubnames)

.debug_info     0x0000000000000000     0x6015
 *(.debug_info .gnu.linkonce.wi.*)
 .debug_info    0x0000000000000000     0x284f /usr/local/Cellar/avr-gcc/9.3.0/lib/avr-gcc/9/gcc/avr/9.3.0/../../../../../../avr/lib/avrxmega2/crtatxmega32a4u.o
 .debug_info    0x000000000000284f     0x1309 obj/TC_driver.o
 .debug_info    0x0000000000003b58      0x96f obj/clock.o
 .debug_info    0x00000000000044c7      0x2eb obj/flow_sensor.o
 .debug_info    0x00000000000047b2      0x818 obj/io.o
 .debug_info    0x0000000000004fca      0x850 obj/main.o
 .debug_info    0x000000000000581a      0x717 obj/uart.o
 .debug_info    0x0000000000005f31       0x26 /usr/local/Cellar/avr-gcc/9.3.0/lib/avr-gcc/9/gcc/avr/9.3.0/avrxmega2/libgcc.a(_udivmodhi4.o)
 .debug_info    0x0000000000005f57       0x26 /usr/local/Cellar/avr-gcc/9.3.0/lib/avr-gcc/9/gcc/avr/9.3.0/avrxmega2/libgcc.a(_exit.o)
 .debug_info    0x0000000000005f7d       0x26 /usr/local/Cellar/avr-gcc/9.3.0/lib/avr-gcc/9/gcc/avr/9.3.0/avrxmega2/libgcc.a(_copy_data.o)
 .debug_info    0x0000000000005fa3       0x26 /usr/local/Cellar/avr-gcc/9.3.0/lib/avr-gcc/9/gcc/avr/9.3.0/avrxmega2/libgcc.a(_clear_bss.o)
 .debug_info    0x0000000000005fc9       0x26 /usr/local/Cellar/avr-gcc/9.3.0/lib/avr-gcc/9/gcc/avr/9.3.0/avrxmega2/libgcc.a(_prologue.o)
 .debug_info    0x0000000000005fef       0x26 /usr/local/Cellar/avr-gcc/9.3.0/lib/avr-gcc/9/gcc/avr/9.3.0/avrxmega2/libgcc.a(_epilogue.o)

.debug_abbrev   0x0000000000000000     0x32c6
 *(.debug_abbrev)
 .debug_abbrev  0x0000000000000000     0x262c /usr/local/Cellar/avr-gcc/9.3.0/lib/avr-gcc/9/gcc/avr/9.3.0/../../../../../../avr/lib/avrxmega2/crtatxmega32a4u.o
 .debug_abbrev  0x000000000000262c      0x1b8 obj/TC_driver.o
 .debug_abbrev  0x00000000000027e4      0x201 obj/clock.o
 .debug_abbrev  0x00000000000029e5      0x156 obj/flow_sensor.o
 .debug_abbrev  0x0000000000002b3b      0x229 obj/io.o
 .debug_abbrev  0x0000000000002d64      0x1ed obj/main.o
 .debug_abbrev  0x0000000000002f51      0x2fd obj/uart.o
 .debug_abbrev  0x000000000000324e       0x14 /usr/local/Cellar/avr-gcc/9.3.0/lib/avr-gcc/9/gcc/avr/9.3.0/avrxmega2/libgcc.a(_udivmodhi4.o)
 .debug_abbrev  0x0000000000003262       0x14 /usr/local/Cellar/avr-gcc/9.3.0/lib/avr-gcc/9/gcc/avr/9.3.0/avrxmega2/libgcc.a(_exit.o)
 .debug_abbrev  0x0000000000003276       0x14 /usr/local/Cellar/avr-gcc/9.3.0/lib/avr-gcc/9/gcc/avr/9.3.0/avrxmega2/libgcc.a(_copy_data.o)
 .debug_abbrev  0x000000000000328a       0x14 /usr/local/Cellar/avr-gcc/9.3.0/lib/avr-gcc/9/gcc/avr/9.3.0/avrxmega2/libgcc.a(_clear_bss.o)
 .debug_abbrev  0x000000000000329e       0x14 /usr/local/Cellar/avr-gcc/9.3.0/lib/avr-gcc/9/gcc/avr/9.3.0/avrxmega2/libgcc.a(_prologue.o)
 .debug_abbrev  0x00000000000032b2       0x14 /usr/local/Cellar/avr-gcc/9.3.0/lib/avr-gcc/9/gcc/avr/9.3.0/avrxmega2/libgcc.a(_epilogue.o)

.debug_line     0x0000000000000000     0x1bea
 *(.debug_line .debug_line.* .debug_line_end)
 .debug_line    0x0000000000000000       0x1d /usr/local/Cellar/avr-gcc/9.3.0/lib/avr-gcc/9/gcc/avr/9.3.0/../../../../../../avr/lib/avrxmega2/crtatxmega32a4u.o
 .debug_line    0x000000000000001d      0x72c obj/TC_driver.o
 .debug_line    0x0000000000000749      0x1a7 obj/clock.o
 .debug_line    0x00000000000008f0      0x26a obj/flow_sensor.o
 .debug_line    0x0000000000000b5a      0x559 obj/io.o
 .debug_line    0x00000000000010b3      0x347 obj/main.o
 .debug_line    0x00000000000013fa      0x3d6 obj/uart.o
 .debug_line    0x00000000000017d0       0xcd /usr/local/Cellar/avr-gcc/9.3.0/lib/avr-gcc/9/gcc/avr/9.3.0/avrxmega2/libgcc.a(_udivmodhi4.o)
 .debug_line    0x000000000000189d       0x61 /usr/local/Cellar/avr-gcc/9.3.0/lib/avr-gcc/9/gcc/avr/9.3.0/avrxmega2/libgcc.a(_exit.o)
 .debug_line    0x00000000000018fe       0x97 /usr/local/Cellar/avr-gcc/9.3.0/lib/avr-gcc/9/gcc/avr/9.3.0/avrxmega2/libgcc.a(_copy_data.o)
 .debug_line    0x0000000000001995       0x85 /usr/local/Cellar/avr-gcc/9.3.0/lib/avr-gcc/9/gcc/avr/9.3.0/avrxmega2/libgcc.a(_clear_bss.o)
 .debug_line    0x0000000000001a1a       0xeb /usr/local/Cellar/avr-gcc/9.3.0/lib/avr-gcc/9/gcc/avr/9.3.0/avrxmega2/libgcc.a(_prologue.o)
 .debug_line    0x0000000000001b05       0xe5 /usr/local/Cellar/avr-gcc/9.3.0/lib/avr-gcc/9/gcc/avr/9.3.0/avrxmega2/libgcc.a(_epilogue.o)

.debug_frame    0x0000000000000000      0x424
 *(.debug_frame)
 .debug_frame   0x0000000000000000      0x174 obj/TC_driver.o
 .debug_frame   0x0000000000000174       0x4c obj/clock.o
 .debug_frame   0x00000000000001c0       0x4c obj/flow_sensor.o
 .debug_frame   0x000000000000020c      0x114 obj/io.o
 .debug_frame   0x0000000000000320       0x30 obj/main.o
 .debug_frame   0x0000000000000350       0xd4 obj/uart.o

.debug_str      0x0000000000000000     0x309d
 *(.debug_str)
 .debug_str     0x0000000000000000     0x1aa8 /usr/local/Cellar/avr-gcc/9.3.0/lib/avr-gcc/9/gcc/avr/9.3.0/../../../../../../avr/lib/avrxmega2/crtatxmega32a4u.o
 .debug_str     0x0000000000001aa8      0xc99 obj/TC_driver.o
                                        0xcde (size before relaxing)
 .debug_str     0x0000000000002741      0x197 obj/clock.o
                                        0x89c (size before relaxing)
 .debug_str     0x00000000000028d8       0x7e obj/flow_sensor.o
                                        0x374 (size before relaxing)
 .debug_str     0x0000000000002956      0x2a5 obj/io.o
                                        0x450 (size before relaxing)
 .debug_str     0x0000000000002bfb      0x238 obj/main.o
                                        0x76f (size before relaxing)
 .debug_str     0x0000000000002e33      0x1e5 obj/uart.o
                                        0x4e6 (size before relaxing)
 .debug_str     0x0000000000003018       0x85 /usr/local/Cellar/avr-gcc/9.3.0/lib/avr-gcc/9/gcc/avr/9.3.0/avrxmega2/libgcc.a(_udivmodhi4.o)
 .debug_str     0x000000000000309d       0x85 /usr/local/Cellar/avr-gcc/9.3.0/lib/avr-gcc/9/gcc/avr/9.3.0/avrxmega2/libgcc.a(_exit.o)
 .debug_str     0x000000000000309d       0x85 /usr/local/Cellar/avr-gcc/9.3.0/lib/avr-gcc/9/gcc/avr/9.3.0/avrxmega2/libgcc.a(_copy_data.o)
 .debug_str     0x000000000000309d       0x85 /usr/local/Cellar/avr-gcc/9.3.0/lib/avr-gcc/9/gcc/avr/9.3.0/avrxmega2/libgcc.a(_clear_bss.o)
 .debug_str     0x000000000000309d       0x85 /usr/local/Cellar/avr-gcc/9.3.0/lib/avr-gcc/9/gcc/avr/9.3.0/avrxmega2/libgcc.a(_prologue.o)
 .debug_str     0x000000000000309d       0x85 /usr/local/Cellar/avr-gcc/9.3.0/lib/avr-gcc/9/gcc/avr/9.3.0/avrxmega2/libgcc.a(_epilogue.o)

.debug_loc      0x0000000000000000      0xc27
 *(.debug_loc)
 .debug_loc     0x0000000000000000      0x504 obj/TC_driver.o
 .debug_loc     0x0000000000000504      0x49c obj/io.o
 .debug_loc     0x00000000000009a0      0x287 obj/uart.o

.debug_macinfo
 *(.debug_macinfo)

.debug_weaknames
 *(.debug_weaknames)

.debug_funcnames
 *(.debug_funcnames)

.debug_typenames
 *(.debug_typenames)

.debug_varnames
 *(.debug_varnames)

.debug_pubtypes
 *(.debug_pubtypes)

.debug_ranges   0x0000000000000000       0x40
 *(.debug_ranges)
 .debug_ranges  0x0000000000000000       0x10 obj/main.o
 .debug_ranges  0x0000000000000010       0x30 obj/uart.o

.debug_macro
 *(.debug_macro)

.debug_addr
 *(.debug_addr)
OUTPUT(flow_sensor.elf elf32-avr)
LOAD linker stubs

Cross Reference Table

Symbol                                            File
T0_millis                                         obj/clock.o
TC0_ConfigClockSource                             obj/TC_driver.o
                                                  obj/clock.o
TC0_ConfigInputCapture                            obj/TC_driver.o
TC0_ConfigWGM                                     obj/TC_driver.o
                                                  obj/clock.o
TC0_DisableCCChannels                             obj/TC_driver.o
TC0_EnableCCChannels                              obj/TC_driver.o
TC0_Reset                                         obj/TC_driver.o
TC0_SetCCAIntLevel                                obj/TC_driver.o
TC0_SetCCBIntLevel                                obj/TC_driver.o
TC0_SetCCCIntLevel                                obj/TC_driver.o
TC0_SetCCDIntLevel                                obj/TC_driver.o
TC0_SetErrorIntLevel                              obj/TC_driver.o
TC0_SetOverflowIntLevel                           obj/TC_driver.o
                                                  obj/clock.o
TC1_ConfigClockSource                             obj/TC_driver.o
TC1_ConfigInputCapture                            obj/TC_driver.o
TC1_ConfigWGM                                     obj/TC_driver.o
TC1_DisableCCChannels                             obj/TC_driver.o
TC1_EnableCCChannels                              obj/TC_driver.o
TC1_Reset                                         obj/TC_driver.o
TC1_SetCCAIntLevel                                obj/TC_driver.o
TC1_SetCCBIntLevel                                obj/TC_driver.o
TC1_SetErrorIntLevel                              obj/TC_driver.o
TC1_SetOverflowIntLevel                           obj/TC_driver.o
UART_sendChar                                     obj/uart.o
UART_sendInt                                      obj/uart.o
UART_sendLint                                     obj/uart.o
UART_sendString                                   obj/uart.o
__bad_interrupt                                   /usr/local/Cellar/avr-gcc/9.3.0/lib/avr-gcc/9/gcc/avr/9.3.0/../../../../../../avr/lib/avrxmega2/crtatxmega32a4u.o
__bss_end                                         /usr/local/Cellar/avr-gcc/9.3.0/lib/avr-gcc/9/gcc/avr/9.3.0/avrxmega2/libgcc.a(_clear_bss.o)
__bss_start                                       /usr/local/Cellar/avr-gcc/9.3.0/lib/avr-gcc/9/gcc/avr/9.3.0/avrxmega2/libgcc.a(_clear_bss.o)
__ctype_isfalse                                   /usr/local/Cellar/avr-gcc/9.3.0/lib/avr-gcc/9/gcc/avr/9.3.0/../../../../../../avr/lib/avrxmega2/libc.a(cty_isfalse.o)
                                                  /usr/local/Cellar/avr-gcc/9.3.0/lib/avr-gcc/9/gcc/avr/9.3.0/../../../../../../avr/lib/avrxmega2/libc.a(isspace.o)
__ctype_istrue                                    /usr/local/Cellar/avr-gcc/9.3.0/lib/avr-gcc/9/gcc/avr/9.3.0/../../../../../../avr/lib/avrxmega2/libc.a(cty_isfalse.o)
__data_end                                        /usr/local/Cellar/avr-gcc/9.3.0/lib/avr-gcc/9/gcc/avr/9.3.0/avrxmega2/libgcc.a(_copy_data.o)
__data_load_start                                 /usr/local/Cellar/avr-gcc/9.3.0/lib/avr-gcc/9/gcc/avr/9.3.0/avrxmega2/libgcc.a(_copy_data.o)
__data_start                                      /usr/local/Cellar/avr-gcc/9.3.0/lib/avr-gcc/9/gcc/avr/9.3.0/avrxmega2/libgcc.a(_copy_data.o)
__divsf3                                          /usr/local/Cellar/avr-gcc/9.3.0/lib/avr-gcc/9/gcc/avr/9.3.0/../../../../../../avr/lib/avrxmega2/libm.a(divsf3.o)
                                                  obj/flow_sensor.o
__divsf3_pse                                      /usr/local/Cellar/avr-gcc/9.3.0/lib/avr-gcc/9/gcc/avr/9.3.0/../../../../../../avr/lib/avrxmega2/libm.a(divsf3x.o)
__divsf3x                                         /usr/local/Cellar/avr-gcc/9.3.0/lib/avr-gcc/9/gcc/avr/9.3.0/../../../../../../avr/lib/avrxmega2/libm.a(divsf3x.o)
                                                  /usr/local/Cellar/avr-gcc/9.3.0/lib/avr-gcc/9/gcc/avr/9.3.0/../../../../../../avr/lib/avrxmega2/libm.a(divsf3.o)
__do_clear_bss                                    /usr/local/Cellar/avr-gcc/9.3.0/lib/avr-gcc/9/gcc/avr/9.3.0/avrxmega2/libgcc.a(_clear_bss.o)
                                                  obj/uart.o
                                                  obj/main.o
                                                  obj/flow_sensor.o
                                                  obj/clock.o
__do_copy_data                                    /usr/local/Cellar/avr-gcc/9.3.0/lib/avr-gcc/9/gcc/avr/9.3.0/avrxmega2/libgcc.a(_copy_data.o)
                                                  obj/uart.o
                                                  obj/main.o
                                                  obj/flow_sensor.o
__epilogue_restores__                             /usr/local/Cellar/avr-gcc/9.3.0/lib/avr-gcc/9/gcc/avr/9.3.0/avrxmega2/libgcc.a(_epilogue.o)
                                                  /usr/local/Cellar/avr-gcc/9.3.0/lib/avr-gcc/9/gcc/avr/9.3.0/../../../../../../avr/lib/avrxmega2/libc.a(vsprintf.o)
                                                  /usr/local/Cellar/avr-gcc/9.3.0/lib/avr-gcc/9/gcc/avr/9.3.0/../../../../../../avr/lib/avrxmega2/libscanf_flt.a(vfscanf_flt.o)
                                                  /usr/local/Cellar/avr-gcc/9.3.0/lib/avr-gcc/9/gcc/avr/9.3.0/../../../../../../avr/lib/avrxmega2/libprintf_flt.a(vfprintf_flt.o)
__fixunssfsi                                      /usr/local/Cellar/avr-gcc/9.3.0/lib/avr-gcc/9/gcc/avr/9.3.0/../../../../../../avr/lib/avrxmega2/libm.a(fixunssfsi.o)
                                                  obj/flow_sensor.o
__floatsisf                                       /usr/local/Cellar/avr-gcc/9.3.0/lib/avr-gcc/9/gcc/avr/9.3.0/../../../../../../avr/lib/avrxmega2/libm.a(floatsisf.o)
__floatunsisf                                     /usr/local/Cellar/avr-gcc/9.3.0/lib/avr-gcc/9/gcc/avr/9.3.0/../../../../../../avr/lib/avrxmega2/libm.a(floatsisf.o)
                                                  obj/flow_sensor.o
                                                  /usr/local/Cellar/avr-gcc/9.3.0/lib/avr-gcc/9/gcc/avr/9.3.0/../../../../../../avr/lib/avrxmega2/libscanf_flt.a(vfscanf_flt.o)
__fp_inf                                          /usr/local/Cellar/avr-gcc/9.3.0/lib/avr-gcc/9/gcc/avr/9.3.0/../../../../../../avr/lib/avrxmega2/libm.a(fp_inf.o)
                                                  /usr/local/Cellar/avr-gcc/9.3.0/lib/avr-gcc/9/gcc/avr/9.3.0/../../../../../../avr/lib/avrxmega2/libm.a(divsf3x.o)
                                                  /usr/local/Cellar/avr-gcc/9.3.0/lib/avr-gcc/9/gcc/avr/9.3.0/../../../../../../avr/lib/avrxmega2/libm.a(mulsf3x.o)
__fp_nan                                          /usr/local/Cellar/avr-gcc/9.3.0/lib/avr-gcc/9/gcc/avr/9.3.0/../../../../../../avr/lib/avrxmega2/libm.a(fp_nan.o)
                                                  /usr/local/Cellar/avr-gcc/9.3.0/lib/avr-gcc/9/gcc/avr/9.3.0/../../../../../../avr/lib/avrxmega2/libm.a(divsf3x.o)
                                                  /usr/local/Cellar/avr-gcc/9.3.0/lib/avr-gcc/9/gcc/avr/9.3.0/../../../../../../avr/lib/avrxmega2/libm.a(mulsf3x.o)
__fp_pscA                                         /usr/local/Cellar/avr-gcc/9.3.0/lib/avr-gcc/9/gcc/avr/9.3.0/../../../../../../avr/lib/avrxmega2/libm.a(fp_pscA.o)
                                                  /usr/local/Cellar/avr-gcc/9.3.0/lib/avr-gcc/9/gcc/avr/9.3.0/../../../../../../avr/lib/avrxmega2/libm.a(divsf3x.o)
                                                  /usr/local/Cellar/avr-gcc/9.3.0/lib/avr-gcc/9/gcc/avr/9.3.0/../../../../../../avr/lib/avrxmega2/libm.a(mulsf3x.o)
__fp_pscB                                         /usr/local/Cellar/avr-gcc/9.3.0/lib/avr-gcc/9/gcc/avr/9.3.0/../../../../../../avr/lib/avrxmega2/libm.a(fp_pscB.o)
                                                  /usr/local/Cellar/avr-gcc/9.3.0/lib/avr-gcc/9/gcc/avr/9.3.0/../../../../../../avr/lib/avrxmega2/libm.a(divsf3x.o)
                                                  /usr/local/Cellar/avr-gcc/9.3.0/lib/avr-gcc/9/gcc/avr/9.3.0/../../../../../../avr/lib/avrxmega2/libm.a(mulsf3x.o)
__fp_round                                        /usr/local/Cellar/avr-gcc/9.3.0/lib/avr-gcc/9/gcc/avr/9.3.0/../../../../../../avr/lib/avrxmega2/libm.a(fp_round.o)
                                                  /usr/local/Cellar/avr-gcc/9.3.0/lib/avr-gcc/9/gcc/avr/9.3.0/../../../../../../avr/lib/avrxmega2/libm.a(divsf3.o)
                                                  /usr/local/Cellar/avr-gcc/9.3.0/lib/avr-gcc/9/gcc/avr/9.3.0/../../../../../../avr/lib/avrxmega2/libm.a(mulsf3.o)
__fp_split3                                       /usr/local/Cellar/avr-gcc/9.3.0/lib/avr-gcc/9/gcc/avr/9.3.0/../../../../../../avr/lib/avrxmega2/libm.a(fp_split3.o)
                                                  /usr/local/Cellar/avr-gcc/9.3.0/lib/avr-gcc/9/gcc/avr/9.3.0/../../../../../../avr/lib/avrxmega2/libm.a(divsf3x.o)
                                                  /usr/local/Cellar/avr-gcc/9.3.0/lib/avr-gcc/9/gcc/avr/9.3.0/../../../../../../avr/lib/avrxmega2/libm.a(mulsf3x.o)
__fp_splitA                                       /usr/local/Cellar/avr-gcc/9.3.0/lib/avr-gcc/9/gcc/avr/9.3.0/../../../../../../avr/lib/avrxmega2/libm.a(fp_split3.o)
                                                  /usr/local/Cellar/avr-gcc/9.3.0/lib/avr-gcc/9/gcc/avr/9.3.0/../../../../../../avr/lib/avrxmega2/libm.a(fixunssfsi.o)
__fp_szero                                        /usr/local/Cellar/avr-gcc/9.3.0/lib/avr-gcc/9/gcc/avr/9.3.0/../../../../../../avr/lib/avrxmega2/libm.a(fp_zero.o)
                                                  /usr/local/Cellar/avr-gcc/9.3.0/lib/avr-gcc/9/gcc/avr/9.3.0/../../../../../../avr/lib/avrxmega2/libm.a(divsf3x.o)
                                                  /usr/local/Cellar/avr-gcc/9.3.0/lib/avr-gcc/9/gcc/avr/9.3.0/../../../../../../avr/lib/avrxmega2/libm.a(mulsf3x.o)
__fp_zero                                         /usr/local/Cellar/avr-gcc/9.3.0/lib/avr-gcc/9/gcc/avr/9.3.0/../../../../../../avr/lib/avrxmega2/libm.a(fp_zero.o)
                                                  /usr/local/Cellar/avr-gcc/9.3.0/lib/avr-gcc/9/gcc/avr/9.3.0/../../../../../../avr/lib/avrxmega2/libm.a(fixunssfsi.o)
__ftoa_engine                                     /usr/local/Cellar/avr-gcc/9.3.0/lib/avr-gcc/9/gcc/avr/9.3.0/../../../../../../avr/lib/avrxmega2/libc.a(ftoa_engine.o)
                                                  /usr/local/Cellar/avr-gcc/9.3.0/lib/avr-gcc/9/gcc/avr/9.3.0/../../../../../../avr/lib/avrxmega2/libprintf_flt.a(vfprintf_flt.o)
__heap_end                                        /usr/local/Cellar/avr-gcc/9.3.0/lib/avr-gcc/9/gcc/avr/9.3.0/../../../../../../avr/lib/avrxmega2/crtatxmega32a4u.o
__init                                            /usr/local/Cellar/avr-gcc/9.3.0/lib/avr-gcc/9/gcc/avr/9.3.0/../../../../../../avr/lib/avrxmega2/crtatxmega32a4u.o
__itoa_ncheck                                     /usr/local/Cellar/avr-gcc/9.3.0/lib/avr-gcc/9/gcc/avr/9.3.0/../../../../../../avr/lib/avrxmega2/libc.a(itoa_ncheck.o)
                                                  obj/uart.o
__ltoa_ncheck                                     /usr/local/Cellar/avr-gcc/9.3.0/lib/avr-gcc/9/gcc/avr/9.3.0/../../../../../../avr/lib/avrxmega2/libc.a(ltoa_ncheck.o)
                                                  obj/uart.o
__mulsf3                                          /usr/local/Cellar/avr-gcc/9.3.0/lib/avr-gcc/9/gcc/avr/9.3.0/../../../../../../avr/lib/avrxmega2/libm.a(mulsf3.o)
                                                  obj/flow_sensor.o
                                                  /usr/local/Cellar/avr-gcc/9.3.0/lib/avr-gcc/9/gcc/avr/9.3.0/../../../../../../avr/lib/avrxmega2/libscanf_flt.a(vfscanf_flt.o)
__mulsf3_pse                                      /usr/local/Cellar/avr-gcc/9.3.0/lib/avr-gcc/9/gcc/avr/9.3.0/../../../../../../avr/lib/avrxmega2/libm.a(mulsf3x.o)
__mulsf3x                                         /usr/local/Cellar/avr-gcc/9.3.0/lib/avr-gcc/9/gcc/avr/9.3.0/../../../../../../avr/lib/avrxmega2/libm.a(mulsf3x.o)
                                                  /usr/local/Cellar/avr-gcc/9.3.0/lib/avr-gcc/9/gcc/avr/9.3.0/../../../../../../avr/lib/avrxmega2/libm.a(mulsf3.o)
__prologue_saves__                                /usr/local/Cellar/avr-gcc/9.3.0/lib/avr-gcc/9/gcc/avr/9.3.0/avrxmega2/libgcc.a(_prologue.o)
                                                  /usr/local/Cellar/avr-gcc/9.3.0/lib/avr-gcc/9/gcc/avr/9.3.0/../../../../../../avr/lib/avrxmega2/libc.a(vsprintf.o)
                                                  /usr/local/Cellar/avr-gcc/9.3.0/lib/avr-gcc/9/gcc/avr/9.3.0/../../../../../../avr/lib/avrxmega2/libscanf_flt.a(vfscanf_flt.o)
                                                  /usr/local/Cellar/avr-gcc/9.3.0/lib/avr-gcc/9/gcc/avr/9.3.0/../../../../../../avr/lib/avrxmega2/libprintf_flt.a(vfprintf_flt.o)
__stack                                           /usr/local/Cellar/avr-gcc/9.3.0/lib/avr-gcc/9/gcc/avr/9.3.0/../../../../../../avr/lib/avrxmega2/crtatxmega32a4u.o
__udivmodhi4                                      /usr/local/Cellar/avr-gcc/9.3.0/lib/avr-gcc/9/gcc/avr/9.3.0/avrxmega2/libgcc.a(_udivmodhi4.o)
                                                  obj/flow_sensor.o
__ultoa_common                                    /usr/local/Cellar/avr-gcc/9.3.0/lib/avr-gcc/9/gcc/avr/9.3.0/../../../../../../avr/lib/avrxmega2/libc.a(ultoa_ncheck.o)
                                                  /usr/local/Cellar/avr-gcc/9.3.0/lib/avr-gcc/9/gcc/avr/9.3.0/../../../../../../avr/lib/avrxmega2/libc.a(ltoa_ncheck.o)
__ultoa_invert                                    /usr/local/Cellar/avr-gcc/9.3.0/lib/avr-gcc/9/gcc/avr/9.3.0/../../../../../../avr/lib/avrxmega2/libc.a(ultoa_invert.o)
                                                  /usr/local/Cellar/avr-gcc/9.3.0/lib/avr-gcc/9/gcc/avr/9.3.0/../../../../../../avr/lib/avrxmega2/libprintf_flt.a(vfprintf_flt.o)
__ultoa_ncheck                                    /usr/local/Cellar/avr-gcc/9.3.0/lib/avr-gcc/9/gcc/avr/9.3.0/../../../../../../avr/lib/avrxmega2/libc.a(ultoa_ncheck.o)
__utoa_common                                     /usr/local/Cellar/avr-gcc/9.3.0/lib/avr-gcc/9/gcc/avr/9.3.0/../../../../../../avr/lib/avrxmega2/libc.a(utoa_ncheck.o)
                                                  /usr/local/Cellar/avr-gcc/9.3.0/lib/avr-gcc/9/gcc/avr/9.3.0/../../../../../../avr/lib/avrxmega2/libc.a(itoa_ncheck.o)
__utoa_ncheck                                     /usr/local/Cellar/avr-gcc/9.3.0/lib/avr-gcc/9/gcc/avr/9.3.0/../../../../../../avr/lib/avrxmega2/libc.a(utoa_ncheck.o)
__vector_1                                        /usr/local/Cellar/avr-gcc/9.3.0/lib/avr-gcc/9/gcc/avr/9.3.0/../../../../../../avr/lib/avrxmega2/crtatxmega32a4u.o
__vector_10                                       /usr/local/Cellar/avr-gcc/9.3.0/lib/avr-gcc/9/gcc/avr/9.3.0/../../../../../../avr/lib/avrxmega2/crtatxmega32a4u.o
__vector_100                                      /usr/local/Cellar/avr-gcc/9.3.0/lib/avr-gcc/9/gcc/avr/9.3.0/../../../../../../avr/lib/avrxmega2/crtatxmega32a4u.o
__vector_101                                      /usr/local/Cellar/avr-gcc/9.3.0/lib/avr-gcc/9/gcc/avr/9.3.0/../../../../../../avr/lib/avrxmega2/crtatxmega32a4u.o
__vector_102                                      /usr/local/Cellar/avr-gcc/9.3.0/lib/avr-gcc/9/gcc/avr/9.3.0/../../../../../../avr/lib/avrxmega2/crtatxmega32a4u.o
__vector_103                                      /usr/local/Cellar/avr-gcc/9.3.0/lib/avr-gcc/9/gcc/avr/9.3.0/../../../../../../avr/lib/avrxmega2/crtatxmega32a4u.o
__vector_104                                      /usr/local/Cellar/avr-gcc/9.3.0/lib/avr-gcc/9/gcc/avr/9.3.0/../../../../../../avr/lib/avrxmega2/crtatxmega32a4u.o
__vector_105                                      /usr/local/Cellar/avr-gcc/9.3.0/lib/avr-gcc/9/gcc/avr/9.3.0/../../../../../../avr/lib/avrxmega2/crtatxmega32a4u.o
__vector_106                                      /usr/local/Cellar/avr-gcc/9.3.0/lib/avr-gcc/9/gcc/avr/9.3.0/../../../../../../avr/lib/avrxmega2/crtatxmega32a4u.o
__vector_107                                      /usr/local/Cellar/avr-gcc/9.3.0/lib/avr-gcc/9/gcc/avr/9.3.0/../../../../../../avr/lib/avrxmega2/crtatxmega32a4u.o
__vector_108                                      /usr/local/Cellar/avr-gcc/9.3.0/lib/avr-gcc/9/gcc/avr/9.3.0/../../../../../../avr/lib/avrxmega2/crtatxmega32a4u.o
__vector_109                                      /usr/local/Cellar/avr-gcc/9.3.0/lib/avr-gcc/9/gcc/avr/9.3.0/../../../../../../avr/lib/avrxmega2/crtatxmega32a4u.o
__vector_11                                       /usr/local/Cellar/avr-gcc/9.3.0/lib/avr-gcc/9/gcc/avr/9.3.0/../../../../../../avr/lib/avrxmega2/crtatxmega32a4u.o
__vector_110                                      /usr/local/Cellar/avr-gcc/9.3.0/lib/avr-gcc/9/gcc/avr/9.3.0/../../../../../../avr/lib/avrxmega2/crtatxmega32a4u.o
__vector_111                                      /usr/local/Cellar/avr-gcc/9.3.0/lib/avr-gcc/9/gcc/avr/9.3.0/../../../../../../avr/lib/avrxmega2/crtatxmega32a4u.o
__vector_112                                      /usr/local/Cellar/avr-gcc/9.3.0/lib/avr-gcc/9/gcc/avr/9.3.0/../../../../../../avr/lib/avrxmega2/crtatxmega32a4u.o
__vector_113                                      /usr/local/Cellar/avr-gcc/9.3.0/lib/avr-gcc/9/gcc/avr/9.3.0/../../../../../../avr/lib/avrxmega2/crtatxmega32a4u.o
__vector_114                                      /usr/local/Cellar/avr-gcc/9.3.0/lib/avr-gcc/9/gcc/avr/9.3.0/../../../../../../avr/lib/avrxmega2/crtatxmega32a4u.o
__vector_115                                      /usr/local/Cellar/avr-gcc/9.3.0/lib/avr-gcc/9/gcc/avr/9.3.0/../../../../../../avr/lib/avrxmega2/crtatxmega32a4u.o
__vector_116                                      /usr/local/Cellar/avr-gcc/9.3.0/lib/avr-gcc/9/gcc/avr/9.3.0/../../../../../../avr/lib/avrxmega2/crtatxmega32a4u.o
__vector_117                                      /usr/local/Cellar/avr-gcc/9.3.0/lib/avr-gcc/9/gcc/avr/9.3.0/../../../../../../avr/lib/avrxmega2/crtatxmega32a4u.o
__vector_118                                      /usr/local/Cellar/avr-gcc/9.3.0/lib/avr-gcc/9/gcc/avr/9.3.0/../../../../../../avr/lib/avrxmega2/crtatxmega32a4u.o
__vector_119                                      /usr/local/Cellar/avr-gcc/9.3.0/lib/avr-gcc/9/gcc/avr/9.3.0/../../../../../../avr/lib/avrxmega2/crtatxmega32a4u.o
__vector_12                                       /usr/local/Cellar/avr-gcc/9.3.0/lib/avr-gcc/9/gcc/avr/9.3.0/../../../../../../avr/lib/avrxmega2/crtatxmega32a4u.o
__vector_120                                      /usr/local/Cellar/avr-gcc/9.3.0/lib/avr-gcc/9/gcc/avr/9.3.0/../../../../../../avr/lib/avrxmega2/crtatxmega32a4u.o
__vector_121                                      /usr/local/Cellar/avr-gcc/9.3.0/lib/avr-gcc/9/gcc/avr/9.3.0/../../../../../../avr/lib/avrxmega2/crtatxmega32a4u.o
__vector_122                                      /usr/local/Cellar/avr-gcc/9.3.0/lib/avr-gcc/9/gcc/avr/9.3.0/../../../../../../avr/lib/avrxmega2/crtatxmega32a4u.o
__vector_123                                      /usr/local/Cellar/avr-gcc/9.3.0/lib/avr-gcc/9/gcc/avr/9.3.0/../../../../../../avr/lib/avrxmega2/crtatxmega32a4u.o
__vector_124                                      /usr/local/Cellar/avr-gcc/9.3.0/lib/avr-gcc/9/gcc/avr/9.3.0/../../../../../../avr/lib/avrxmega2/crtatxmega32a4u.o
__vector_125                                      /usr/local/Cellar/avr-gcc/9.3.0/lib/avr-gcc/9/gcc/avr/9.3.0/../../../../../../avr/lib/avrxmega2/crtatxmega32a4u.o
__vector_126                                      /usr/local/Cellar/avr-gcc/9.3.0/lib/avr-gcc/9/gcc/avr/9.3.0/../../../../../../avr/lib/avrxmega2/crtatxmega32a4u.o
__vector_13                                       /usr/local/Cellar/avr-gcc/9.3.0/lib/avr-gcc/9/gcc/avr/9.3.0/../../../../../../avr/lib/avrxmega2/crtatxmega32a4u.o
__vector_14                                       /usr/local/Cellar/avr-gcc/9.3.0/lib/avr-gcc/9/gcc/avr/9.3.0/../../../../../../avr/lib/avrxmega2/crtatxmega32a4u.o
__vector_15                                       /usr/local/Cellar/avr-gcc/9.3.0/lib/avr-gcc/9/gcc/avr/9.3.0/../../../../../../avr/lib/avrxmega2/crtatxmega32a4u.o
__vector_16                                       /usr/local/Cellar/avr-gcc/9.3.0/lib/avr-gcc/9/gcc/avr/9.3.0/../../../../../../avr/lib/avrxmega2/crtatxmega32a4u.o
__vector_17                                       /usr/local/Cellar/avr-gcc/9.3.0/lib/avr-gcc/9/gcc/avr/9.3.0/../../../../../../avr/lib/avrxmega2/crtatxmega32a4u.o
__vector_18                                       /usr/local/Cellar/avr-gcc/9.3.0/lib/avr-gcc/9/gcc/avr/9.3.0/../../../../../../avr/lib/avrxmega2/crtatxmega32a4u.o
__vector_19                                       /usr/local/Cellar/avr-gcc/9.3.0/lib/avr-gcc/9/gcc/avr/9.3.0/../../../../../../avr/lib/avrxmega2/crtatxmega32a4u.o
__vector_2                                        /usr/local/Cellar/avr-gcc/9.3.0/lib/avr-gcc/9/gcc/avr/9.3.0/../../../../../../avr/lib/avrxmega2/crtatxmega32a4u.o
__vector_20                                       /usr/local/Cellar/avr-gcc/9.3.0/lib/avr-gcc/9/gcc/avr/9.3.0/../../../../../../avr/lib/avrxmega2/crtatxmega32a4u.o
__vector_21                                       /usr/local/Cellar/avr-gcc/9.3.0/lib/avr-gcc/9/gcc/avr/9.3.0/../../../../../../avr/lib/avrxmega2/crtatxmega32a4u.o
__vector_22                                       /usr/local/Cellar/avr-gcc/9.3.0/lib/avr-gcc/9/gcc/avr/9.3.0/../../../../../../avr/lib/avrxmega2/crtatxmega32a4u.o
__vector_23                                       /usr/local/Cellar/avr-gcc/9.3.0/lib/avr-gcc/9/gcc/avr/9.3.0/../../../../../../avr/lib/avrxmega2/crtatxmega32a4u.o
__vector_24                                       /usr/local/Cellar/avr-gcc/9.3.0/lib/avr-gcc/9/gcc/avr/9.3.0/../../../../../../avr/lib/avrxmega2/crtatxmega32a4u.o
__vector_25                                       obj/uart.o
                                                  /usr/local/Cellar/avr-gcc/9.3.0/lib/avr-gcc/9/gcc/avr/9.3.0/../../../../../../avr/lib/avrxmega2/crtatxmega32a4u.o
__vector_26                                       /usr/local/Cellar/avr-gcc/9.3.0/lib/avr-gcc/9/gcc/avr/9.3.0/../../../../../../avr/lib/avrxmega2/crtatxmega32a4u.o
__vector_27                                       /usr/local/Cellar/avr-gcc/9.3.0/lib/avr-gcc/9/gcc/avr/9.3.0/../../../../../../avr/lib/avrxmega2/crtatxmega32a4u.o
__vector_28                                       /usr/local/Cellar/avr-gcc/9.3.0/lib/avr-gcc/9/gcc/avr/9.3.0/../../../../../../avr/lib/avrxmega2/crtatxmega32a4u.o
__vector_29                                       /usr/local/Cellar/avr-gcc/9.3.0/lib/avr-gcc/9/gcc/avr/9.3.0/../../../../../../avr/lib/avrxmega2/crtatxmega32a4u.o
__vector_3                                        /usr/local/Cellar/avr-gcc/9.3.0/lib/avr-gcc/9/gcc/avr/9.3.0/../../../../../../avr/lib/avrxmega2/crtatxmega32a4u.o
__vector_30                                       /usr/local/Cellar/avr-gcc/9.3.0/lib/avr-gcc/9/gcc/avr/9.3.0/../../../../../../avr/lib/avrxmega2/crtatxmega32a4u.o
__vector_31                                       /usr/local/Cellar/avr-gcc/9.3.0/lib/avr-gcc/9/gcc/avr/9.3.0/../../../../../../avr/lib/avrxmega2/crtatxmega32a4u.o
__vector_32                                       /usr/local/Cellar/avr-gcc/9.3.0/lib/avr-gcc/9/gcc/avr/9.3.0/../../../../../../avr/lib/avrxmega2/crtatxmega32a4u.o
__vector_33                                       /usr/local/Cellar/avr-gcc/9.3.0/lib/avr-gcc/9/gcc/avr/9.3.0/../../../../../../avr/lib/avrxmega2/crtatxmega32a4u.o
__vector_34                                       /usr/local/Cellar/avr-gcc/9.3.0/lib/avr-gcc/9/gcc/avr/9.3.0/../../../../../../avr/lib/avrxmega2/crtatxmega32a4u.o
__vector_35                                       /usr/local/Cellar/avr-gcc/9.3.0/lib/avr-gcc/9/gcc/avr/9.3.0/../../../../../../avr/lib/avrxmega2/crtatxmega32a4u.o
__vector_36                                       /usr/local/Cellar/avr-gcc/9.3.0/lib/avr-gcc/9/gcc/avr/9.3.0/../../../../../../avr/lib/avrxmega2/crtatxmega32a4u.o
__vector_37                                       /usr/local/Cellar/avr-gcc/9.3.0/lib/avr-gcc/9/gcc/avr/9.3.0/../../../../../../avr/lib/avrxmega2/crtatxmega32a4u.o
__vector_38                                       /usr/local/Cellar/avr-gcc/9.3.0/lib/avr-gcc/9/gcc/avr/9.3.0/../../../../../../avr/lib/avrxmega2/crtatxmega32a4u.o
__vector_39                                       /usr/local/Cellar/avr-gcc/9.3.0/lib/avr-gcc/9/gcc/avr/9.3.0/../../../../../../avr/lib/avrxmega2/crtatxmega32a4u.o
__vector_4                                        /usr/local/Cellar/avr-gcc/9.3.0/lib/avr-gcc/9/gcc/avr/9.3.0/../../../../../../avr/lib/avrxmega2/crtatxmega32a4u.o
__vector_40                                       /usr/local/Cellar/avr-gcc/9.3.0/lib/avr-gcc/9/gcc/avr/9.3.0/../../../../../../avr/lib/avrxmega2/crtatxmega32a4u.o
__vector_41                                       /usr/local/Cellar/avr-gcc/9.3.0/lib/avr-gcc/9/gcc/avr/9.3.0/../../../../../../avr/lib/avrxmega2/crtatxmega32a4u.o
__vector_42                                       /usr/local/Cellar/avr-gcc/9.3.0/lib/avr-gcc/9/gcc/avr/9.3.0/../../../../../../avr/lib/avrxmega2/crtatxmega32a4u.o
__vector_43                                       /usr/local/Cellar/avr-gcc/9.3.0/lib/avr-gcc/9/gcc/avr/9.3.0/../../../../../../avr/lib/avrxmega2/crtatxmega32a4u.o
__vector_44                                       /usr/local/Cellar/avr-gcc/9.3.0/lib/avr-gcc/9/gcc/avr/9.3.0/../../../../../../avr/lib/avrxmega2/crtatxmega32a4u.o
__vector_45                                       /usr/local/Cellar/avr-gcc/9.3.0/lib/avr-gcc/9/gcc/avr/9.3.0/../../../../../../avr/lib/avrxmega2/crtatxmega32a4u.o
__vector_46                                       /usr/local/Cellar/avr-gcc/9.3.0/lib/avr-gcc/9/gcc/avr/9.3.0/../../../../../../avr/lib/avrxmega2/crtatxmega32a4u.o
__vector_47                                       obj/clock.o
                                                  /usr/local/Cellar/avr-gcc/9.3.0/lib/avr-gcc/9/gcc/avr/9.3.0/../../../../../../avr/lib/avrxmega2/crtatxmega32a4u.o
__vector_48                                       /usr/local/Cellar/avr-gcc/9.3.0/lib/avr-gcc/9/gcc/avr/9.3.0/../../../../../../avr/lib/avrxmega2/crtatxmega32a4u.o
__vector_49                                       /usr/local/Cellar/avr-gcc/9.3.0/lib/avr-gcc/9/gcc/avr/9.3.0/../../../../../../avr/lib/avrxmega2/crtatxmega32a4u.o
__vector_5                                        /usr/local/Cellar/avr-gcc/9.3.0/lib/avr-gcc/9/gcc/avr/9.3.0/../../../../../../avr/lib/avrxmega2/crtatxmega32a4u.o
__vector_50                                       /usr/local/Cellar/avr-gcc/9.3.0/lib/avr-gcc/9/gcc/avr/9.3.0/../../../../../../avr/lib/avrxmega2/crtatxmega32a4u.o
__vector_51                                       /usr/local/Cellar/avr-gcc/9.3.0/lib/avr-gcc/9/gcc/avr/9.3.0/../../../../../../avr/lib/avrxmega2/crtatxmega32a4u.o
__vector_52                                       /usr/local/Cellar/avr-gcc/9.3.0/lib/avr-gcc/9/gcc/avr/9.3.0/../../../../../../avr/lib/avrxmega2/crtatxmega32a4u.o
__vector_53                                       /usr/local/Cellar/avr-gcc/9.3.0/lib/avr-gcc/9/gcc/avr/9.3.0/../../../../../../avr/lib/avrxmega2/crtatxmega32a4u.o
__vector_54                                       /usr/local/Cellar/avr-gcc/9.3.0/lib/avr-gcc/9/gcc/avr/9.3.0/../../../../../../avr/lib/avrxmega2/crtatxmega32a4u.o
__vector_55                                       /usr/local/Cellar/avr-gcc/9.3.0/lib/avr-gcc/9/gcc/avr/9.3.0/../../../../../../avr/lib/avrxmega2/crtatxmega32a4u.o
__vector_56                                       /usr/local/Cellar/avr-gcc/9.3.0/lib/avr-gcc/9/gcc/avr/9.3.0/../../../../../../avr/lib/avrxmega2/crtatxmega32a4u.o
__vector_57                                       /usr/local/Cellar/avr-gcc/9.3.0/lib/avr-gcc/9/gcc/avr/9.3.0/../../../../../../avr/lib/avrxmega2/crtatxmega32a4u.o
__vector_58                                       /usr/local/Cellar/avr-gcc/9.3.0/lib/avr-gcc/9/gcc/avr/9.3.0/../../../../../../avr/lib/avrxmega2/crtatxmega32a4u.o
__vector_59                                       /usr/local/Cellar/avr-gcc/9.3.0/lib/avr-gcc/9/gcc/avr/9.3.0/../../../../../../avr/lib/avrxmega2/crtatxmega32a4u.o